01-01 23:20:37.242  1487  1504 I ActivityManager: collectReceiverComponents for intent: Intent { act=cn.jpush.im.android.action.IM_RESPONSE cat=[com.uc56.ucexpressbao] flg=0x10 pkg=com.uc56.ucexpressbao (has extras) }, receivers: null

01-01 23:20:37.291  1487  3822 I ActivityManager: collectReceiverComponents for intent: Intent { act=cn.jpush.android.intent.CONNECTION cat=[com.uc56.ucexpressbao] flg=0x10 pkg=com.uc56.ucexpressbao (has extras) }, receivers: [ResolveInfo{43107f4 com.uc56.ucexpressbao/.jpush.PushMessageReceiver m=0x108000 euid=0}]

01-01 23:20:37.435 22081 22081 D ActivityThread: add activity client record, r= ActivityRecord{f05f927 token=android.os.BinderProxy@4b8bfe6 {com.uc56.ucexpressbao/com.uc56.ucexpressbao.activitys.NewLoginActivity}} token= android.os.BinderProxy@4b8bfe6

01-01 23:20:38.593 22081 22081 D ActivityThread: Remove activity client record, r= ActivityRecord{5f753c0 token=android.os.BinderProxy@6acf143 {com.uc56.ucexpressbao/com.uc56.ucexpressbao.activitys.SplashActivity}} token= android.os.BinderProxy@6acf143

01-01 23:20:38.872  1487  3048 I ActivityManager: collectReceiverComponents for intent: Intent { act=android.intent.action.SIG_STR flg=0x20000010 (has extras) }, receivers: null

01-01 23:20:39.790  1487  3806 I ActivityManager: Killing 20594:com.huawei.systemmanager/1000 (adj 15): empty #16

01-01 23:20:39.868  1487  3087 D WifiService: Client connection lost with reason: 4

01-01 23:20:39.869  1487  3415 D ActivityManager: cleanUpApplicationRecord -- 20594

01-01 23:20:39.869  1487  3415 I ActivityManager: cleanUpApplicationRecordLocked, reset pid: 20594, euid: 0

01-01 23:20:42.427  1487  1487 D WifiService: onReceive, action:android.intent.action.BATTERY_CHANGED

01-01 23:20:42.427  1487  1487 D WifiService: ACTION_BATTERY_CHANGED pluggedType: 2

01-01 23:20:50.607  1487  3942 I ActivityManager: collectReceiverComponents for intent: Intent { act=android.intent.action.SIG_STR flg=0x20000010 (has extras) }, receivers: null

01-01 23:20:56.612  1487  3937 I ActivityManager: collectReceiverComponents for intent: Intent { act=android.intent.action.SIG_STR flg=0x20000010 (has extras) }, receivers: null

01-01 23:20:58.882  1487  1505 I ActivityManager: collectReceiverComponents for intent: Intent { act=android.intent.action.SIG_STR flg=0x20000010 (has extras) }, receivers: null

01-01 23:21:18.901  1487  3958 I ActivityManager: collectReceiverComponents for intent: Intent { act=android.intent.action.SIG_STR flg=0x20000010 (has extras) }, receivers: null

01-01 23:21:35.335  1487  3491 I ActivityManager: collectReceiverComponents for intent: Intent { act=android.intent.action.SIG_STR flg=0x20000010 (has extras) }, receivers: null

01-01 23:21:38.916  1487  3942 I ActivityManager: collectReceiverComponents for intent: Intent { act=android.intent.action.SIG_STR flg=0x20000010 (has extras) }, receivers: null

01-01 23:21:41.336  1487  3822 I ActivityManager: collectReceiverComponents for intent: Intent { act=android.intent.action.SIG_STR flg=0x20000010 (has extras) }, receivers: null

01-01 23:21:42.420  1487  1487 D WifiService: onReceive, action:android.intent.action.BATTERY_CHANGED

01-01 23:21:42.420  1487  1487 D WifiService: ACTION_BATTERY_CHANGED pluggedType: 2

01-01 23:21:42.765  1487  3076 D NetdConnector: RCV <- {613 IfaceClass idle 1 37666630245214}

01-01 23:21:42.765  1487  3076 D NetdConnector: RCV <- {613 IfaceClass idle 1 37666630245214}

01-01 23:21:42.767  1487  1533 D NetdConnector: RCV unsolicited event from native daemon, event = 613 IfaceClass idle 1 37666630245214

01-01 23:21:42.767  1487  1533 D NetworkManagement: notifyInterfaceClassActivity: client is com.android.server.connectivity.Tethering@4642f59

01-01 23:21:42.768  1487  1533 D NetworkManagement: notifyInterfaceClassActivity: client is com.android.server.net.NetlinkTracker@5c27dfa

01-01 23:21:42.768  1487  1533 D NetworkManagement: notifyInterfaceClassActivity: client is com.android.server.connectivity.Vpn$3@85a4b3a

01-01 23:21:42.768  1487  1533 D NetworkManagement: notifyInterfaceClassActivity: client is com.android.server.net.NetworkPolicyManagerService$14@a6ebbdc

01-01 23:21:42.768  1487  1533 D NetworkManagement: notifyInterfaceClassActivity: client is android.net.INetworkManagementEventObserver$Stub$Proxy@97e9214

01-01 23:21:42.768  1487  1533 D NetworkManagement: notifyInterfaceClassActivity: client is com.android.server.net.NetworkStatsService$7@cbd1e50

01-01 23:21:42.768  1487  1533 D NetworkManagement: notifyInterfaceClassActivity: client is com.android.server.ConnectivityService$2@ceb771e

01-01 23:21:42.769  1487  1533 I ActivityManager: collectReceiverComponents for intent: Intent { act=android.net.conn.DATA_ACTIVITY_CHANGE flg=0x10 (has extras) }, receivers: null

01-01 23:21:47.099  1487  3955 I ActivityManager: collectReceiverComponents for intent: Intent { act=android.intent.action.SIG_STR flg=0x20000010 (has extras) }, receivers: null

01-01 23:21:47.424  1487  3822 I ActivityManager: Force stopping com.uc56.ucexpressbao appid=10414 user=0: from pid 22206by app

01-01 23:21:47.425  1487  3822 I ActivityManager: Killing 22124:com.uc56.ucexpressbao:mult/u0a414 (adj 1): stop com.uc56.ucexpressbaofrom pid 22206by app

01-01 23:21:47.426  1487  3822 D ActivityManager: cleanUpApplicationRecord -- 22124

01-01 23:21:47.427  1487  3822 W ActivityManager: Scheduling restart of crashed service com.uc56.ucexpressbao/cn.jpush.android.service.PushService in 1000ms

01-01 23:21:47.427  1487  3822 I ActivityManager: cleanUpApplicationRecordLocked, reset pid: 22124, euid: 0

01-01 23:21:47.446  1487  3087 D WifiService: Client connection lost with reason: 4

01-01 23:21:47.446  1487  3076 D NetdConnector: RCV <- {613 IfaceClass active 1 37671311284118 10414}

01-01 23:21:47.447  1487  3076 D NetdConnector: RCV <- {613 IfaceClass active 1 37671311284118 10414}

01-01 23:21:47.447  1487  1533 D NetdConnector: RCV unsolicited event from native daemon, event = 613 IfaceClass active 1 37671311284118 10414

01-01 23:21:47.448  1487  3822 I ActivityManager: Killing 22081:com.uc56.ucexpressbao/u0a414 (adj 0): stop com.uc56.ucexpressbaofrom pid 22206by app

01-01 23:21:47.448  1487  1533 D NetworkManagement: notifyInterfaceClassActivity: client is com.android.server.connectivity.Tethering@4642f59

01-01 23:21:47.448  1487  1533 D NetworkManagement: notifyInterfaceClassActivity: client is com.android.server.net.NetlinkTracker@5c27dfa

01-01 23:21:47.448  1487  1533 D NetworkManagement: notifyInterfaceClassActivity: client is com.android.server.connectivity.Vpn$3@85a4b3a

01-01 23:21:47.448  1487  1533 D NetworkManagement: notifyInterfaceClassActivity: client is com.android.server.net.NetworkPolicyManagerService$14@a6ebbdc

01-01 23:21:47.448  1487  1533 D NetworkManagement: notifyInterfaceClassActivity: client is android.net.INetworkManagementEventObserver$Stub$Proxy@97e9214

01-01 23:21:47.449  1487  3822 D ActivityManager: cleanUpApplicationRecord -- 22081

01-01 23:21:47.450  1487  1533 D NetworkManagement: notifyInterfaceClassActivity: client is com.android.server.net.NetworkStatsService$7@cbd1e50

01-01 23:21:47.450  1487  3822 I ActivityManager: cleanUpApplicationRecordLocked, reset pid: 22081, euid: 0

01-01 23:21:47.450  1487  1533 D NetworkManagement: notifyInterfaceClassActivity: client is com.android.server.ConnectivityService$2@ceb771e

01-01 23:21:47.450  1487  3822 W ActivityManager: Force removing ActivityRecord{7da11e1 u0 com.uc56.ucexpressbao/.activitys.NewLoginActivity t4820}: app died, no saved state

01-01 23:21:47.471  1487  3822 V HwWindowManagerService: moveTaskToTop mTaskChanged:true

01-01 23:21:47.474  1487  3822 V HwWindowManagerService: setFocusedApp update app ops, mTaskChanged set to:false

01-01 23:21:47.478  1487  3039 I HwWindowManagerService: this win:Window{f9d4461 u0 com.huawei.android.FloatTasks} hase children size:0

01-01 23:21:47.494  1487  3087 D WifiService: Client connection lost with reason: 4

01-01 23:21:47.495  1487  3822 I ActivityManager:   Force stopping service ServiceRecord{4d18d39 u0 euid: 0 com.uc56.ucexpressbao/cn.jpush.android.service.PushService}

01-01 23:21:47.495  1487  3822 D HwBroadcastQueue: cleanupDisabledPackageReceiversLocked for userId 0

01-01 23:21:47.495  1487  3822 D HwBroadcastQueue: cleanupDisabledPackageReceiversLocked for userId 0

01-01 23:21:47.495  1487  3822 D HwBroadcastQueue: cleanupDisabledPackageReceiversLocked for userId 0

01-01 23:21:47.495  1487  3822 D HwBroadcastQueue: cleanupDisabledPackageReceiversLocked for userId 0

01-01 23:21:47.498  1487  3822 I ActivityManager: collectReceiverComponents for intent: Intent { act=android.intent.action.PACKAGE_RESTARTED dat=package:com.uc56.ucexpressbao flg=0x10 (has extras) }, receivers: null

01-01 23:21:47.512  1487  1487 I HwCoreAppHelperService: LocalReceiver receives:android.intent.action.PACKAGE_RESTARTED

01-01 23:21:47.513  1487  1533 I ActivityManager: collectReceiverComponents for intent: Intent { act=android.net.conn.DATA_ACTIVITY_CHANGE flg=0x10 (has extras) }, receivers: null

01-01 23:21:47.550  1487  3806 V HwPhoneWindowManager: updateSystemUiColorLw window=Window{24a420d u0 com.huawei.android.launcher/com.huawei.android.launcher.Launcher},EmuiStyle=-1,StatusBarColor=0xfff0f0f0,NavigationBarColor=0x0

01-01 23:21:47.550  3183  3195 D CommandQueue: CommandQueue, onTransaction

01-01 23:21:47.550  3183  3195 D CommandQueue: CommandQueue, setBarBackgroundColor

01-01 23:21:47.551  1487  3415 I ActivityManager: collectReceiverComponents for intent: Intent { act=com.huawei.android.action.launcher_weather_icon_change flg=0x10 (has extras) }, receivers: null

01-01 23:21:47.600  1487  3048 I ActivityManager: collectReceiverComponents for intent: Intent { act=com.huawei.android.action.WIDGET_FOCUS_CHANGE flg=0x10 (has extras) }, receivers: null

01-01 23:21:47.609  1487  3198 I ActivityManager: collectReceiverComponents for intent: Intent { act=com.huawei.android.action.ACTION_UPDATE_TIME_CHECK flg=0x10 pkg=com.huawei.android.totemweather (has extras) }, receivers: [ResolveInfo{bb9c89a com.huawei.android.totemweather/.utils.CenterReceiver m=0x108000 euid=0}]

01-01 23:21:47.615  1487  3806 I ActivityManager: retrieveServiceLocked, callerApp: ProcessRecord{4d077ba 21873:com.huawei.android.totemweather/u0a27}, flags: 400

01-01 23:21:47.615  1487  3806 I ActivityManager: bindServiceLocked, r: ServiceRecord{b3001a8 u0 euid: 0 com.huawei.android.totemweather/.WeatherService}, euid: 0

01-01 23:21:47.619  1487  3955 W InputMethodManagerService: Got RemoteException sending setActive(false) notification to pid 22081 uid 10414

01-01 23:21:47.624  1487  3948 I ActivityManager: collectReceiverComponents for intent: Intent { act=com.baidu.input.entry.launcer flg=0x10 (has extras) }, receivers: null

01-01 23:21:47.665  1487  3412 I ActivityManager: collectReceiverComponents for intent: Intent { act=com.huawei.android.action.WEATHER_CHANGE flg=0x10 (has extras) }, receivers: [ResolveInfo{f579054 com.huawei.android.totemweather/.wear.ChangeWeatherReceiver m=0x108000 euid=0}]

01-01 23:21:47.682  1487  3937 D HwLocalLocationProvider: HwLocalLocationManager requestLocation

01-01 23:21:47.683  1487  8883 D HwLocalLocationProvider: start query Loc Form DB 

01-01 23:21:47.683  1487  8883 I HwLocalLocationProvider: query loc Form Cell Table,cellid == 44388

01-01 23:21:47.683  1487  3937 I ActivityManager: collectReceiverComponents for intent: Intent { act=android.location.LOCATION_REQUEST_CHANGE_ACTION flg=0x10 (has extras) }, receivers: null

01-01 23:21:47.687  1487  8883 D HwLocalLocationProvider: queryLocFormCellIdTable success

01-01 23:21:47.687  1487  8883 I HwLocalLocationProvider: query Loc Form cellid , locCellID = Location[local_database 31******,121****** acc=299 et=+10h27m51s552ms {Bundle[{key_loc_tableID=cellID, key_loc_source=fused}]}]

01-01 23:21:47.690  1487  8883 W HwLocalLocationProvider: query Loc Form bssid , locBssID = null.  return locCellID

01-01 23:21:47.690  1487  1487 D HwLocalLocationProvider: has query Loc Form DB and send msg to Hander

01-01 23:21:47.691  1487  3855 W ContextImpl: Calling a method in the system process without a qualified user: android.app.ContextImpl.sendBroadcast:872 com.android.server.location.HwLocalLocationManager$LocalLocationHandler.handleMessage:964 android.os.Handler.dispatchMessage:102 android.os.Looper.loop:150 android.os.HandlerThread.run:61 

01-01 23:21:47.691  1487  3855 I ActivityManager: collectReceiverComponents for intent: Intent { act=action_inject_location flg=0x10 (has extras) }, receivers: null

01-01 23:21:47.691  1487  3855 D HwLocalLocationProvider: sendBroadcast ACTION_INJECT_LOCATION

01-01 23:21:47.721  1487  3491 I ActivityManager: collectReceiverComponents for intent: Intent { act=android.location.LOCATION_REQUEST_CHANGE_ACTION flg=0x10 (has extras) }, receivers: null

01-01 23:21:48.070  1487  3948 I ActivityManager: collectReceiverComponents for intent: Intent { act=com.huawei.android.action.WEATHER_CHANGE flg=0x10 (has extras) }, receivers: [ResolveInfo{4870a3e com.huawei.android.totemweather/.wear.ChangeWeatherReceiver m=0x108000 euid=0}]

01-01 23:21:48.074  1487  3941 I ActivityManager: retrieveServiceLocked, callerApp: ProcessRecord{4d077ba 21873:com.huawei.android.totemweather/u0a27}, flags: 400

01-01 23:21:48.074  1487  3941 I ActivityManager: bindServiceLocked, r: ServiceRecord{2a495ec u0 euid: 0 com.huawei.android.totemweather/.WeatherService}, euid: 0

01-01 23:21:48.496  1487  3040 I ActivityManager: resolve info: ResolveInfo{649edb5 com.huawei.android.launcher/.Launcher m=0x108000 euid=0}, euid: 0

01-01 23:21:48.498  1487  3040 I ActivityManager: ActivityRecord info: ActivityInfo{2e58c4a com.huawei.android.launcher.Launcher}, euid=0

01-01 23:21:48.500  1487  3040 V HwWindowManagerService: moveTaskToTop mTaskChanged:true

01-01 23:21:48.535  1487  3491 D HwInputMethodManagerService: ------------startInput--------------

01-01 23:21:48.537  1487  3491 D HwInputMethodManagerService: hideSecSoftInput = false

01-01 23:21:48.746  1487  1504 W WindowManager: Attempted to remove non-existing token: android.os.Binder@eaa6fa3

01-01 23:21:49.743  1487  3822 I ActivityManager: Force stopping io.appium.unlock appid=10288 user=0: from pid 22240by app

01-01 23:21:49.745  1487  3822 D HwBroadcastQueue: cleanupDisabledPackageReceiversLocked for userId 0

01-01 23:21:49.745  1487  3822 D HwBroadcastQueue: cleanupDisabledPackageReceiversLocked for userId 0

01-01 23:21:49.745  1487  3822 D HwBroadcastQueue: cleanupDisabledPackageReceiversLocked for userId 0

01-01 23:21:49.745  1487  3822 D HwBroadcastQueue: cleanupDisabledPackageReceiversLocked for userId 0

01-01 23:21:49.745  1487  3822 I ActivityManager: collectReceiverComponents for intent: Intent { act=android.intent.action.PACKAGE_RESTARTED dat=package:io.appium.unlock flg=0x10 (has extras) }, receivers: null

01-01 23:21:49.748  1487  1487 I HwCoreAppHelperService: LocalReceiver receives:android.intent.action.PACKAGE_RESTARTED

01-01 23:21:53.100  1487  3958 I ActivityManager: collectReceiverComponents for intent: Intent { act=android.intent.action.SIG_STR flg=0x20000010 (has extras) }, receivers: null

01-01 23:21:55.467  1487  3412 I HwActivityManagerService: PackageName for pid 18899 is com.ss.android.article.news

01-01 23:21:58.932  1487  3415 I ActivityManager: collectReceiverComponents for intent: Intent { act=android.intent.action.SIG_STR flg=0x20000010 (has extras) }, receivers: null

01-01 23:22:03.120  1487  3415 I ActivityManager: retrieveServiceLocked, callerApp: ProcessRecord{4d077ba 21873:com.huawei.android.totemweather/u0a27}, flags: 400

01-01 23:22:03.120  1487  3415 I ActivityManager: bindServiceLocked, r: ServiceRecord{c7ebf8f u0 euid: 0 com.huawei.android.totemweather/.WeatherService}, euid: 0

01-01 23:22:03.142  1487  3958 D HwLocalLocationProvider: HwLocalLocationManager requestLocation

01-01 23:22:03.143  1487  5081 D HwLocalLocationProvider: start query Loc Form DB 

01-01 23:22:03.143  1487  3958 I ActivityManager: collectReceiverComponents for intent: Intent { act=android.location.LOCATION_REQUEST_CHANGE_ACTION flg=0x10 (has extras) }, receivers: null

01-01 23:22:03.144  1487  5081 I HwLocalLocationProvider: query loc Form Cell Table,cellid == 44388

01-01 23:22:03.147  1487  5081 D HwLocalLocationProvider: queryLocFormCellIdTable success

01-01 23:22:03.147  1487  5081 I HwLocalLocationProvider: query Loc Form cellid , locCellID = Location[local_database 31******,121****** acc=299 et=+10h28m7s12ms {Bundle[{key_loc_tableID=cellID, key_loc_source=fused}]}]

01-01 23:22:03.150  1487  5081 W HwLocalLocationProvider: query Loc Form bssid , locBssID = null.  return locCellID

01-01 23:22:03.151  1487  1487 D HwLocalLocationProvider: has query Loc Form DB and send msg to Hander

01-01 23:22:03.152  1487  3855 W ContextImpl: Calling a method in the system process without a qualified user: android.app.ContextImpl.sendBroadcast:872 com.android.server.location.HwLocalLocationManager$LocalLocationHandler.handleMessage:964 android.os.Handler.dispatchMessage:102 android.os.Looper.loop:150 android.os.HandlerThread.run:61 

01-01 23:22:03.152  1487  3855 I ActivityManager: collectReceiverComponents for intent: Intent { act=action_inject_location flg=0x10 (has extras) }, receivers: null

01-01 23:22:03.152  1487  3855 D HwLocalLocationProvider: sendBroadcast ACTION_INJECT_LOCATION

01-01 23:22:03.157  1487  3948 I ActivityManager: collectReceiverComponents for intent: Intent { act=com.huawei.android.action.WEATHER_CHANGE flg=0x10 (has extras) }, receivers: [ResolveInfo{a219bfa com.huawei.android.totemweather/.wear.ChangeWeatherReceiver m=0x108000 euid=0}]

01-01 23:22:03.186  1487  3955 I ActivityManager: collectReceiverComponents for intent: Intent { act=android.location.LOCATION_REQUEST_CHANGE_ACTION flg=0x10 (has extras) }, receivers: null

01-01 23:22:05.042  1487  3948 I ActivityManager: collectReceiverComponents for intent: Intent { act=com.huawei.android.action.WEATHER_CHANGE flg=0x10 (has extras) }, receivers: [ResolveInfo{bad7408 com.huawei.android.totemweather/.wear.ChangeWeatherReceiver m=0x108000 euid=0}]

01-01 23:22:05.046  1487  3048 I ActivityManager: retrieveServiceLocked, callerApp: ProcessRecord{4d077ba 21873:com.huawei.android.totemweather/u0a27}, flags: 400

01-01 23:22:05.046  1487  3048 I ActivityManager: bindServiceLocked, r: ServiceRecord{2dd7dc6 u0 euid: 0 com.huawei.android.totemweather/.WeatherService}, euid: 0

01-01 23:22:07.513  1487  3035 I ActivityManager: collectReceiverComponents for intent: Intent { act=com.huawei.intent.action.PUSH flg=0x14 pkg=android (has extras) }, receivers: null

01-01 23:22:07.569  1487  3806 I HwMtmBroadcastResourceManager: removeReceiver mtm Broadcast

01-01 23:22:07.572  1487  3937 I HwActivityManagerService: PackageName for pid 7236 is android

01-01 23:22:07.666  1487  3415 I HwActivityManagerService: PackageName for pid 7236 is android

01-01 23:22:07.675  1487  3189 I HwActivityManagerService: PackageName for pid 7236 is android

01-01 23:22:15.349  1487  3942 I ActivityManager: collectReceiverComponents for intent: Intent { act=android.intent.action.SIG_STR flg=0x20000010 (has extras) }, receivers: null

01-01 23:22:18.943  1487  3822 I ActivityManager: collectReceiverComponents for intent: Intent { act=android.intent.action.SIG_STR flg=0x20000010 (has extras) }, receivers: null

01-01 23:22:21.350  1487  3189 I ActivityManager: collectReceiverComponents for intent: Intent { act=android.intent.action.SIG_STR flg=0x20000010 (has extras) }, receivers: null

01-01 23:22:35.085  1487  3958 I ActivityManager: retrieveServiceLocked, callerApp: ProcessRecord{4d077ba 21873:com.huawei.android.totemweather/u0a27}, flags: 400

01-01 23:22:35.085  1487  3958 I ActivityManager: bindServiceLocked, r: ServiceRecord{c54aa7f u0 euid: 0 com.huawei.android.totemweather/.WeatherService}, euid: 0

01-01 23:22:35.108  1487  3198 D HwLocalLocationProvider: HwLocalLocationManager requestLocation

01-01 23:22:35.109  1487  5632 D HwLocalLocationProvider: start query Loc Form DB 

01-01 23:22:35.109  1487  5632 I HwLocalLocationProvider: query loc Form Cell Table,cellid == 44388

01-01 23:22:35.109  1487  3198 I ActivityManager: collectReceiverComponents for intent: Intent { act=android.location.LOCATION_REQUEST_CHANGE_ACTION flg=0x10 (has extras) }, receivers: null

01-01 23:22:35.113  1487  5632 D HwLocalLocationProvider: queryLocFormCellIdTable success

01-01 23:22:35.113  1487  5632 I HwLocalLocationProvider: query Loc Form cellid , locCellID = Location[local_database 31******,121****** acc=299 et=+10h28m38s979ms {Bundle[{key_loc_tableID=cellID, key_loc_source=fused}]}]

01-01 23:22:35.114  1487  3806 I ActivityManager: collectReceiverComponents for intent: Intent { act=com.huawei.android.action.WEATHER_CHANGE flg=0x10 (has extras) }, receivers: [ResolveInfo{c18f7aa com.huawei.android.totemweather/.wear.ChangeWeatherReceiver m=0x108000 euid=0}]

01-01 23:22:35.120  1487  5632 W HwLocalLocationProvider: query Loc Form bssid , locBssID = null.  return locCellID

01-01 23:22:35.121  1487  1487 D HwLocalLocationProvider: has query Loc Form DB and send msg to Hander

01-01 23:22:35.122  1487  3855 W ContextImpl: Calling a method in the system process without a qualified user: android.app.ContextImpl.sendBroadcast:872 com.android.server.location.HwLocalLocationManager$LocalLocationHandler.handleMessage:964 android.os.Handler.dispatchMessage:102 android.os.Looper.loop:150 android.os.HandlerThread.run:61 

01-01 23:22:35.125  1487  3855 I ActivityManager: collectReceiverComponents for intent: Intent { act=action_inject_location flg=0x10 (has extras) }, receivers: null

01-01 23:22:35.125  1487  3855 D HwLocalLocationProvider: sendBroadcast ACTION_INJECT_LOCATION

01-01 23:22:35.150  1487  3955 I ActivityManager: collectReceiverComponents for intent: Intent { act=android.location.LOCATION_REQUEST_CHANGE_ACTION flg=0x10 (has extras) }, receivers: null

01-01 23:22:36.752  1487  3822 I ActivityManager: collectReceiverComponents for intent: Intent { act=com.huawei.android.action.WEATHER_CHANGE flg=0x10 (has extras) }, receivers: [ResolveInfo{ca9ef38 com.huawei.android.totemweather/.wear.ChangeWeatherReceiver m=0x108000 euid=0}]

01-01 23:22:36.756  1487  3937 I ActivityManager: retrieveServiceLocked, callerApp: ProcessRecord{4d077ba 21873:com.huawei.android.totemweather/u0a27}, flags: 400

01-01 23:22:36.756  1487  3937 I ActivityManager: bindServiceLocked, r: ServiceRecord{e6e476 u0 euid: 0 com.huawei.android.totemweather/.WeatherService}, euid: 0

01-01 23:22:38.954  1487  1505 I ActivityManager: collectReceiverComponents for intent: Intent { act=android.intent.action.SIG_STR flg=0x20000010 (has extras) }, receivers: null

01-01 23:22:42.591  1487  3855 D HwLocalLocationProvider: this loc is Better than Last Location

01-01 23:22:42.596  1487  4838 D HwLocalLocationProvider: cellid 44388 is Exist, update  cellinfo to DB

01-01 23:22:42.596  1487  4838 D HwLocalLocationProvider: update loc to cell database

01-01 23:22:42.620  1487  4838 D HwLocalLocationProvider: update loc to bssid database

01-01 23:22:58.982  1487  3189 I ActivityManager: collectReceiverComponents for intent: Intent { act=android.intent.action.SIG_STR flg=0x20000010 (has extras) }, receivers: null

01-01 23:23:04.776  1487  3948 I ActivityManager: collectReceiverComponents for intent: Intent { act=android.intent.action.SIG_STR flg=0x20000010 (has extras) }, receivers: null

01-01 23:23:10.783  1487  3198 I ActivityManager: collectReceiverComponents for intent: Intent { act=android.intent.action.SIG_STR flg=0x20000010 (has extras) }, receivers: null

01-01 23:23:18.997  1487  3189 I ActivityManager: collectReceiverComponents for intent: Intent { act=android.intent.action.SIG_STR flg=0x20000010 (has extras) }, receivers: null

01-01 23:23:30.671  1487  3942 I ActivityManager: collectReceiverComponents for intent: Intent { act=android.intent.action.SIG_STR flg=0x20000010 (has extras) }, receivers: null

01-01 23:23:36.824  1487  3048 I ActivityManager: retrieveServiceLocked, callerApp: ProcessRecord{4d077ba 21873:com.huawei.android.totemweather/u0a27}, flags: 400

01-01 23:23:36.824  1487  3048 I ActivityManager: bindServiceLocked, r: ServiceRecord{7a8574d u0 euid: 0 com.huawei.android.totemweather/.WeatherService}, euid: 0

01-01 23:23:36.847  1487  3412 D HwLocalLocationProvider: HwLocalLocationManager requestLocation

01-01 23:23:36.848  1487  3412 I ActivityManager: collectReceiverComponents for intent: Intent { act=android.location.LOCATION_REQUEST_CHANGE_ACTION flg=0x10 (has extras) }, receivers: null

01-01 23:23:36.848  1487  8887 D HwLocalLocationProvider: start query Loc Form DB 

01-01 23:23:36.848  1487  8887 I HwLocalLocationProvider: query loc Form Cell Table,cellid == 44388

01-01 23:23:36.851  1487  3822 I ActivityManager: collectReceiverComponents for intent: Intent { act=com.huawei.android.action.WEATHER_CHANGE flg=0x10 (has extras) }, receivers: [ResolveInfo{1bf6d50 com.huawei.android.totemweather/.wear.ChangeWeatherReceiver m=0x108000 euid=0}]

01-01 23:23:36.852  1487  8887 D HwLocalLocationProvider: queryLocFormCellIdTable success

01-01 23:23:36.853  1487  8887 I HwLocalLocationProvider: query Loc Form cellid , locCellID = Location[local_database 31******,121****** acc=457 et=+10h29m40s718ms {Bundle[{key_loc_tableID=cellID, key_loc_source=fused}]}]

01-01 23:23:36.855  1487  8887 W HwLocalLocationProvider: query Loc Form bssid , locBssID = null.  return locCellID

01-01 23:23:36.855  1487  1487 D HwLocalLocationProvider: has query Loc Form DB and send msg to Hander

01-01 23:23:36.856  1487  3855 W ContextImpl: Calling a method in the system process without a qualified user: android.app.ContextImpl.sendBroadcast:872 com.android.server.location.HwLocalLocationManager$LocalLocationHandler.handleMessage:964 android.os.Handler.dispatchMessage:102 android.os.Looper.loop:150 android.os.HandlerThread.run:61 

01-01 23:23:36.856  1487  3855 I ActivityManager: collectReceiverComponents for intent: Intent { act=action_inject_location flg=0x10 (has extras) }, receivers: null

01-01 23:23:36.856  1487  3855 D HwLocalLocationProvider: sendBroadcast ACTION_INJECT_LOCATION

01-01 23:23:36.893  1487  1504 I ActivityManager: collectReceiverComponents for intent: Intent { act=android.location.LOCATION_REQUEST_CHANGE_ACTION flg=0x10 (has extras) }, receivers: null

01-01 23:23:39.007  1487  3491 I ActivityManager: collectReceiverComponents for intent: Intent { act=android.intent.action.SIG_STR flg=0x20000010 (has extras) }, receivers: null

01-01 23:23:39.344  1487  3958 I ActivityManager: collectReceiverComponents for intent: Intent { act=com.huawei.android.action.WEATHER_CHANGE flg=0x10 (has extras) }, receivers: [ResolveInfo{fc20c4e com.huawei.android.totemweather/.wear.ChangeWeatherReceiver m=0x108000 euid=0}]

01-01 23:23:39.349  1487  3048 I ActivityManager: retrieveServiceLocked, callerApp: ProcessRecord{4d077ba 21873:com.huawei.android.totemweather/u0a27}, flags: 400

01-01 23:23:39.349  1487  3048 I ActivityManager: bindServiceLocked, r: ServiceRecord{b360e7c u0 euid: 0 com.huawei.android.totemweather/.WeatherService}, euid: 0

01-01 23:23:42.426  1487  1487 D WifiService: onReceive, action:android.intent.action.BATTERY_CHANGED

01-01 23:23:42.426  1487  1487 D WifiService: ACTION_BATTERY_CHANGED pluggedType: 2

01-01 23:23:42.591  1487  3855 D HwLocalLocationProvider: this loc is Better than Last Location

01-01 23:23:42.595  1487  5951 D HwLocalLocationProvider: cellid 44388 is Exist, update  cellinfo to DB

01-01 23:23:42.595  1487  5951 D HwLocalLocationProvider: update loc to cell database

01-01 23:23:42.613  1487  5951 D HwLocalLocationProvider: update loc to bssid database

01-01 23:23:44.795  1487  3822 I ActivityManager: collectReceiverComponents for intent: Intent { act=android.intent.action.SIG_STR flg=0x20000010 (has extras) }, receivers: null

01-01 23:23:50.801  1487  1505 I ActivityManager: collectReceiverComponents for intent: Intent { act=android.intent.action.SIG_STR flg=0x20000010 (has extras) }, receivers: null

01-01 23:23:54.210  1487  3958 I ActivityManager: collectReceiverComponents for intent: Intent { act=android.intent.action.SIG_STR flg=0x20000010 (has extras) }, receivers: null

01-01 23:23:59.019  1487  3955 I ActivityManager: collectReceiverComponents for intent: Intent { act=android.intent.action.SIG_STR flg=0x20000010 (has extras) }, receivers: null

01-01 23:24:01.271  1487  3412 I ActivityManager: collectReceiverComponents for intent: Intent { act=android.intent.action.SIG_STR flg=0x20000010 (has extras) }, receivers: null

01-01 23:24:07.274  1487  3048 I ActivityManager: collectReceiverComponents for intent: Intent { act=android.intent.action.SIG_STR flg=0x20000010 (has extras) }, receivers: null

01-01 23:24:10.687  1487  3189 I ActivityManager: collectReceiverComponents for intent: Intent { act=android.intent.action.SIG_STR flg=0x20000010 (has extras) }, receivers: null

01-01 23:24:19.035  1487  3948 I ActivityManager: collectReceiverComponents for intent: Intent { act=android.intent.action.SIG_STR flg=0x20000010 (has extras) }, receivers: null

01-01 23:24:22.457  1487  1504 I ActivityManager: collectReceiverComponents for intent: Intent { act=android.intent.action.SIG_STR flg=0x20000010 (has extras) }, receivers: null

01-01 23:24:28.459  1487  1505 I ActivityManager: collectReceiverComponents for intent: Intent { act=android.intent.action.SIG_STR flg=0x20000010 (has extras) }, receivers: null

01-01 23:24:39.047  1487  3048 I ActivityManager: collectReceiverComponents for intent: Intent { act=android.intent.action.SIG_STR flg=0x20000010 (has extras) }, receivers: null

01-01 23:24:42.425  1487  1487 D WifiService: onReceive, action:android.intent.action.BATTERY_CHANGED

01-01 23:24:42.425  1487  1487 D WifiService: ACTION_BATTERY_CHANGED pluggedType: 2

01-01 23:24:56.177  1487  3035 I ActivityManager: collectReceiverComponents for intent: Intent { flg=0x14 cmp=com.ss.android.article.news/cn.jpush.android.service.AlarmReceiver (has extras) }, receivers: [ResolveInfo{5139668 com.ss.android.article.news/cn.jpush.android.service.AlarmReceiver m=0x0 euid=0}]

01-01 23:24:56.184  1487  3958 I HwActivityManagerService: PackageName for pid 19042 is com.ss.android.article.news

01-01 23:24:59.071  1487  1504 I ActivityManager: collectReceiverComponents for intent: Intent { act=android.intent.action.SIG_STR flg=0x20000010 (has extras) }, receivers: null

01-01 23:25:00.117  1487  1504 I ActivityManager: collectReceiverComponents for intent: Intent { act=android.intent.action.SIG_STR flg=0x20000010 (has extras) }, receivers: null

01-01 23:25:00.324  1487  3035 I ActivityManager: collectReceiverComponents for intent: Intent { act=com.android.server.action.NETWORK_STATS_POLL flg=0x14 (has extras) }, receivers: null

01-01 23:25:00.325  1487  3035 I ActivityManager: collectReceiverComponents for intent: Intent { act=action.pfw.wakeup.timer flg=0x14 pkg=android (has extras) }, receivers: null

01-01 23:25:00.325  1487  3035 I ActivityManager: collectReceiverComponents for intent: Intent { act=com.huawei.hwsystemmanager.power.SCHEDULE_RECORD_POWER_CONSUME flg=0x14 cmp=com.huawei.systemmanager/.power.receiver.ScheduleRecordPowerConsumeReceiver (has extras) }, receivers: [ResolveInfo{4f024fe com.huawei.systemmanager/.power.receiver.ScheduleRecordPowerConsumeReceiver m=0x0 euid=0}]

01-01 23:25:00.328  1487  3077 D NetdConnector: SND -> {300 bandwidth gettetherstats}

01-01 23:25:00.329  1487  3076 D NetdConnector: RCV <- {200 300 Tethering stats list completed}

01-01 23:25:00.330  1487  3076 D NetdConnector: RCV <- {200 300 Tethering stats list completed}

01-01 23:25:00.332  1487  3077 W NetworkStatsFactory: mStatsXtProcUid: /proc/net/comm/stats does not exist!

01-01 23:25:00.332  1487  3077 D NetworkStats: mActiveIface: null

01-01 23:25:00.334  1487  3078 V NetworkPolicy: updateNetworkEnabledLocked()

01-01 23:25:00.334  1487  3078 V NetworkPolicy: updateNotificationsLocked()

01-01 23:25:00.334  1487  3077 D NetdConnector: SND -> {301 bandwidth setglobalalert 2097152}

01-01 23:25:00.336  1487  3076 D NetdConnector: RCV <- {200 301 Bandwidth command succeeeded}

01-01 23:25:00.337  1487  3076 D NetdConnector: RCV <- {200 301 Bandwidth command succeeeded}

01-01 23:25:00.338  1487  1487 I HwActivityManagerService: PackageName for pid 1487 is android

01-01 23:25:00.343  1487  3937 I ActivityManager: retrieveServiceLocked, callerApp: ProcessRecord{42d83d6 3299:com.huawei.systemmanager:service/1000}, flags: 400

01-01 23:25:00.343  1487  3937 I ActivityManager: bindServiceLocked, r: ServiceRecord{ffed775 u0 euid: 0 com.huawei.systemmanager/.util.content.HsmIntentService_bg}, euid: 0

01-01 23:25:06.121  1487  3491 I ActivityManager: collectReceiverComponents for intent: Intent { act=android.intent.action.SIG_STR flg=0x20000010 (has extras) }, receivers: null

01-01 23:25:09.533  1487  3948 I ActivityManager: collectReceiverComponents for intent: Intent { act=android.intent.action.SIG_STR flg=0x20000010 (has extras) }, receivers: null

01-01 23:25:19.088  1487  3491 I ActivityManager: collectReceiverComponents for intent: Intent { act=android.intent.action.SIG_STR flg=0x20000010 (has extras) }, receivers: null

01-01 23:25:23.656  1487  1505 I ActivityManager: collectReceiverComponents for intent: Intent { act=android.intent.action.SIG_STR flg=0x20000010 (has extras) }, receivers: null

01-01 23:25:29.662  1487  3412 I ActivityManager: collectReceiverComponents for intent: Intent { act=android.intent.action.SIG_STR flg=0x20000010 (has extras) }, receivers: null

01-01 23:25:35.668  1487  3948 I ActivityManager: collectReceiverComponents for intent: Intent { act=android.intent.action.SIG_STR flg=0x20000010 (has extras) }, receivers: null

01-01 23:25:39.099  1487  3937 I ActivityManager: collectReceiverComponents for intent: Intent { act=android.intent.action.SIG_STR flg=0x20000010 (has extras) }, receivers: null

01-01 23:25:39.456  1487  3491 I ActivityManager: retrieveServiceLocked, callerApp: ProcessRecord{4d077ba 21873:com.huawei.android.totemweather/u0a27}, flags: 400

01-01 23:25:39.456  1487  3491 I ActivityManager: bindServiceLocked, r: ServiceRecord{ea5930a u0 euid: 0 com.huawei.android.totemweather/.WeatherService}, euid: 0

01-01 23:25:39.480  1487  1504 D HwLocalLocationProvider: HwLocalLocationManager requestLocation

01-01 23:25:39.480  1487  4839 D HwLocalLocationProvider: start query Loc Form DB 

01-01 23:25:39.480  1487  4839 I HwLocalLocationProvider: query loc Form Cell Table,cellid == 44388

01-01 23:25:39.481  1487  1504 I ActivityManager: collectReceiverComponents for intent: Intent { act=android.location.LOCATION_REQUEST_CHANGE_ACTION flg=0x10 (has extras) }, receivers: null

01-01 23:25:39.483  1487  4839 D HwLocalLocationProvider: queryLocFormCellIdTable success

01-01 23:25:39.483  1487  4839 I HwLocalLocationProvider: query Loc Form cellid , locCellID = Location[local_database 31******,121****** acc=419 et=+10h31m43s348ms {Bundle[{key_loc_tableID=cellID, key_loc_source=fused}]}]

01-01 23:25:39.485  1487  4839 W HwLocalLocationProvider: query Loc Form bssid , locBssID = null.  return locCellID

01-01 23:25:39.485  1487  1487 D HwLocalLocationProvider: has query Loc Form DB and send msg to Hander

01-01 23:25:39.486  1487  3855 W ContextImpl: Calling a method in the system process without a qualified user: android.app.ContextImpl.sendBroadcast:872 com.android.server.location.HwLocalLocationManager$LocalLocationHandler.handleMessage:964 android.os.Handler.dispatchMessage:102 android.os.Looper.loop:150 android.os.HandlerThread.run:61 

01-01 23:25:39.486  1487  3855 I ActivityManager: collectReceiverComponents for intent: Intent { act=action_inject_location flg=0x10 (has extras) }, receivers: null

01-01 23:25:39.487  1487  3855 D HwLocalLocationProvider: sendBroadcast ACTION_INJECT_LOCATION

01-01 23:25:39.501  1487  3822 I ActivityManager: collectReceiverComponents for intent: Intent { act=com.huawei.android.action.WEATHER_CHANGE flg=0x10 (has extras) }, receivers: [ResolveInfo{5f275f1 com.huawei.android.totemweather/.wear.ChangeWeatherReceiver m=0x108000 euid=0}]

01-01 23:25:39.524  1487  3048 I ActivityManager: collectReceiverComponents for intent: Intent { act=android.location.LOCATION_REQUEST_CHANGE_ACTION flg=0x10 (has extras) }, receivers: null

01-01 23:25:41.199  1487  3942 I ActivityManager: collectReceiverComponents for intent: Intent { act=com.huawei.android.action.WEATHER_CHANGE flg=0x10 (has extras) }, receivers: [ResolveInfo{3c37057 com.huawei.android.totemweather/.wear.ChangeWeatherReceiver m=0x108000 euid=0}]

01-01 23:25:41.203  1487  3806 I ActivityManager: retrieveServiceLocked, callerApp: ProcessRecord{4d077ba 21873:com.huawei.android.totemweather/u0a27}, flags: 400

01-01 23:25:41.203  1487  3806 I ActivityManager: bindServiceLocked, r: ServiceRecord{5a7802d u0 euid: 0 com.huawei.android.totemweather/.WeatherService}, euid: 0

01-01 23:25:41.255  1487  1505 I ActivityManager: collectReceiverComponents for intent: Intent { act=com.huawei.android.action.CITYINFO_CHANGE flg=0x10 (has extras) }, receivers: [ResolveInfo{12d7962 com.huawei.android.totemweather/.wear.ChangeWeatherReceiver m=0x108000 euid=0}]

01-01 23:25:41.276  1487  3955 D HwLocalLocationProvider: HwLocalLocationManager requestLocation

01-01 23:25:41.277  1487  8883 D HwLocalLocationProvider: start query Loc Form DB 

01-01 23:25:41.278  1487  8883 I HwLocalLocationProvider: query loc Form Cell Table,cellid == 44388

01-01 23:25:41.278  1487  3955 I ActivityManager: collectReceiverComponents for intent: Intent { act=android.location.LOCATION_REQUEST_CHANGE_ACTION flg=0x10 (has extras) }, receivers: null

01-01 23:25:41.280  1487  8883 D HwLocalLocationProvider: queryLocFormCellIdTable success

01-01 23:25:41.280  1487  8883 I HwLocalLocationProvider: query Loc Form cellid , locCellID = Location[local_database 31******,121****** acc=419 et=+10h31m45s145ms {Bundle[{key_loc_tableID=cellID, key_loc_source=fused}]}]

01-01 23:25:41.282  1487  8883 W HwLocalLocationProvider: query Loc Form bssid , locBssID = null.  return locCellID

01-01 23:25:41.282  1487  1487 D HwLocalLocationProvider: has query Loc Form DB and send msg to Hander

01-01 23:25:41.282  1487  3855 W ContextImpl: Calling a method in the system process without a qualified user: android.app.ContextImpl.sendBroadcast:872 com.android.server.location.HwLocalLocationManager$LocalLocationHandler.handleMessage:964 android.os.Handler.dispatchMessage:102 android.os.Looper.loop:150 android.os.HandlerThread.run:61 

01-01 23:25:41.283  1487  3855 I ActivityManager: collectReceiverComponents for intent: Intent { act=action_inject_location flg=0x10 (has extras) }, receivers: null

01-01 23:25:41.283  1487  3855 D HwLocalLocationProvider: sendBroadcast ACTION_INJECT_LOCATION

01-01 23:25:41.286  1487  3198 I ActivityManager: collectReceiverComponents for intent: Intent { act=com.huawei.android.action.WEATHER_CHANGE flg=0x10 (has extras) }, receivers: [ResolveInfo{dedc9ae com.huawei.android.totemweather/.wear.ChangeWeatherReceiver m=0x108000 euid=0}]

01-01 23:25:41.310  1487  1504 I ActivityManager: collectReceiverComponents for intent: Intent { act=android.location.LOCATION_REQUEST_CHANGE_ACTION flg=0x10 (has extras) }, receivers: null

01-01 23:25:42.424  1487  1487 D WifiService: onReceive, action:android.intent.action.BATTERY_CHANGED

01-01 23:25:42.424  1487  1487 D WifiService: ACTION_BATTERY_CHANGED pluggedType: 2

01-01 23:25:42.593  1487  3855 D HwLocalLocationProvider: this loc is Better than Last Location

01-01 23:25:42.597  1487  5081 D HwLocalLocationProvider: cellid 44388 is Exist, update  cellinfo to DB

01-01 23:25:42.597  1487  5081 D HwLocalLocationProvider: update loc to cell database

01-01 23:25:42.614  1487  5081 D HwLocalLocationProvider: update loc to bssid database

01-01 23:25:42.844  1487  3937 I ActivityManager: collectReceiverComponents for intent: Intent { act=com.huawei.android.action.WEATHER_CHANGE flg=0x10 (has extras) }, receivers: [ResolveInfo{1d27adc com.huawei.android.totemweather/.wear.ChangeWeatherReceiver m=0x108000 euid=0}]

01-01 23:25:42.848  1487  3415 I ActivityManager: retrieveServiceLocked, callerApp: ProcessRecord{4d077ba 21873:com.huawei.android.totemweather/u0a27}, flags: 400

01-01 23:25:42.849  1487  3415 I ActivityManager: bindServiceLocked, r: ServiceRecord{850d2ba u0 euid: 0 com.huawei.android.totemweather/.WeatherService}, euid: 0

01-01 23:25:49.553  1487  3412 I ActivityManager: collectReceiverComponents for intent: Intent { act=android.intent.action.SIG_STR flg=0x20000010 (has extras) }, receivers: null

01-01 23:25:55.637  1487  1505 I HwActivityManagerService: PackageName for pid 18899 is com.ss.android.article.news

01-01 23:25:57.856  1487  3491 I ActivityManager: retrieveServiceLocked, callerApp: ProcessRecord{4d077ba 21873:com.huawei.android.totemweather/u0a27}, flags: 400

01-01 23:25:57.857  1487  3491 I ActivityManager: bindServiceLocked, r: ServiceRecord{7bbbd61 u0 euid: 0 com.huawei.android.totemweather/.WeatherService}, euid: 0

01-01 23:25:57.877  1487  3937 D HwLocalLocationProvider: HwLocalLocationManager requestLocation

01-01 23:25:57.878  1487  3937 I ActivityManager: collectReceiverComponents for intent: Intent { act=android.location.LOCATION_REQUEST_CHANGE_ACTION flg=0x10 (has extras) }, receivers: null

01-01 23:25:57.880  1487  4517 D HwLocalLocationProvider: start query Loc Form DB 

01-01 23:25:57.880  1487  4517 I HwLocalLocationProvider: query loc Form Cell Table,cellid == 44388

01-01 23:25:57.881  1487  3189 D WifiService: startScan, pid:4154, uid:10022

01-01 23:25:57.883  1487  4517 D HwLocalLocationProvider: queryLocFormCellIdTable success

01-01 23:25:57.883  1487  4517 I HwLocalLocationProvider: query Loc Form cellid , locCellID = Location[local_database 31******,121****** acc=324 et=+10h32m1s748ms {Bundle[{key_loc_tableID=cellID, key_loc_source=fused}]}]

01-01 23:25:57.886  1487  4517 W HwLocalLocationProvider: query Loc Form bssid , locBssID = null.  return locCellID

01-01 23:25:57.886  1487  1487 D HwLocalLocationProvider: has query Loc Form DB and send msg to Hander

01-01 23:25:57.887  1487  3855 W ContextImpl: Calling a method in the system process without a qualified user: android.app.ContextImpl.sendBroadcast:872 com.android.server.location.HwLocalLocationManager$LocalLocationHandler.handleMessage:964 android.os.Handler.dispatchMessage:102 android.os.Looper.loop:150 android.os.HandlerThread.run:61 

01-01 23:25:57.887  1487  3855 I ActivityManager: collectReceiverComponents for intent: Intent { act=action_inject_location flg=0x10 (has extras) }, receivers: null

01-01 23:25:57.887  1487  3855 D HwLocalLocationProvider: sendBroadcast ACTION_INJECT_LOCATION

01-01 23:25:57.896  1487  3822 I ActivityManager: collectReceiverComponents for intent: Intent { act=com.huawei.android.action.WEATHER_CHANGE flg=0x10 (has extras) }, receivers: [ResolveInfo{6314974 com.huawei.android.totemweather/.wear.ChangeWeatherReceiver m=0x108000 euid=0}]

01-01 23:25:57.936  1487  3491 I ActivityManager: collectReceiverComponents for intent: Intent { act=android.location.LOCATION_REQUEST_CHANGE_ACTION flg=0x10 (has extras) }, receivers: null

01-01 23:25:59.003  1487  3081 I ActivityManager: collectReceiverComponents for intent: Intent { act=android.net.wifi.SCAN_RESULTS flg=0x4000010 (has extras) }, receivers: [ResolveInfo{7aaff12 com.android.settings/.wifi.cmcc.ConnectSwitchReceiver m=0x108000 euid=0}]

01-01 23:25:59.004  1487  3107 D HwConnectivityService: csagent getNetworkInfoForWifi enter.

01-01 23:25:59.004  1487  3107 D HwConnectivityService: csagent getWifiNai success from NetworkAgentInfos HashMap.

01-01 23:25:59.004  1487  3107 D HwConnectivityService: csagent getNetworkInfoForWifi success.

01-01 23:25:59.112  1487  3948 I ActivityManager: collectReceiverComponents for intent: Intent { act=android.intent.action.SIG_STR flg=0x20000010 (has extras) }, receivers: null

01-01 23:25:59.985  1487  3412 I ActivityManager: collectReceiverComponents for intent: Intent { act=com.huawei.android.action.WEATHER_CHANGE flg=0x10 (has extras) }, receivers: [ResolveInfo{3d388e0 com.huawei.android.totemweather/.wear.ChangeWeatherReceiver m=0x108000 euid=0}]

01-01 23:25:59.990  1487  3958 I ActivityManager: retrieveServiceLocked, callerApp: ProcessRecord{4d077ba 21873:com.huawei.android.totemweather/u0a27}, flags: 400

01-01 23:25:59.990  1487  3958 I ActivityManager: bindServiceLocked, r: ServiceRecord{3b5fa5e u0 euid: 0 com.huawei.android.totemweather/.WeatherService}, euid: 0

01-01 23:26:06.025  1487  3412 I ActivityManager: collectReceiverComponents for intent: Intent { act=android.intent.action.SIG_STR flg=0x20000010 (has extras) }, receivers: null

01-01 23:26:12.031  1487  3048 I ActivityManager: collectReceiverComponents for intent: Intent { act=android.intent.action.SIG_STR flg=0x20000010 (has extras) }, receivers: null

01-01 23:26:17.794  1487  1505 I ActivityManager: collectReceiverComponents for intent: Intent { act=android.intent.action.SIG_STR flg=0x20000010 (has extras) }, receivers: null

01-01 23:26:19.120  1487  3412 I ActivityManager: collectReceiverComponents for intent: Intent { act=android.intent.action.SIG_STR flg=0x20000010 (has extras) }, receivers: null

01-01 23:26:24.857  1487  1505 I ActivityManager: collectReceiverComponents for intent: Intent { act=android.intent.action.SIG_STR flg=0x20000010 (has extras) }, receivers: null

01-01 23:26:30.037  1487  3415 I ActivityManager: retrieveServiceLocked, callerApp: ProcessRecord{4d077ba 21873:com.huawei.android.totemweather/u0a27}, flags: 400

01-01 23:26:30.037  1487  3415 I ActivityManager: bindServiceLocked, r: ServiceRecord{a713455 u0 euid: 0 com.huawei.android.totemweather/.WeatherService}, euid: 0

01-01 23:26:30.060  1487  3189 D HwLocalLocationProvider: HwLocalLocationManager requestLocation

01-01 23:26:30.061  1487  4838 D HwLocalLocationProvider: start query Loc Form DB 

01-01 23:26:30.061  1487  4838 I HwLocalLocationProvider: query loc Form Cell Table,cellid == 44388

01-01 23:26:30.061  1487  3189 I ActivityManager: collectReceiverComponents for intent: Intent { act=android.location.LOCATION_REQUEST_CHANGE_ACTION flg=0x10 (has extras) }, receivers: null

01-01 23:26:30.066  1487  4838 D HwLocalLocationProvider: queryLocFormCellIdTable success

01-01 23:26:30.067  1487  4838 I HwLocalLocationProvider: query Loc Form cellid , locCellID = Location[local_database 31******,121****** acc=324 et=+10h32m33s932ms {Bundle[{key_loc_tableID=cellID, key_loc_source=fused}]}]

01-01 23:26:30.069  1487  4838 W HwLocalLocationProvider: query Loc Form bssid , locBssID = null.  return locCellID

01-01 23:26:30.069  1487  1487 D HwLocalLocationProvider: has query Loc Form DB and send msg to Hander

01-01 23:26:30.069  1487  3855 W ContextImpl: Calling a method in the system process without a qualified user: android.app.ContextImpl.sendBroadcast:872 com.android.server.location.HwLocalLocationManager$LocalLocationHandler.handleMessage:964 android.os.Handler.dispatchMessage:102 android.os.Looper.loop:150 android.os.HandlerThread.run:61 

01-01 23:26:30.070  1487  3855 I ActivityManager: collectReceiverComponents for intent: Intent { act=action_inject_location flg=0x10 (has extras) }, receivers: null

01-01 23:26:30.070  1487  3855 D HwLocalLocationProvider: sendBroadcast ACTION_INJECT_LOCATION

01-01 23:26:30.102  1487  3822 I ActivityManager: collectReceiverComponents for intent: Intent { act=com.huawei.android.action.WEATHER_CHANGE flg=0x10 (has extras) }, receivers: [ResolveInfo{8fd93f8 com.huawei.android.totemweather/.wear.ChangeWeatherReceiver m=0x108000 euid=0}]

01-01 23:26:30.104  1487  3822 I ActivityManager: collectReceiverComponents for intent: Intent { act=android.location.LOCATION_REQUEST_CHANGE_ACTION flg=0x10 (has extras) }, receivers: null

01-01 23:26:30.859  1487  1504 I ActivityManager: collectReceiverComponents for intent: Intent { act=android.intent.action.SIG_STR flg=0x20000010 (has extras) }, receivers: null

01-01 23:26:30.880  1487  3806 I ActivityManager: collectReceiverComponents for intent: Intent { act=com.huawei.android.action.WEATHER_CHANGE flg=0x10 (has extras) }, receivers: [ResolveInfo{1d0f736 com.huawei.android.totemweather/.wear.ChangeWeatherReceiver m=0x108000 euid=0}]

01-01 23:26:30.883  1487  3198 I ActivityManager: retrieveServiceLocked, callerApp: ProcessRecord{4d077ba 21873:com.huawei.android.totemweather/u0a27}, flags: 400

01-01 23:26:30.883  1487  3198 I ActivityManager: bindServiceLocked, r: ServiceRecord{373f7a4 u0 euid: 0 com.huawei.android.totemweather/.WeatherService}, euid: 0

01-01 23:26:39.074  1487  1526 I ProcessStatsService: Prepared write state in 4ms

01-01 23:26:39.138  1487  3048 I ActivityManager: collectReceiverComponents for intent: Intent { act=android.intent.action.SIG_STR flg=0x20000010 (has extras) }, receivers: null

01-01 23:26:41.332  1487  3942 I ActivityManager: collectReceiverComponents for intent: Intent { act=android.intent.action.SIG_STR flg=0x20000010 (has extras) }, receivers: null

01-01 23:26:42.424  1487  1487 D WifiService: onReceive, action:android.intent.action.BATTERY_CHANGED

01-01 23:26:42.424  1487  1487 D WifiService: ACTION_BATTERY_CHANGED pluggedType: 2

01-01 23:26:59.164  1487  3822 I ActivityManager: collectReceiverComponents for intent: Intent { act=android.intent.action.SIG_STR flg=0x20000010 (has extras) }, receivers: null

01-01 23:27:19.192  1487  3412 I ActivityManager: collectReceiverComponents for intent: Intent { act=android.intent.action.SIG_STR flg=0x20000010 (has extras) }, receivers: null

