01-01 23:28:32.382  4097  4097 W ResourceType: No known package when getting name for resource number 0x9c010204

01-01 23:28:32.382  4097  4097 W ResourceType: No known package when getting name for resource number 0x9c010304

01-01 23:28:32.382  4097  4097 W ResourceType: No known package when getting name for resource number 0x9c000000

01-01 23:28:32.382  4097  4097 W ResourceType: No known package when getting name for resource number 0x9c000001

01-01 23:28:32.383  4097  4097 W ResourceType: No known package when getting name for resource number 0x9c000201

01-01 23:28:32.383  4097  4097 W ResourceType: No known package when getting name for resource number 0x9c000002

01-01 23:28:32.383  4097  4097 W ResourceType: No known package when getting name for resource number 0x9c000004

01-01 23:28:32.389  4097  4097 W ResourceType: No known package when getting name for resource number 0x9b000000

01-01 23:28:32.389  4097  4097 W ResourceType: No known package when getting name for resource number 0x9b010100

01-01 23:28:32.390  4097  4097 W ResourceType: No known package when getting name for resource number 0x9b020200

01-01 23:28:32.390  4097  4097 W ResourceType: No known package when getting name for resource number 0x9c010000

01-01 23:28:32.390  4097  4097 W ResourceType: No known package when getting name for resource number 0x9c010100

01-01 23:28:32.391  4097  4097 W ResourceType: No known package when getting name for resource number 0x9c010200

01-01 23:28:32.391  4097  4097 W ResourceType: No known package when getting name for resource number 0x9c010300

01-01 23:28:32.391  4097  4097 W ResourceType: No known package when getting name for resource number 0x9c010001

01-01 23:28:32.391  4097  4097 W ResourceType: No known package when getting name for resource number 0x9c010101

01-01 23:28:32.391  4097  4097 W ResourceType: No known package when getting name for resource number 0x9c010201

01-01 23:28:32.391  4097  4097 W ResourceType: No known package when getting name for resource number 0x9c010301

01-01 23:28:32.391  4097  4097 W ResourceType: No known package when getting name for resource number 0x9c010002

01-01 23:28:32.392  4097  4097 W ResourceType: No known package when getting name for resource number 0x9c010102

01-01 23:28:32.392  4097  4097 W ResourceType: No known package when getting name for resource number 0x9c010202

01-01 23:28:32.392  4097  4097 W ResourceType: No known package when getting name for resource number 0x9c010302

01-01 23:28:32.392  4097  4097 W ResourceType: No known package when getting name for resource number 0x9c010003

01-01 23:28:32.392  4097  4097 W ResourceType: No known package when getting name for resource number 0x9c010103

01-01 23:28:32.392  4097  4097 W ResourceType: No known package when getting name for resource number 0x9c010203

01-01 23:28:32.392  4097  4097 W ResourceType: No known package when getting name for resource number 0x9c010303

01-01 23:28:32.393  4097  4097 W ResourceType: No known package when getting name for resource number 0x9c010004

01-01 23:28:32.393  4097  4097 W ResourceType: No known package when getting name for resource number 0x9c010104

01-01 23:28:32.393  4097  4097 W ResourceType: No known package when getting name for resource number 0x9c010204

01-01 23:28:32.393  4097  4097 W ResourceType: No known package when getting name for resource number 0x9c010304

01-01 23:28:32.393  4097  4097 W ResourceType: No known package when getting name for resource number 0x9c000000

01-01 23:28:32.394  4097  4097 W ResourceType: No known package when getting name for resource number 0x9c000001

01-01 23:28:32.394  4097  4097 W ResourceType: No known package when getting name for resource number 0x9c000201

01-01 23:28:32.394  4097  4097 W ResourceType: No known package when getting name for resource number 0x9c000002

01-01 23:28:32.394  4097  4097 W ResourceType: No known package when getting name for resource number 0x9c000004

01-01 23:28:32.397  1487  3491 I ActivityManager: resolve info: ResolveInfo{8e7547c com.uc56.ucexpressbao/.activitys.SplashActivity m=0x0 euid=0}, euid: 0

01-01 23:28:32.399  1487  3491 I ActivityManager: ActivityRecord info: ActivityInfo{a24f105 com.uc56.ucexpressbao.activitys.SplashActivity}, euid=0

01-01 23:28:32.405  4097  4097 W ResourceType: No known package when getting name for resource number 0x9b000000

01-01 23:28:32.405  4097  4097 W ResourceType: No known package when getting name for resource number 0x9b010100

01-01 23:28:32.405  4097  4097 W ResourceType: No known package when getting name for resource number 0x9b020200

01-01 23:28:32.406  4097  4097 W ResourceType: No known package when getting name for resource number 0x9c010000

01-01 23:28:32.407  4097  4097 W ResourceType: No known package when getting name for resource number 0x9c010100

01-01 23:28:32.407  4097  4097 W ResourceType: No known package when getting name for resource number 0x9c010200

01-01 23:28:32.407  4097  4097 W ResourceType: No known package when getting name for resource number 0x9c010300

01-01 23:28:32.407  4097  4097 W ResourceType: No known package when getting name for resource number 0x9c010001

01-01 23:28:32.408  4097  4097 W ResourceType: No known package when getting name for resource number 0x9c010101

01-01 23:28:32.408  4097  4097 W ResourceType: No known package when getting name for resource number 0x9c010201

01-01 23:28:32.408  4097  4097 W ResourceType: No known package when getting name for resource number 0x9c010301

01-01 23:28:32.409  4097  4097 W ResourceType: No known package when getting name for resource number 0x9c010002

01-01 23:28:32.409  4097  4097 W ResourceType: No known package when getting name for resource number 0x9c010102

01-01 23:28:32.409  4097  4097 W ResourceType: No known package when getting name for resource number 0x9c010202

01-01 23:28:32.410  4097  4097 W ResourceType: No known package when getting name for resource number 0x9c010302

01-01 23:28:32.410  4097  4097 W ResourceType: No known package when getting name for resource number 0x9c010003

01-01 23:28:32.410  4097  4097 W ResourceType: No known package when getting name for resource number 0x9c010103

01-01 23:28:32.411  4097  4097 W ResourceType: No known package when getting name for resource number 0x9c010203

01-01 23:28:32.411  4097  4097 W ResourceType: No known package when getting name for resource number 0x9c010303

01-01 23:28:32.411  4097  4097 W ResourceType: No known package when getting name for resource number 0x9c010004

01-01 23:28:32.411  4097  4097 W ResourceType: No known package when getting name for resource number 0x9c010104

01-01 23:28:32.412  4097  4097 W ResourceType: No known package when getting name for resource number 0x9c010204

01-01 23:28:32.412  4097  4097 W ResourceType: No known package when getting name for resource number 0x9c010304

01-01 23:28:32.412  1487  3491 I ActivityManager: create new task record, multiLaunchId: 0, intent = Intent { flg=0x10000000 cmp=com.uc56.ucexpressbao/.activitys.SplashActivity }

01-01 23:28:32.413  4097  4097 W ResourceType: No known package when getting name for resource number 0x9c000000

01-01 23:28:32.413  4097  4097 W ResourceType: No known package when getting name for resource number 0x9c000001

01-01 23:28:32.414  4097  4097 W ResourceType: No known package when getting name for resource number 0x9c000201

01-01 23:28:32.414  4097  4097 W ResourceType: No known package when getting name for resource number 0x9c000002

01-01 23:28:32.414  4097  4097 W ResourceType: No known package when getting name for resource number 0x9c000004

01-01 23:28:32.415  1487  3491 V HwWindowManagerService: moveTaskToTop mTaskChanged:true

01-01 23:28:32.415  1487  3491 V BoostFramework: BoostFramework() : mPerf = com.qualcomm.qti.Performance@3933c68

01-01 23:28:32.415  3183  3183 D ImageWallpaper: onOffsetsChanged: xOffset=0.0, yOffset=0.0, xOffsetStep=0.0, yOffsetStep=0.0, xPixels=0, yPixels=0

01-01 23:28:32.417  3183  4854 D ImageWallpaper: Suppressed drawFrame since redraw is not needed and offsets have not changed. rotation new/old: 0/0, width new/old: 2160/2160, height new/old: 1920/1920, offsetChanged: false

01-01 23:28:32.418  4097  4097 I HwLauncher: Launcher onPause()

01-01 23:28:32.419  4097 23207 I HwLauncher: Launcher.MotionManager stopMotionAppsReco begin,flg = 402

01-01 23:28:32.419  4097 23207 D MotionDetectionManager: stopMotionAppsReco motionApps: 402

01-01 23:28:32.419  4097 23207 D MotionDetectionManager: stopMotionAppsReco not recognition motionApps 402

01-01 23:28:32.419  4097 23207 W HwLauncher: Launcher.MotionManager stopMotionAppsReco service flg 402 is unavailable

01-01 23:28:32.420  4097 23208 I HwLauncher: Launcher.MotionManager stopMotionAppsReco begin,flg = 403

01-01 23:28:32.420  4097 23208 D MotionDetectionManager: stopMotionAppsReco motionApps: 403

01-01 23:28:32.420  4097 23208 D MotionDetectionManager: stopMotionAppsReco not recognition motionApps 403

01-01 23:28:32.420  4097 23208 W HwLauncher: Launcher.MotionManager stopMotionAppsReco service flg 403 is unavailable

01-01 23:28:32.421  1487  3491 V HwWindowManagerService: moveTaskToTop mTaskChanged:true

01-01 23:28:32.423  1487  3491 V HwWindowManagerService: setFocusedApp update app ops, mTaskChanged set to:false

01-01 23:28:32.424  1487  3039 I HwWindowManagerService: this win:Window{f9d4461 u0 com.huawei.android.FloatTasks} hase children size:0

01-01 23:28:32.425  1487  3822 V BoostFramework: BoostFramework() : mPerf = com.qualcomm.qti.Performance@ce6d4ac

01-01 23:28:32.429  1487  3822 I ActivityManager: mService.startProcessLocked for activity: ActivityRecord{208555a u0 com.uc56.ucexpressbao/.activitys.SplashActivity t4822}, appinfo euid: 0

01-01 23:28:32.429  1487  3822 I ActivityManager: new Process app=ProcessRecord{c1d2575 0:com.uc56.ucexpressbao/u0a414}, name: com.uc56.ucexpressbao, euid: 0

01-01 23:28:32.437 23210 23210 D Zygote  : CtrlSocket libc.so ctrl_sockets_set_addr pfunc is not exist!

01-01 23:28:32.439  1487  3822 V BoostFramework: BoostFramework() : mPerf = com.qualcomm.qti.Performance@750c90a

01-01 23:28:32.439  1487  3822 I ActivityManager: Start proc 23210:com.uc56.ucexpressbao/u0a414 for activity com.uc56.ucexpressbao/.activitys.SplashActivity

01-01 23:28:32.440 23210 23210 I art     : Late-enabling -Xcheck:jni

01-01 23:28:32.448  4097  4097 I SendBroadcastPermission: action:com.huawei.android.action.WIDGET_FOCUS_CHANGE, mPermissionType:0

01-01 23:28:32.449  1487  3048 I ActivityManager: collectReceiverComponents for intent: Intent { act=com.huawei.android.action.WIDGET_FOCUS_CHANGE flg=0x10 (has extras) }, receivers: null

01-01 23:28:32.450  4097  4097 D MyLayout: onWindowFocusChanged ...stop..refesh

01-01 23:28:32.453  4097  4097 W ResourceType: No known package when getting name for resource number 0x9b000000

01-01 23:28:32.453  4097  4097 W ResourceType: No known package when getting name for resource number 0x9b010100

01-01 23:28:32.453  4097  4097 W ResourceType: No known package when getting name for resource number 0x9b020200

01-01 23:28:32.454  4097  4097 W ResourceType: No known package when getting name for resource number 0x9c010000

01-01 23:28:32.454  4097  4097 W ResourceType: No known package when getting name for resource number 0x9c010100

01-01 23:28:32.454  4097  4097 W ResourceType: No known package when getting name for resource number 0x9c010200

01-01 23:28:32.454  4097  4097 W ResourceType: No known package when getting name for resource number 0x9c010300

01-01 23:28:32.454  4097  4097 W ResourceType: No known package when getting name for resource number 0x9c010001

01-01 23:28:32.455  4097  4097 W ResourceType: No known package when getting name for resource number 0x9c010101

01-01 23:28:32.455  4097  4097 W ResourceType: No known package when getting name for resource number 0x9c010201

01-01 23:28:32.455  4097  4097 W ResourceType: No known package when getting name for resource number 0x9c010301

01-01 23:28:32.455  4097  4097 W ResourceType: No known package when getting name for resource number 0x9c010002

01-01 23:28:32.455  4097  4097 W ResourceType: No known package when getting name for resource number 0x9c010102

01-01 23:28:32.456  4097  4097 W ResourceType: No known package when getting name for resource number 0x9c010202

01-01 23:28:32.456  4097  4097 W ResourceType: No known package when getting name for resource number 0x9c010302

01-01 23:28:32.456 23210 23210 D ActivityThread: ActivityThread,attachApplication

01-01 23:28:32.456 23210 23216 E art     : Failed sending reply to debugger: Broken pipe

01-01 23:28:32.456 23210 23216 I art     : Debugger is no longer active

01-01 23:28:32.456  4097  4097 W ResourceType: No known package when getting name for resource number 0x9c010003

01-01 23:28:32.456  4097  4097 W ResourceType: No known package when getting name for resource number 0x9c010103

01-01 23:28:32.457  1487  3415 D ActivityManager: ActivityManagerService,attachApplication,callingPid = 23210

01-01 23:28:32.457  4097  4097 W ResourceType: No known package when getting name for resource number 0x9c010203

01-01 23:28:32.457  4097  4097 W ResourceType: No known package when getting name for resource number 0x9c010303

01-01 23:28:32.457  4097  4097 W ResourceType: No known package when getting name for resource number 0x9c010004

01-01 23:28:32.457  4097  4097 W ResourceType: No known package when getting name for resource number 0x9c010104

01-01 23:28:32.458  4097  4097 W ResourceType: No known package when getting name for resource number 0x9c010204

01-01 23:28:32.458  4097  4097 W ResourceType: No known package when getting name for resource number 0x9c010304

01-01 23:28:32.459  4097  4097 W ResourceType: No known package when getting name for resource number 0x9c000000

01-01 23:28:32.459  4097  4097 W ResourceType: No known package when getting name for resource number 0x9c000001

01-01 23:28:32.459  4097  4097 W ResourceType: No known package when getting name for resource number 0x9c000201

01-01 23:28:32.460  4097  4097 W ResourceType: No known package when getting name for resource number 0x9c000002

01-01 23:28:32.460  4097  4097 W ResourceType: No known package when getting name for resource number 0x9c000004

01-01 23:28:32.462  1487  3415 I ActivityManager: launch r: ActivityRecord{208555a u0 com.uc56.ucexpressbao/.activitys.SplashActivity t4822}, uid = 10414, r.info.applicationInfo.euid  = 0

01-01 23:28:32.463  1487  3415 V SMCSAMSHelper: SMCSAMSHelper.addSTPEvent: cost 1 ms end.

01-01 23:28:32.463  1487  3415 V SMCSAMSHelper: SMCSAMSHelper.smartTrimProcessPackageResume: cost time 1 ms end.

01-01 23:28:32.472  3299  3762 I HwSystemManager: NotificationGuideService:handle MSG_ACTIVIY_FOREGROUND, uid:10414

01-01 23:28:32.477  1487  1553 D CubicBezierInterpolator: CubicBezierInterpolator  mControlPoint1x = 0.5, mControlPoint1y = 0.2, mControlPoint2x = 0.6, mControlPoint2y = 1.0

01-01 23:28:32.484 23210 23210 D HwCust  : Create obj success use class android.content.res.HwCustHwResourcesImpl

01-01 23:28:32.487  3183  3183 D PhoneStatusBar: setSystemUiVisibility vis=8600 mask=ffffffff oldVal=c0000700 newVal=8600 diff=c0008100 navbar_vis=0

01-01 23:28:32.487  3183  3183 D PhoneStatusBar: sbMode=5, nbMode=5mStatusBarMode=2, mNavigationBarMode=2

01-01 23:28:32.487  3183  3183 D BarTransitions.PhoneStatusBarView: MODE_TRANSLUCENT -> MODE_TRANSPARENT animate=false

01-01 23:28:32.487  3183  3183 D BarTransitions.PhoneStatusBarView: applyModeBackground MODE_TRANSPARENT animate=false,mGradientBackground=true

01-01 23:28:32.487  3183  3183 D BarTransitions.PhoneStatusBarView: Show color layer

01-01 23:28:32.487  3183  3183 D BarTransitions.NavigationBarView: MODE_TRANSLUCENT -> MODE_TRANSPARENT animate=false

01-01 23:28:32.487  3183  3183 D BarTransitions.NavigationBarView: applyModeBackground MODE_TRANSPARENT animate=false,mGradientBackground=true

01-01 23:28:32.487  3183  3183 D BarTransitions.NavigationBarView: Show color layer

01-01 23:28:32.487  3183  3183 D TintManager: updateBarTint

01-01 23:28:32.490  3299  4220 D HwCust  : Create obj success use class android.content.res.HwCustHwResourcesImpl

01-01 23:28:32.490  3299  4220 I HwResources: load icon id : 7f030064, pkgName : com.uc56.ucexpressbao

01-01 23:28:32.497  3183  3183 D ImageWallpaper: onOffsetsChanged: xOffset=0.0, yOffset=0.0, xOffsetStep=0.0, yOffsetStep=0.0, xPixels=0, yPixels=0

01-01 23:28:32.499  3183  4854 D ImageWallpaper: Suppressed drawFrame since redraw is not needed and offsets have not changed. rotation new/old: 0/0, width new/old: 2160/2160, height new/old: 1920/1920, offsetChanged: false

01-01 23:28:32.510  3299  4220 I HwResources: icon : com.uc56.ucexpressbao found in app

01-01 23:28:32.581 23210 23210 I ACRA    : ACRA is enabled for com.uc56.ucexpressbao, initializing...

01-01 23:28:32.613 23210 23210 I MultiDex: VM with version 2.1.0 has multidex support

01-01 23:28:32.613 23210 23210 I MultiDex: Installing application

01-01 23:28:32.613 23210 23210 I MultiDex: VM has multidex support, MultiDex support library is disabled.

01-01 23:28:32.616  1487  3948 W ActivityManager: getRunningAppProcesses: caller 10414 does not hold REAL_GET_TASKS; limiting output

01-01 23:28:32.617 23210 23210 D MscSpeechLog: process name:com.uc56.ucexpressbao

01-01 23:28:32.618 23210 23210 D MscSpeechLog: process name:com.uc56.ucexpressbaois own process

01-01 23:28:32.623 23210 23210 D MSC_LOG : JNI_OnLoad is called !

01-01 23:28:32.623 23210 23210 D MscSpeechLog: loadLibrary msc success

01-01 23:28:32.623 23210 23210 D MscSpeechLog: SpeechUtility start login

01-01 23:28:32.627 23210 23210 D MscSpeechLog: MSC ifly ver: true

01-01 23:28:32.627 23210 23210 D MscSpeechLog: DC create enter.

01-01 23:28:32.627 23210 23210 D MscSpeechLog: DC resetAllValues enter.

01-01 23:28:32.627 23210 23210 D MscSpeechLog: DC resetAllValues leave.

01-01 23:28:32.627 23210 23210 D MscSpeechLog: DC create leave.

01-01 23:28:32.634 23210 23210 D MSC_LOG : QMSPGetVersion Begin

01-01 23:28:32.634 23210 23210 D MSC_LOG : QMSPGetVersion End

01-01 23:28:32.634 23210 23210 D MscSpeechLog: get msc full version name: 5.0.35.1168

01-01 23:28:32.641  1487  3822 D HwActivityManagerService: handleANRFilterFIFO,uid = 10414cmd = 0

01-01 23:28:32.649  1487  3412 D HwActivityManagerService: handleANRFilterFIFO,uid = 10414cmd = 1

01-01 23:28:32.653  1487  1505 D HwActivityManagerService: handleANRFilterFIFO,uid = 10414cmd = 0

01-01 23:28:32.657  1487  3048 D HwActivityManagerService: handleANRFilterFIFO,uid = 10414cmd = 1

01-01 23:28:32.662 23210 23210 D WifiManager: Enter init, sThreadRefCount:0

01-01 23:28:32.663  1487  3412 D WifiService: getWifiServiceMessenger, pid:23210, uid:10414

01-01 23:28:32.664 23210 23210 D WifiManager: Create WifiManager handlerthread

01-01 23:28:32.666  1487  3087 D WifiService: New client listening to asynchronous messages

01-01 23:28:32.667  1487  3806 W ActivityManager: getRunningAppProcesses: caller 10414 does not hold REAL_GET_TASKS; limiting output

01-01 23:28:32.682  1487  3937 W System.err: java.lang.SecurityException: com.uc56.ucexpressbao was not granted  this permission: android.permission.WRITE_SETTINGS.

01-01 23:28:32.682  1487  3937 W System.err: 	at android.provider.Settings.isCallingPackageAllowedToPerformAppOpsProtectedOperation(Settings.java:8587)

01-01 23:28:32.682  1487  3937 W System.err: 	at android.provider.Settings.checkAndNoteWriteSettingsOperation(Settings.java:8454)

01-01 23:28:32.682  1487  3937 W System.err: 	at com.android.providers.settings.SettingsProvider.mutateSystemSetting(SettingsProvider.java:1030)

01-01 23:28:32.682  1487  3937 W System.err: 	at com.android.providers.settings.SettingsProvider.insertSystemSetting(SettingsProvider.java:979)

01-01 23:28:32.682  1487  3937 W System.err: 	at com.android.providers.settings.SettingsProvider.call(SettingsProvider.java:296)

01-01 23:28:32.682  1487  3937 W System.err: 	at android.content.ContentProvider$Transport.call(ContentProvider.java:398)

01-01 23:28:32.682  1487  3937 W System.err: 	at android.content.ContentProviderNative.onTransact(ContentProviderNative.java:283)

01-01 23:28:32.682  1487  3937 W System.err: 	at android.os.Binder.execTransact(Binder.java:453)

01-01 23:28:32.682  1487  3937 E DatabaseUtils: Writing exception to parcel

01-01 23:28:32.682  1487  3937 E DatabaseUtils: java.lang.SecurityException: com.uc56.ucexpressbao was not granted  this permission: android.permission.WRITE_SETTINGS.

01-01 23:28:32.682  1487  3937 E DatabaseUtils: 	at android.provider.Settings.isCallingPackageAllowedToPerformAppOpsProtectedOperation(Settings.java:8587)

01-01 23:28:32.682  1487  3937 E DatabaseUtils: 	at android.provider.Settings.checkAndNoteWriteSettingsOperation(Settings.java:8454)

01-01 23:28:32.682  1487  3937 E DatabaseUtils: 	at com.android.providers.settings.SettingsProvider.mutateSystemSetting(SettingsProvider.java:1030)

01-01 23:28:32.682  1487  3937 E DatabaseUtils: 	at com.android.providers.settings.SettingsProvider.insertSystemSetting(SettingsProvider.java:979)

01-01 23:28:32.682  1487  3937 E DatabaseUtils: 	at com.android.providers.settings.SettingsProvider.call(SettingsProvider.java:296)

01-01 23:28:32.682  1487  3937 E DatabaseUtils: 	at android.content.ContentProvider$Transport.call(ContentProvider.java:398)

01-01 23:28:32.682  1487  3937 E DatabaseUtils: 	at android.content.ContentProviderNative.onTransact(ContentProviderNative.java:283)

01-01 23:28:32.682  1487  3937 E DatabaseUtils: 	at android.os.Binder.execTransact(Binder.java:453)

01-01 23:28:32.695  1487  1504 I LocationManagerService: getProviders()=[]

01-01 23:28:32.695  1487  1504 I LocationManagerService: getProviders()=[]

01-01 23:28:32.695  1487  1504 I LocationManagerService: getBestProvider(Criteria[power=NO_REQ acc=HIGH], true)=null

01-01 23:28:32.696  1487  3806 I LocationManagerService: getLastLocation: Request[ACCURACY_FINE gps requested=0 fastest=0 num=1]

01-01 23:28:32.697  1487  3806 W System.err: java.lang.SecurityException: "gps" location provider requires ACCESS_FINE_LOCATION permission.

01-01 23:28:32.697  1487  3806 W System.err: 	at com.android.server.LocationManagerService.checkResolutionLevelIsSufficientForProviderUse(LocationManagerService.java:1261)

01-01 23:28:32.697  1487  3806 W System.err: 	at com.android.server.LocationManagerService.getLastLocation(LocationManagerService.java:1970)

01-01 23:28:32.697  1487  3806 W System.err: 	at android.location.ILocationManager$Stub.onTransact(ILocationManager.java:158)

01-01 23:28:32.697  1487  3806 W System.err: 	at com.android.server.HwLocationManagerService.onTransact(HwLocationManagerService.java:361)

01-01 23:28:32.697  1487  3806 W System.err: 	at android.os.Binder.execTransact(Binder.java:453)

01-01 23:28:32.702  3935  4655 W System.err: java.lang.SecurityException: getCellLocation: Neither user 10414 nor current process has android.permission.ACCESS_COARSE_LOCATION.

01-01 23:28:32.703  3935  4655 W System.err: 	at android.app.ContextImpl.enforce(ContextImpl.java:1599)

01-01 23:28:32.703  3935  4655 W System.err: 	at android.app.ContextImpl.enforceCallingOrSelfPermission(ContextImpl.java:1631)

01-01 23:28:32.703  3935  4655 W System.err: 	at android.content.ContextWrapper.enforceCallingOrSelfPermission(ContextWrapper.java:675)

01-01 23:28:32.703  3935  4655 W System.err: 	at android.content.ContextWrapper.enforceCallingOrSelfPermission(ContextWrapper.java:675)

01-01 23:28:32.703  3935  4655 W System.err: 	at com.android.phone.PhoneInterfaceManager.enforceFineOrCoarseLocationPermission(PhoneInterfaceManager.java:1874)

01-01 23:28:32.703  3935  4655 W System.err: 	at com.android.phone.PhoneInterfaceManager.getCellLocationForSubscriber(PhoneInterfaceManager.java:1798)

01-01 23:28:32.703  3935  4655 W System.err: 	at com.android.phone.PhoneInterfaceManager.getCellLocation(PhoneInterfaceManager.java:1794)

01-01 23:28:32.703  3935  4655 W System.err: 	at com.android.internal.telephony.ITelephony$Stub.onTransact(ITelephony.java:454)

01-01 23:28:32.703  3935  4655 W System.err: 	at android.os.Binder.execTransact(Binder.java:453)

01-01 23:28:32.706 23210 23210 D MSC_LOG : QMSPLogin Begin

01-01 23:28:32.718 23210 23210 D MSC_LOG : QMSPLogin End

01-01 23:28:32.718 23210 23210 D MscSpeechLog: [MSPLogin]ret:0

01-01 23:28:32.722 23210 23210 E PushFactory: getPushInstance not found push instance.

01-01 23:28:32.724  1487  3937 D HwActivityManagerService: handleANRFilterFIFO,uid = 10414cmd = 0

01-01 23:28:32.732  1487  3412 D HwActivityManagerService: handleANRFilterFIFO,uid = 10414cmd = 1

01-01 23:28:32.735  1487  3955 I ActivityManager: retrieveServiceLocked, callerApp: ProcessRecord{c1d2575 23210:com.uc56.ucexpressbao/u0a414}, flags: 400

01-01 23:28:32.735  1487  3955 W ActivityManager: Unable to start service Intent { cmp=com.uc56.ucexpressbao/com.iflytek.common.LaunchService } U=0: not found

01-01 23:28:32.736 23210 23210 D MscSpeechLog: DC init enable=null

01-01 23:28:32.736 23210 23210 D MscSpeechLog: DC init enter.

01-01 23:28:32.736 23210 23210 D MscSpeechLog: DC getEnable enter.

01-01 23:28:32.736 23210 23210 D MscSpeechLog: DC getEnable static value=true

01-01 23:28:32.736 23210 23210 D MscSpeechLog: getMscParameter enter key=idc

01-01 23:28:32.736 23210 23210 D MscSpeechLog: getMscParameter MSC return -1

01-01 23:28:32.736 23210 23210 D MscSpeechLog: getMscParameter value=null

01-01 23:28:32.736 23210 23210 D MscSpeechLog: getMscParameter leave

01-01 23:28:32.736 23210 23210 D MscSpeechLog: DC getEnable msc val=null

01-01 23:28:32.736 23210 23210 D MscSpeechLog: DC getEnable value=false

01-01 23:28:32.736 23210 23210 D MscSpeechLog: DC getEnable leave.

01-01 23:28:32.736 23210 23210 D MscSpeechLog: DC init is not enable.

01-01 23:28:32.736 23210 23210 D MscSpeechLog: DC init leave.

01-01 23:28:32.744 23210 23210 I art     : Rejecting re-init on previously-failed class java.lang.Class<org.greenrobot.greendao.database.DatabaseOpenHelper$EncryptedHelper>

01-01 23:28:32.744 23210 23210 I art     : Rejecting re-init on previously-failed class java.lang.Class<org.greenrobot.greendao.database.DatabaseOpenHelper$EncryptedHelper>

01-01 23:28:32.745 23210 23210 I art     : Rejecting re-init on previously-failed class java.lang.Class<org.greenrobot.greendao.database.DatabaseOpenHelper$EncryptedHelper>

01-01 23:28:32.746 23210 23210 I art     : Rejecting re-init on previously-failed class java.lang.Class<org.greenrobot.greendao.database.DatabaseOpenHelper$EncryptedHelper>

01-01 23:28:32.746 23210 23210 I art     : Rejecting re-init on previously-failed class java.lang.Class<org.greenrobot.greendao.database.DatabaseOpenHelper$EncryptedHelper>

01-01 23:28:32.746 23210 23210 I art     : Rejecting re-init on previously-failed class java.lang.Class<org.greenrobot.greendao.database.DatabaseOpenHelper$EncryptedHelper>

01-01 23:28:32.746 23210 23210 I art     : Rejecting re-init on previously-failed class java.lang.Class<org.greenrobot.greendao.database.DatabaseOpenHelper$EncryptedHelper>

01-01 23:28:32.748 23210 23210 I art     : Rejecting re-init on previously-failed class java.lang.Class<org.greenrobot.greendao.database.DatabaseOpenHelper$EncryptedHelper>

01-01 23:28:32.748 23210 23210 I art     : Rejecting re-init on previously-failed class java.lang.Class<org.greenrobot.greendao.database.DatabaseOpenHelper$EncryptedHelper>

01-01 23:28:32.749 23210 23210 I art     : Rejecting re-init on previously-failed class java.lang.Class<org.greenrobot.greendao.database.DatabaseOpenHelper$EncryptedHelper>

01-01 23:28:32.750 23210 23210 I art     : Rejecting re-init on previously-failed class java.lang.Class<org.greenrobot.greendao.database.DatabaseOpenHelper$EncryptedHelper>

01-01 23:28:32.750 23210 23210 I art     : Rejecting re-init on previously-failed class java.lang.Class<org.greenrobot.greendao.database.DatabaseOpenHelper$EncryptedHelper>

01-01 23:28:32.750 23210 23210 I art     : Rejecting re-init on previously-failed class java.lang.Class<org.greenrobot.greendao.database.DatabaseOpenHelper$EncryptedHelper>

01-01 23:28:32.774 23210 23210 D hello-jni: Bundle_getDoubleFunc: success to get method ID

01-01 23:28:32.776  1487  3081 D WifiHW  : wifi_send_command: cmd:'IFNAME=wlan0 SIGNAL_POLL'

01-01 23:28:32.776  3751  3751 D wpa_supplicant: wlan0: Control interface command 'SIGNAL_POLL'

01-01 23:28:32.785  1487  3806 D HwActivityManagerService: handleANRFilterFIFO,uid = 10414cmd = 0

01-01 23:28:32.789  3751  3751 E wpa_supplicant: RSSI=-35;LINKSPEED=72;NOISE=9999;FREQUENCY=2432;

01-01 23:28:32.789  1487  3942 D HwActivityManagerService: handleANRFilterFIFO,uid = 10414cmd = 1

01-01 23:28:32.790  1487  3081 E WifiConfigStore: updateConfiguration freq=2432 BSSID=a8:0c:ca:00:0d:4a RSSI=-34 "UCE-Office"WPA_PSK

01-01 23:28:32.790 23210 23210 W DeviceId: galaxy lib host missing meta-data,make sure you know the right way to integrate galaxy

01-01 23:28:32.790 23210 23210 W DeviceId: galaxy lib host missing meta-data,make sure you know the right way to integrate galaxy

01-01 23:28:32.790 23210 23210 W DeviceId: galaxy lib host missing meta-data,make sure you know the right way to integrate galaxy

01-01 23:28:32.796 23210 23210 I BaiduApiAuth: BaiduApiAuth SDK Version:1.0.20

01-01 23:28:32.802 23210 23210 D phoneInfo: mAppSysOSAPI not null

01-01 23:28:32.802 23210 23210 D phoneInfo: Bundle[{screen_x=1080, screen_y=1812, mb=HUAWEI VNS-AL00, os=Android23, sv=4.3.1, cpu=, glr=, glv=, net=0, pcn=com.uc56.ucexpressbao, cuid=BC94FCFB726C3D8EE5F7599BA7E8EA97|0, dpi_x=480, dpi_y=480, resid=02, channel=baidu, signature=[B@2cda560}]

01-01 23:28:32.803  1487  1504 W ActivityManager: getRunningAppProcesses: caller 10414 does not hold REAL_GET_TASKS; limiting output

01-01 23:28:32.805  1487  1505 W ActivityManager: getRunningAppProcesses: caller 10414 does not hold REAL_GET_TASKS; limiting output

01-01 23:28:32.812 23210 23249 I DpmTcmClient: RegisterTcmMonitor from: com.android.okhttp.TcmIdleTimerMonitor

01-01 23:28:32.813 23210 23249 I System  : core_booster, getBoosterConfig = false

01-01 23:28:32.829  1487  3806 W ActivityManager: getRunningAppProcesses: caller 10414 does not hold REAL_GET_TASKS; limiting output

01-01 23:28:32.838  1487  3415 I HwActivityManagerService: PackageName for pid 23210 is com.uc56.ucexpressbao

01-01 23:28:32.838 23210 23210 I HwCust  : Constructor found for class android.app.HwCustAlarmManagerImpl

01-01 23:28:32.838 23210 23210 D HwCust  : Create obj success use class android.app.HwCustAlarmManagerImpl

01-01 23:28:32.841  1487  3958 D HwActivityManagerService: handleANRFilterFIFO,uid = 10414cmd = 0

01-01 23:28:32.845  1487  1505 D HwActivityManagerService: handleANRFilterFIFO,uid = 10414cmd = 1

01-01 23:28:32.846  1487  3198 D HwActivityManagerService: handleANRFilterFIFO,uid = 10414cmd = 0

01-01 23:28:32.850  1487  3415 D HwActivityManagerService: handleANRFilterFIFO,uid = 10414cmd = 1

01-01 23:28:32.851  1487  3941 D HwActivityManagerService: handleANRFilterFIFO,uid = 10414cmd = 0

01-01 23:28:32.856  1487  3806 D HwActivityManagerService: handleANRFilterFIFO,uid = 10414cmd = 1

01-01 23:28:32.866  1487  1505 W ActivityManager: getRunningAppProcesses: caller 10414 does not hold REAL_GET_TASKS; limiting output

01-01 23:28:32.868  1487  3198 I ActivityManager: retrieveServiceLocked, callerApp: ProcessRecord{c1d2575 23210:com.uc56.ucexpressbao/u0a414}, flags: 400

01-01 23:28:32.868  1487  3198 I ActivityManager: bindServiceLocked, r: ServiceRecord{61fb14f u0 euid: 0 com.uc56.ucexpressbao/cn.jpush.android.service.PushService}, euid: 0

01-01 23:28:32.868  1487  3198 I ActivityManager: mAm.startProcessLocked for service: ServiceRecord{61fb14f u0 euid: 0 com.uc56.ucexpressbao/cn.jpush.android.service.PushService}, appinfo euid: 0

01-01 23:28:32.868  1487  3198 I ActivityManager: new Process app=ProcessRecord{59ec0dc 0:com.uc56.ucexpressbao:mult/u0a414}, name: com.uc56.ucexpressbao:mult, euid: 0

01-01 23:28:32.877 23253 23253 D Zygote  : CtrlSocket libc.so ctrl_sockets_set_addr pfunc is not exist!

01-01 23:28:32.878  1487  3198 I ActivityManager: Start proc 23253:com.uc56.ucexpressbao:mult/u0a414 for service com.uc56.ucexpressbao/cn.jpush.android.service.PushService

01-01 23:28:32.880 23253 23253 I art     : Late-enabling -Xcheck:jni

01-01 23:28:32.880  1487  3048 W ActivityManager: getRunningAppProcesses: caller 10414 does not hold REAL_GET_TASKS; limiting output

01-01 23:28:32.881  1487  3942 I ActivityManager: bindServiceLocked, r: ServiceRecord{61fb14f u0 euid: 0 com.uc56.ucexpressbao/cn.jpush.android.service.PushService}, euid: 0

01-01 23:28:32.886 23210 23210 W JIGUANG-JPush: [AndroidUtil] AndroidManifest.xml missing activity: cn.jpush.android.ui.PopWinActivity

01-01 23:28:32.886 23210 23210 W JIGUANG-JPush: [AndroidUtil] You will unable to use pop-window rich push type.

01-01 23:28:32.888  1487  3412 I ActivityManager: bindServiceLocked, r: ServiceRecord{61fb14f u0 euid: 0 com.uc56.ucexpressbao/cn.jpush.android.service.PushService}, euid: 0

01-01 23:28:32.891 23253 23253 D ActivityThread: ActivityThread,attachApplication

01-01 23:28:32.891 23210 23210 I jpushId : 18071adc0308cf24f99

01-01 23:28:32.891  1487  1505 D ActivityManager: ActivityManagerService,attachApplication,callingPid = 23253

01-01 23:28:32.902 23253 23253 D HwCust  : Create obj success use class android.content.res.HwCustHwResourcesImpl

01-01 23:28:32.905 23210 23210 V HwPolicyFactory: : success to get AllImpl object and return....

01-01 23:28:32.907 23210 23210 V HwWidgetFactory: : successes to get AllImpl object and return....

01-01 23:28:32.910 23210 23210 V ActivityThread: ActivityThread,callActivityOnCreate

01-01 23:28:32.910  3183  3183 D ImageWallpaper: onVisibilityChanged: mVisible, visible=true, false

01-01 23:28:32.911  3183  4854 D ImageWallpaper: Suppressed drawFrame since redraw is not needed and offsets have not changed. rotation new/old: 0/0, width new/old: 2160/2160, height new/old: 1920/1920, offsetChanged: false

01-01 23:28:32.914 23210 23249 I System  : core_booster, getBoosterConfig = false

01-01 23:28:32.919 23210 23210 W art     : Before Android 4.1, method android.graphics.PorterDuffColorFilter android.support.graphics.drawable.VectorDrawableCompat.updateTintFilter(android.graphics.PorterDuffColorFilter, android.content.res.ColorStateList, android.graphics.PorterDuff$Mode) would have incorrectly overridden the package-private method in android.graphics.drawable.Drawable

01-01 23:28:32.952  1487  1505 W ActivityManager: getRunningAppProcesses: caller 10414 does not hold REAL_GET_TASKS; limiting output

01-01 23:28:32.973 23253 23253 I ACRA    : ACRA is enabled for com.uc56.ucexpressbao, initializing...

01-01 23:28:32.981 23210 23210 D ActivityThread: add activity client record, r= ActivityRecord{5f753c0 token=android.os.BinderProxy@6acf143 {com.uc56.ucexpressbao/com.uc56.ucexpressbao.activitys.SplashActivity}} token= android.os.BinderProxy@6acf143

01-01 23:28:32.983 23253 23253 I MultiDex: VM with version 2.1.0 has multidex support

01-01 23:28:32.983 23253 23253 I MultiDex: Installing application

01-01 23:28:32.983 23253 23253 I MultiDex: VM has multidex support, MultiDex support library is disabled.

01-01 23:28:32.985  1487  3941 W ActivityManager: getRunningAppProcesses: caller 10414 does not hold REAL_GET_TASKS; limiting output

01-01 23:28:32.986 23253 23253 D MscSpeechLog: process name:com.uc56.ucexpressbao:mult

01-01 23:28:32.987 23253 23253 E MscSpeechLog: init failed, please call this method in your main process!

01-01 23:28:32.999 23253 23253 I art     : Rejecting re-init on previously-failed class java.lang.Class<org.greenrobot.greendao.database.DatabaseOpenHelper$EncryptedHelper>

01-01 23:28:32.999 23253 23253 I art     : Rejecting re-init on previously-failed class java.lang.Class<org.greenrobot.greendao.database.DatabaseOpenHelper$EncryptedHelper>

01-01 23:28:32.999 23253 23253 I art     : Rejecting re-init on previously-failed class java.lang.Class<org.greenrobot.greendao.database.DatabaseOpenHelper$EncryptedHelper>

01-01 23:28:33.000 23253 23253 I art     : Rejecting re-init on previously-failed class java.lang.Class<org.greenrobot.greendao.database.DatabaseOpenHelper$EncryptedHelper>

01-01 23:28:33.000 23253 23253 I art     : Rejecting re-init on previously-failed class java.lang.Class<org.greenrobot.greendao.database.DatabaseOpenHelper$EncryptedHelper>

01-01 23:28:33.000 23253 23253 I art     : Rejecting re-init on previously-failed class java.lang.Class<org.greenrobot.greendao.database.DatabaseOpenHelper$EncryptedHelper>

01-01 23:28:33.000 23253 23253 I art     : Rejecting re-init on previously-failed class java.lang.Class<org.greenrobot.greendao.database.DatabaseOpenHelper$EncryptedHelper>

01-01 23:28:33.000 23210 23285 D OpenGLRenderer: Use EGL_SWAP_BEHAVIOR_PRESERVED: true

01-01 23:28:33.001 23253 23253 I art     : Rejecting re-init on previously-failed class java.lang.Class<org.greenrobot.greendao.database.DatabaseOpenHelper$EncryptedHelper>

01-01 23:28:33.001 23253 23253 I art     : Rejecting re-init on previously-failed class java.lang.Class<org.greenrobot.greendao.database.DatabaseOpenHelper$EncryptedHelper>

01-01 23:28:33.002 23253 23253 I art     : Rejecting re-init on previously-failed class java.lang.Class<org.greenrobot.greendao.database.DatabaseOpenHelper$EncryptedHelper>


2018-01-02 21:47:10,113  - INFO - 开始初始化appium client ip:localhost port:4723
2018-01-02 21:47:34,088  - INFO - 开始初始化案例信息
2018-01-02 21:47:34,088  - INFO - 案例信息:{'id': 'login02', 'name': '登陆', 'description': '测试正常登陆'}
2018-01-02 21:47:35,089  - INFO - 开始初始化案例步骤
2018-01-02 21:47:38,090  - INFO - 执行步骤:{'element': 'android.widget.EditText', 'index': 0, 'find': 'class', 'event': 'setValue', 'params': {'value': 18375547218}, 'description': '帐号赋值：18375547218'}
2018-01-02 21:47:44,929  - INFO - 执行步骤结果:成功
2018-01-02 21:47:47,931  - INFO - 执行步骤:{'element': 'android.widget.EditText', 'index': 1, 'find': 'class', 'event': 'setValue', 'params': {'value': 111111111, 'clear': 18}, 'description': '密码赋值：111111111'}
2018-01-02 21:47:58,896  - INFO - 执行步骤结果:成功
2018-01-02 21:48:01,897  - INFO - 执行步骤:{'element': 'android.widget.Button', 'index': 2, 'find': 'class', 'event': 'click', 'description': '点击登陆'}
2018-01-02 21:48:02,140  - ERROR - 案例步骤 error:案例步骤：元素android.widget.Button未找到
2018-01-02 21:48:06,127  - ERROR - 日志:--------- beginning of crash

01-01 15:17:41.296 17966 17966 F libc    : page record for 0x7f8c030010 was not found (block_size=32)

01-01 15:17:42.941 18130 18130 F libc    : page record for 0x7fa73d6010 was not found (block_size=32)

01-01 17:10:05.419 24114 24114 F libc    : page record for 0x7f93a6e010 was not found (block_size=32)

01-01 17:31:18.768 26043 26043 F libc    : page record for 0x7f82806010 was not found (block_size=32)

--------- beginning of system

01-01 23:17:39.797  1487  1505 I ActivityManager: collectReceiverComponents for intent: Intent { act=com.huawei.android.action.WEATHER_CHANGE flg=0x10 (has extras) }, receivers: [ResolveInfo{a306ead com.huawei.android.totemweather/.wear.ChangeWeatherReceiver m=0x108000 euid=0}]

01-01 23:17:39.829  1487  3491 I ActivityManager: collectReceiverComponents for intent: Intent { act=android.location.LOCATION_REQUEST_CHANGE_ACTION flg=0x10 (has extras) }, receivers: null

01-01 23:17:39.945  1487  3806 I ActivityManager: collectReceiverComponents for intent: Intent { act=android.intent.action.SIG_STR flg=0x20000010 (has extras) }, receivers: null

01-01 23:17:41.713  1487  3412 I ActivityManager: collectReceiverComponents for intent: Intent { act=com.huawei.android.action.WEATHER_CHANGE flg=0x10 (has extras) }, receivers: [ResolveInfo{7c78d73 com.huawei.android.totemweather/.wear.ChangeWeatherReceiver m=0x108000 euid=0}]

01-01 23:17:41.718  1487  3048 I ActivityManager: retrieveServiceLocked, callerApp: ProcessRecord{4ba9d12 19857:com.huawei.android.totemweather/u0a27}, flags: 400

01-01 23:17:41.719  1487  3048 I ActivityManager: bindServiceLocked, r: ServiceRecord{89248a9 u0 euid: 0 com.huawei.android.totemweather/.WeatherService}, euid: 0

01-01 23:17:42.422  1487  1487 D WifiService: onReceive, action:android.intent.action.BATTERY_CHANGED

01-01 23:17:42.422  1487  1487 D WifiService: ACTION_BATTERY_CHANGED pluggedType: 2

01-01 23:17:42.589  1487  3855 D HwLocalLocationProvider: this loc is Better than Last Location

01-01 23:17:42.596  1487  5081 D HwLocalLocationProvider: cellid 44388 is Exist, update  cellinfo to DB

01-01 23:17:42.596  1487  5081 D HwLocalLocationProvider: update loc to cell database

01-01 23:17:42.615  1487  5081 D HwLocalLocationProvider: update loc to bssid database

01-01 23:17:49.366  1487  3415 I ActivityManager: collectReceiverComponents for intent: Intent { act=android.intent.action.SIG_STR flg=0x20000010 (has extras) }, receivers: null

01-01 23:17:55.364  1487  3942 I HwActivityManagerService: PackageName for pid 18899 is com.ss.android.article.news

01-01 23:17:55.372  1487  3806 I ActivityManager: collectReceiverComponents for intent: Intent { act=android.intent.action.SIG_STR flg=0x20000010 (has extras) }, receivers: null

01-01 23:17:58.764  1487  3948 I ActivityManager: collectReceiverComponents for intent: Intent { act=android.intent.action.SIG_STR flg=0x20000010 (has extras) }, receivers: null

01-01 23:17:58.782  1487  3491 I ActivityManager: collectReceiverComponents for intent: Intent { act=android.intent.action.SIG_STR flg=0x20000010 (has extras) }, receivers: null

01-01 23:18:04.790  1487  3822 I ActivityManager: collectReceiverComponents for intent: Intent { act=android.intent.action.SIG_STR flg=0x20000010 (has extras) }, receivers: null

01-01 23:18:08.192  1487  3937 I ActivityManager: collectReceiverComponents for intent: Intent { act=android.intent.action.SIG_STR flg=0x20000010 (has extras) }, receivers: null

01-01 23:18:15.252  1487  3941 I ActivityManager: collectReceiverComponents for intent: Intent { act=android.intent.action.SIG_STR flg=0x20000010 (has extras) }, receivers: null

01-01 23:18:18.780  1487  3198 I ActivityManager: collectReceiverComponents for intent: Intent { act=android.intent.action.SIG_STR flg=0x20000010 (has extras) }, receivers: null

01-01 23:18:21.255  1487  3491 I ActivityManager: collectReceiverComponents for intent: Intent { act=android.intent.action.SIG_STR flg=0x20000010 (has extras) }, receivers: null

01-01 23:18:29.380  1487  3415 I ActivityManager: collectReceiverComponents for intent: Intent { act=android.intent.action.SIG_STR flg=0x20000010 (has extras) }, receivers: null

01-01 23:18:35.386  1487  3415 I ActivityManager: collectReceiverComponents for intent: Intent { act=android.intent.action.SIG_STR flg=0x20000010 (has extras) }, receivers: null

01-01 23:18:36.442  1487  3941 I ActivityManager: collectReceiverComponents for intent: Intent { act=android.intent.action.SIG_STR flg=0x20000010 (has extras) }, receivers: null

01-01 23:18:38.791  1487  3937 I ActivityManager: collectReceiverComponents for intent: Intent { act=android.intent.action.SIG_STR flg=0x20000010 (has extras) }, receivers: null

01-01 23:18:42.424  1487  1487 D WifiService: onReceive, action:android.intent.action.BATTERY_CHANGED

01-01 23:18:42.424  1487  1487 D WifiService: ACTION_BATTERY_CHANGED pluggedType: 2

01-01 23:18:42.445  1487  1505 I ActivityManager: collectReceiverComponents for intent: Intent { act=android.intent.action.SIG_STR flg=0x20000010 (has extras) }, receivers: null

01-01 23:18:48.208  1487  3048 I ActivityManager: collectReceiverComponents for intent: Intent { act=android.intent.action.SIG_STR flg=0x20000010 (has extras) }, receivers: null

01-01 23:18:57.628  1487  1504 I ActivityManager: collectReceiverComponents for intent: Intent { act=android.intent.action.SIG_STR flg=0x20000010 (has extras) }, receivers: null

01-01 23:18:58.800  1487  3942 I ActivityManager: collectReceiverComponents for intent: Intent { act=android.intent.action.SIG_STR flg=0x20000010 (has extras) }, receivers: null

01-01 23:19:01.178  1487  3958 I ActivityManager: Force stopping com.uc56.ucexpressbao appid=10414 user=0: from pid 21390by app

01-01 23:19:01.178  1487  3958 I ActivityManager: Killing 21248:com.uc56.ucexpressbao:mult/u0a414 (adj 1): stop com.uc56.ucexpressbaofrom pid 21390by app

01-01 23:19:01.179  1487  3958 D ActivityManager: cleanUpApplicationRecord -- 21248

01-01 23:19:01.179  1487  3958 W ActivityManager: Scheduling restart of crashed service com.uc56.ucexpressbao/cn.jpush.android.service.PushService in 1000ms

01-01 23:19:01.180  1487  3958 I ActivityManager: cleanUpApplicationRecordLocked, reset pid: 21248, euid: 0

01-01 23:19:01.200  1487  3958 I ActivityManager: Killing 21205:com.uc56.ucexpressbao/u0a414 (adj 0): stop com.uc56.ucexpressbaofrom pid 21390by app

01-01 23:19:01.201  1487  3958 D ActivityManager: cleanUpApplicationRecord -- 21205

01-01 23:19:01.201  1487  3958 I ActivityManager: cleanUpApplicationRecordLocked, reset pid: 21205, euid: 0

01-01 23:19:01.202  1487  3958 W ActivityManager: Force removing ActivityRecord{1e32488 u0 com.uc56.ucexpressbao/.activitys.NewLoginActivity t4818}: app died, no saved state

01-01 23:19:01.225  1487  3958 V HwWindowManagerService: moveTaskToTop mTaskChanged:true

01-01 23:19:01.228  1487  3958 V HwWindowManagerService: setFocusedApp update app ops, mTaskChanged set to:false

01-01 23:19:01.228  1487  3039 I HwWindowManagerService: this win:Window{f9d4461 u0 com.huawei.android.FloatTasks} hase children size:0

01-01 23:19:01.243  1487  3087 D WifiService: Client connection lost with reason: 4

01-01 23:19:01.245  1487  3958 I ActivityManager:   Force stopping service ServiceRecord{e200a7d u0 euid: 0 com.uc56.ucexpressbao/cn.jpush.android.service.PushService}

01-01 23:19:01.245  1487  3958 D HwBroadcastQueue: cleanupDisabledPackageReceiversLocked for userId 0

01-01 23:19:01.245  1487  3958 D HwBroadcastQueue: cleanupDisabledPackageReceiversLocked for userId 0

01-01 23:19:01.245  1487  3958 D HwBroadcastQueue: cleanupDisabledPackageReceiversLocked for userId 0

01-01 23:19:01.245  1487  3958 D HwBroadcastQueue: cleanupDisabledPackageReceiversLocked for userId 0

01-01 23:19:01.248  1487  3958 I ActivityManager: collectReceiverComponents for intent: Intent { act=android.intent.action.PACKAGE_RESTARTED dat=package:com.uc56.ucexpressbao flg=0x10 (has extras) }, receivers: null

01-01 23:19:01.254  1487  1487 I HwCoreAppHelperService: LocalReceiver receives:android.intent.action.PACKAGE_RESTARTED

01-01 23:19:01.266  1487  3087 D WifiService: Client connection lost with reason: 4

01-01 23:19:01.287  1487  1504 V HwPhoneWindowManager: updateSystemUiColorLw window=Window{24a420d u0 com.huawei.android.launcher/com.huawei.android.launcher.Launcher},EmuiStyle=-1,StatusBarColor=0xfff0f0f0,NavigationBarColor=0x0

01-01 23:19:01.290  3183  3195 D CommandQueue: CommandQueue, onTransaction

01-01 23:19:01.290  3183  3195 D CommandQueue: CommandQueue, setBarBackgroundColor

01-01 23:19:01.291  1487  3955 I ActivityManager: collectReceiverComponents for intent: Intent { act=com.huawei.android.action.launcher_weather_icon_change flg=0x10 (has extras) }, receivers: null

01-01 23:19:01.322  1487  3198 I ActivityManager: collectReceiverComponents for intent: Intent { act=com.huawei.android.action.WIDGET_FOCUS_CHANGE flg=0x10 (has extras) }, receivers: null

01-01 23:19:01.335  1487  3941 W InputMethodManagerService: Got RemoteException sending setActive(false) notification to pid 21205 uid 10414

01-01 23:19:01.342  1487  1505 I ActivityManager: collectReceiverComponents for intent: Intent { act=com.baidu.input.entry.launcer flg=0x10 (has extras) }, receivers: null

01-01 23:19:02.241  1487  3040 I ActivityManager: resolve info: ResolveInfo{82612d5 com.huawei.android.launcher/.Launcher m=0x108000 euid=0}, euid: 0

01-01 23:19:02.242  1487  3040 I ActivityManager: ActivityRecord info: ActivityInfo{7b11aea com.huawei.android.launcher.Launcher}, euid=0

01-01 23:19:02.246  1487  3040 V HwWindowManagerService: moveTaskToTop mTaskChanged:true

01-01 23:19:02.491  1487  3958 W WindowManager: Attempted to remove non-existing token: android.os.Binder@1f61047

01-01 23:19:03.492  1487  3412 I ActivityManager: Force stopping io.appium.unlock appid=10288 user=0: from pid 21417by app

01-01 23:19:03.494  1487  3412 D HwBroadcastQueue: cleanupDisabledPackageReceiversLocked for userId 0

01-01 23:19:03.494  1487  3412 D HwBroadcastQueue: cleanupDisabledPackageReceiversLocked for userId 0

01-01 23:19:03.494  1487  3412 D HwBroadcastQueue: cleanupDisabledPackageReceiversLocked for userId 0

01-01 23:19:03.494  1487  3412 D HwBroadcastQueue: cleanupDisabledPackageReceiversLocked for userId 0

01-01 23:19:03.495  1487  3412 I ActivityManager: collectReceiverComponents for intent: Intent { act=android.intent.action.PACKAGE_RESTARTED dat=package:io.appium.unlock flg=0x10 (has extras) }, receivers: null

01-01 23:19:03.498  1487  1487 I HwCoreAppHelperService: LocalReceiver receives:android.intent.action.PACKAGE_RESTARTED

01-01 23:19:03.627  1487  3806 I ActivityManager: collectReceiverComponents for intent: Intent { act=android.intent.action.SIG_STR flg=0x20000010 (has extras) }, receivers: null

01-01 23:19:14.103  1487  3198 I ActivityManager: collectReceiverComponents for intent: Intent { act=android.intent.action.SIG_STR flg=0x20000010 (has extras) }, receivers: null

01-01 23:19:18.812  1487  3937 I ActivityManager: collectReceiverComponents for intent: Intent { act=android.intent.action.SIG_STR flg=0x20000010 (has extras) }, receivers: null

