2018-01-02 21:45:37,897  - INFO - 开始初始化appium client ip:localhost port:4723
2018-01-02 21:46:00,623  - INFO - 开始初始化案例信息
2018-01-02 21:46:00,623  - INFO - 案例信息:{'id': 'login01', 'name': '登陆', 'description': '测试正常登陆'}
2018-01-02 21:46:01,624  - INFO - 开始初始化案例步骤
2018-01-02 21:46:04,624  - INFO - 执行步骤:{'element': 'phone_num', 'elementIos': 'phone_num', 'find': 'id', 'event': 'setValue', 'params': {'value': 18375547218}, 'description': '帐号赋值：18375547218'}
2018-01-02 21:46:10,575  - INFO - 执行步骤结果:成功
2018-01-02 21:46:13,575  - INFO - 执行步骤:{'element': 'password', 'elementIos': 'password', 'find': 'id', 'event': 'setValue', 'params': {'value': 111111111, 'clear': 18}, 'description': '密码赋值：111111111'}
2018-01-02 21:46:24,985  - INFO - 执行步骤结果:成功
2018-01-02 21:46:27,985  - INFO - 执行步骤:{'element': 'login_button', 'elementIos': 'login_button', 'find': 'id', 'event': 'click', 'description': '点击登陆'}
2018-01-02 21:46:28,557  - INFO - 执行步骤结果:成功
2018-01-02 21:46:28,557  - INFO - 开始案例检测点
2018-01-02 21:46:28,558  - INFO - 案例检测点信息:{'element': 'line_home', 'elementIos': 'line_home', 'find': 'id', 'event': 'exist', 'description': '检测是否进入到了首页'}
2018-01-02 21:47:06,170  - ERROR - 案例检测点 error:案例检测点：元素line_home未找到
2018-01-02 21:47:10,107  - ERROR - 日志:--------- beginning of crash

01-01 15:17:41.296 17966 17966 F libc    : page record for 0x7f8c030010 was not found (block_size=32)

01-01 15:17:42.941 18130 18130 F libc    : page record for 0x7fa73d6010 was not found (block_size=32)

01-01 17:10:05.419 24114 24114 F libc    : page record for 0x7f93a6e010 was not found (block_size=32)

01-01 17:31:18.768 26043 26043 F libc    : page record for 0x7f82806010 was not found (block_size=32)

--------- beginning of system

01-01 23:16:36.493  1487  3822 I ActivityManager: retrieveServiceLocked, callerApp: ProcessRecord{d807604 3426:android.process.acore/u0a2}, flags: 400

01-01 23:16:36.494  1487  3822 I ActivityManager: bindServiceLocked, r: ServiceRecord{2c43f49 u0 euid: 0 com.android.providers.contacts/.VoicemailCleanupService}, euid: 0

01-01 23:16:36.506  1487  3189 I ActivityManager: new Process app=ProcessRecord{44d604e 0:com.android.gallery3d/u0a16}, name: com.android.gallery3d, euid: 0

01-01 23:16:36.522  1487  3189 I ActivityManager: Start proc 20552:com.android.gallery3d/u0a16 for broadcast com.android.gallery3d/com.huawei.gallery.photoshare.receiver.GalleryPackageMonitor

01-01 23:16:36.525  1487  3822 I ActivityManager: collectReceiverComponents for intent: Intent { act=com.huawei.appmarket.service.downloadservice.Receiver flg=0x10 }, receivers: null

01-01 23:16:36.539 20552 20552 D ActivityThread: ActivityThread,attachApplication

01-01 23:16:36.540  1487  3048 D ActivityManager: ActivityManagerService,attachApplication,callingPid = 20552

01-01 23:16:36.579  1487  3198 I HwActivityManagerService: PackageName for pid 20552 is com.android.gallery3d

01-01 23:16:36.660  1487  1505 I ActivityManager: retrieveServiceLocked, callerApp: ProcessRecord{44d604e 20552:com.android.gallery3d/u0a16}, flags: 400

01-01 23:16:36.661  1487  1505 I ActivityManager: bindServiceLocked, r: ServiceRecord{a591bd u0 euid: 0 com.huawei.android.ds/com.huawei.android.cg.CloudGallaryService}, euid: 0

01-01 23:16:36.666  1487  3048 I ActivityManager: retrieveServiceLocked, callerApp: ProcessRecord{44d604e 20552:com.android.gallery3d/u0a16}, flags: 400

01-01 23:16:36.666  1487  3048 I ActivityManager: bindServiceLocked, r: ServiceRecord{e14d3b2 u0 euid: 0 com.android.gallery3d/com.huawei.gallery.photoshare.receiver.GalleryPackageMonitor$AsyncService}, euid: 0

01-01 23:16:36.672  1487  3937 I ActivityManager: new Process app=ProcessRecord{50a8f03 0:com.android.musicfx/u0a21}, name: com.android.musicfx, euid: 0

01-01 23:16:36.696  1487  3937 I ActivityManager: Start proc 20574:com.android.musicfx/u0a21 for broadcast com.android.musicfx/.Compatibility$Receiver

01-01 23:16:36.712 20574 20574 D ActivityThread: ActivityThread,attachApplication

01-01 23:16:36.712  1487  3806 D ActivityManager: ActivityManagerService,attachApplication,callingPid = 20574

01-01 23:16:36.745  1487  1526 W BroadcastQueue: Permission Denial: broadcasting Intent { act=android.net.conn.CONNECTIVITY_CHANGE flg=0x4000010 (has extras) } from null (pid=-1, uid=-1) requires com.huawei.cg.permission.SERVICE due to registered receiver BroadcastFilter{df270a u0 ReceiverList{f923b75 8895 com.huawei.android.ds/1001/u0 remote:b4a82ac}}

01-01 23:16:36.746  1487  1526 W BroadcastQueue: Permission Denial: broadcasting Intent { act=android.intent.action.BATTERY_CHANGED flg=0x60000010 (has extras) } from null (pid=-1, uid=-1) requires com.huawei.cg.permission.SERVICE due to registered receiver BroadcastFilter{df270a u0 ReceiverList{f923b75 8895 com.huawei.android.ds/1001/u0 remote:b4a82ac}}

01-01 23:16:36.752  1487  3941 I ActivityManager: retrieveServiceLocked, callerApp: ProcessRecord{50a8f03 20574:com.android.musicfx/u0a21}, flags: 400

01-01 23:16:36.752  1487  3941 I ActivityManager: bindServiceLocked, r: ServiceRecord{fd0a9d6 u0 euid: 0 com.android.musicfx/.Compatibility$Service}, euid: 0

01-01 23:16:36.764  1487  3948 I ActivityManager: retrieveServiceLocked, callerApp: ProcessRecord{42d83d6 3299:com.huawei.systemmanager:service/1000}, flags: 400

01-01 23:16:36.765  1487  3948 I ActivityManager: bindServiceLocked, r: ServiceRecord{11bb457 u0 euid: 0 com.huawei.systemmanager/.util.content.HsmIntentService_bg}, euid: 0

01-01 23:16:36.770  1487  1505 I ActivityManager: Killing 19526:com.svox.pico/u0a70 (adj 15): empty #16

01-01 23:16:36.772  1487  3822 I ActivityManager: new Process app=ProcessRecord{c087b44 0:com.huawei.systemmanager/1000}, name: com.huawei.systemmanager, euid: 0

01-01 23:16:36.787  1487  3822 I ActivityManager: Start proc 20594:com.huawei.systemmanager/1000 for broadcast com.huawei.systemmanager/com.huawei.permissionmanager.ui.AppInstallationReceiver

01-01 23:16:36.789  1487  3958 V HwNotificationManagerService: Notification db cfg changed

01-01 23:16:36.791  1487 20601 V HwNotificationManagerService: HwCfgLoadingRunnable: Starts 

01-01 23:16:36.793  1487  3822 I ActivityManager: Killing 19539:com.android.shell/2000 (adj 15): empty #16

01-01 23:16:36.803  1487 20601 V HwNotificationManagerService: HwCfgLoadingRunnable: get cfg size:68

01-01 23:16:36.804  1487 20601 V HwNotificationManagerService: HwCfgLoadingRunnable: Ends. 

01-01 23:16:36.809 20594 20594 D ActivityThread: ActivityThread,attachApplication

01-01 23:16:36.810  1487  3198 D ActivityManager: ActivityManagerService,attachApplication,callingPid = 20594

01-01 23:16:36.897  1487  3412 D ActivityManager: cleanUpApplicationRecord -- 19526

01-01 23:16:36.897  1487  3412 I ActivityManager: cleanUpApplicationRecordLocked, reset pid: 19526, euid: 0

01-01 23:16:36.911  1487  3941 D ActivityManager: cleanUpApplicationRecord -- 19539

01-01 23:16:36.912  1487  3941 I ActivityManager: cleanUpApplicationRecordLocked, reset pid: 19539, euid: 0

01-01 23:16:36.939 20594 20594 W ContextImpl: Calling a method in the system process without a qualified user: android.app.ContextImpl.startService:1381 android.content.ContextWrapper.startService:581 com.huawei.systemmanager.SystemManagerApplication.startMainService:199 com.huawei.systemmanager.SystemManagerApplication.startServices:100 com.huawei.systemmanager.SystemManagerApplication.onCreate:83 

01-01 23:16:36.942 20594 20594 W ContextImpl: Calling a method in the system process without a qualified user: android.app.ContextImpl.startService:1381 android.content.ContextWrapper.startService:581 com.huawei.systemmanager.SystemManagerApplication.startPreventModeService:145 com.huawei.systemmanager.SystemManagerApplication.startServices:101 com.huawei.systemmanager.SystemManagerApplication.onCreate:83 

01-01 23:16:36.948 20594 20594 W ContextImpl: Calling a method in the system process without a qualified user: android.app.ContextImpl.startService:1381 android.content.ContextWrapper.startService:581 com.huawei.systemmanager.SystemManagerApplication.startPermissionService:150 com.huawei.systemmanager.SystemManagerApplication.startServices:102 com.huawei.systemmanager.SystemManagerApplication.onCreate:83 

01-01 23:16:36.963 20594 20594 W ContextImpl: Calling a method in the system process without a qualified user: android.app.ContextImpl.startService:1381 android.content.ContextWrapper.startService:581 com.huawei.systemmanager.SystemManagerApplication.startBgStaticsService:161 com.huawei.systemmanager.SystemManagerApplication.startServices:104 com.huawei.systemmanager.SystemManagerApplication.onCreate:83 

01-01 23:16:36.966 20594 20594 W ContextImpl: Calling a method in the system process without a qualified user: android.app.ContextImpl.startService:1381 android.content.ContextWrapper.startService:581 com.huawei.systemmanager.SystemManagerApplication.startNetControllService:168 com.huawei.systemmanager.SystemManagerApplication.startServices:105 com.huawei.systemmanager.SystemManagerApplication.onCreate:83 

01-01 23:16:36.968 20594 20594 W ContextImpl: Calling a method in the system process without a qualified user: android.app.ContextImpl.startService:1381 android.content.ContextWrapper.startService:581 com.huawei.systemmanager.SystemManagerApplication.startAppLockService:173 com.huawei.systemmanager.SystemManagerApplication.startServices:106 com.huawei.systemmanager.SystemManagerApplication.onCreate:83 

01-01 23:16:36.970 20594 20594 W ContextImpl: Calling a method in the system process without a qualified user: android.app.ContextImpl.startService:1381 android.content.ContextWrapper.startService:581 com.huawei.systemmanager.SystemManagerApplication.startSpaceCleanService:178 com.huawei.systemmanager.SystemManagerApplication.startServices:110 com.huawei.systemmanager.SystemManagerApplication.onCreate:83 

01-01 23:16:36.973 20594 20594 W ContextImpl: Calling a method in the system process without a qualified user: android.app.ContextImpl.startService:1381 android.content.ContextWrapper.startService:581 com.huawei.systemmanager.SystemManagerApplication.startStarupService:183 com.huawei.systemmanager.SystemManagerApplication.startServices:111 com.huawei.systemmanager.SystemManagerApplication.onCreate:83 

01-01 23:16:36.975 20594 20594 W ContextImpl: Calling a method in the system process without a qualified user: android.app.ContextImpl.startService:1381 android.content.ContextWrapper.startService:581 com.huawei.systemmanager.SystemManagerApplication.startAntivirusService:188 com.huawei.systemmanager.SystemManagerApplication.startServices:112 com.huawei.systemmanager.SystemManagerApplication.onCreate:83 

01-01 23:16:37.078 20594 20594 W ContextImpl: Calling a method in the system process without a qualified user: android.app.ContextImpl.startService:1381 android.content.ContextWrapper.startService:581 tmsdk.common.TMSDKContext.start:-1 tmsdk.common.TMSDKContext.init:-1 com.huawei.systemmanager.sdk.tmsdk.TMSdkEngine.init:42 

01-01 23:16:37.104  1487  3189 I ActivityManager: retrieveServiceLocked, callerApp: ProcessRecord{c087b44 20594:com.huawei.systemmanager/1000}, flags: 400

01-01 23:16:37.104  1487  3189 I ActivityManager: bindServiceLocked, r: ServiceRecord{5f2b29d u0 euid: 0 com.huawei.systemmanager/.util.content.HsmIntentService_ui}, euid: 0

01-01 23:16:37.107 20594 20594 W ContextImpl: Calling a method in the system process without a qualified user: android.app.ContextImpl.bindService:1445 android.content.ContextWrapper.bindService:604 com.huawei.systemmanager.hsmstat.HsmStatProxy.bindService:263 com.huawei.systemmanager.hsmstat.HsmStatProxy.access$000:31 com.huawei.systemmanager.hsmstat.HsmStatProxy$1.handleMessage:65 

01-01 23:16:37.204 19581 19581 W ContextImpl: Calling a method in the system process without a qualified user: android.app.ContextImpl.startService:1381 android.content.ContextWrapper.startService:581 android.content.ContextWrapper.startService:581 com.android.settings.applications.BlackListReceiver.onReceive:35 android.app.ActivityThread.handleReceiver:2788 

01-01 23:16:37.205  1487  3412 I ActivityManager: retrieveServiceLocked, callerApp: ProcessRecord{4c09b67 19581:com.android.settings/1000}, flags: 400

01-01 23:16:37.205  1487  3412 I ActivityManager: bindServiceLocked, r: ServiceRecord{d70bce0 u0 euid: 0 com.android.settings/.applications.BlackListService}, euid: 0

01-01 23:16:37.214  1487  3942 I ActivityManager: new Process app=ProcessRecord{5d4c70c 0:com.huawei.android.remotecontrol:pushservice/u0a55}, name: com.huawei.android.remotecontrol:pushservice, euid: 0

01-01 23:16:37.223 20594 20683 W ContextImpl: Calling a method in the system process without a qualified user: android.app.ContextImpl.startService:1381 android.content.ContextWrapper.startService:581 com.huawei.systemmanager.spacecleanner.receiver.SpaceCleanReceiver.checkRarelyUsedApp:129 com.huawei.systemmanager.spacecleanner.receiver.SpaceCleanReceiver.doInBackground:57 java.lang.reflect.Method.invoke:-2 

01-01 23:16:37.225  1487  3942 I ActivityManager: Start proc 20685:com.huawei.android.remotecontrol:pushservice/u0a55 for broadcast com.huawei.android.remotecontrol/com.huawei.android.pushagent.PushEventReceiver

01-01 23:16:37.247  1487  3822 D NetdConnector: SND -> {292 bandwidth firewall allow mobile 10429 1}

01-01 23:16:37.254 20685 20685 D ActivityThread: ActivityThread,attachApplication

01-01 23:16:37.255  1487  3958 D ActivityManager: ActivityManagerService,attachApplication,callingPid = 20685

01-01 23:16:37.308  1487  3076 D NetdConnector: RCV <- {500 292 Usage: bandwidth firewall allow <interface>  <appUid>}

01-01 23:16:37.308  1487  3076 D NetdConnector: RCV <- {500 292 Usage: bandwidth firewall allow <interface>  <appUid>}

01-01 23:16:37.308  1487  3822 E NetdConnector: NDC client error throw NativeDaemonArgumentException

01-01 23:16:37.324  1487  3941 D WifiService: getWifiServiceMessenger, pid:20594, uid:1000

01-01 23:16:37.327  1487  3087 D WifiService: New client listening to asynchronous messages

01-01 23:16:37.359  1487  3948 D NetdConnector: SND -> {293 bandwidth firewall allow wifi 10429 2}

01-01 23:16:37.377  1487  3942 I ActivityManager: collectReceiverComponents for intent: Intent { act=huawei.intent.action.HW_STOPPED_PACKAGE_ACTION flg=0x10 (has extras) }, receivers: null

01-01 23:16:37.416  1487  3076 D NetdConnector: RCV <- {500 293 Usage: bandwidth firewall allow <interface>  <appUid>}

01-01 23:16:37.416  1487  3076 D NetdConnector: RCV <- {500 293 Usage: bandwidth firewall allow <interface>  <appUid>}

01-01 23:16:37.417  1487  3948 E NetdConnector: NDC client error throw NativeDaemonArgumentException

01-01 23:16:37.626  1487  3189 W ContextImpl: Calling a method in the system process without a qualified user: android.app.ContextImpl.sendBroadcast:851 com.android.server.pm.HwPackageManagerService.parseInstallerInfo:2265 com.android.server.pm.PackageManagerService.installPackageAsUser:10506 android.content.pm.IPackageManager$Stub.onTransact:975 com.android.server.pm.PackageManagerService.onTransact:2840 

01-01 23:16:37.626  1487  3189 V HwPackageManagerService: installPackageWithVerificationAndEncryption:  uid= 2000, pid=20637, packageUri= /data/local/tmp/settings_apk-debug.apk

01-01 23:16:37.626  1487  1579 I ActivityManager: retrieveServiceLocked, callerApp: ProcessRecord{1875d71 0:system/1000}, flags: 400

01-01 23:16:37.627  1487  1579 I ActivityManager: bindServiceLocked, r: ServiceRecord{41d1e10 u0 euid: 0 com.android.defcontainer/.DefaultContainerService}, euid: 0

01-01 23:16:37.645  8541  8552 D DefContainer: Copying /data/local/tmp/settings_apk-debug.apk to base.apk

01-01 23:16:37.767  1487  3491 I ActivityManager: new Process app=ProcessRecord{f396de6 0:com.huawei.android.pushagent/u0a52}, name: com.huawei.android.pushagent, euid: 0

01-01 23:16:37.779  1487  3491 I ActivityManager: Start proc 20734:com.huawei.android.pushagent/u0a52 for broadcast com.huawei.android.pushagent/.PushEventReceiver

01-01 23:16:37.807 20734 20734 D ActivityThread: ActivityThread,attachApplication

01-01 23:16:37.808  1487  3198 D ActivityManager: ActivityManagerService,attachApplication,callingPid = 20734

01-01 23:16:38.005  1487  1579 W PackageManager: Not granting permission android.permission.ACCESS_MOCK_LOCATION to package io.appium.settings (protectionLevel=2 flags=0x3808be46)

01-01 23:16:38.005  1487  1579 W PackageManager: Not granting permission android.permission.SET_ANIMATION_SCALE to package io.appium.settings (protectionLevel=50 flags=0x3808be46)

01-01 23:16:38.195  1487  1579 I HwPackageManagerService: AntiMalware is closed

01-01 23:16:38.196  1487  1579 W BackupManagerService: Requested unavailable transport: com.google.android.gms/.backup.BackupTransportService

01-01 23:16:38.197  1487  1579 W ContextImpl: Calling a method in the system process without a qualified user: android.app.ContextImpl.sendBroadcast:872 com.android.server.pm.HwPackageManagerService.parseInstalledPkgInfo:2289 com.android.server.pm.PackageManagerService.parseInstalledPkgInfo:18302 com.android.server.pm.PackageManagerService.access$1400:341 com.android.server.pm.PackageManagerService$PackageHandler.doHandleMessage:1536 

01-01 23:16:38.201  1487  1504 I ActivityManager: retrieveServiceLocked, callerApp: ProcessRecord{4ba9d12 19857:com.huawei.android.totemweather/u0a27}, flags: 400

01-01 23:16:38.202  1487  1504 I ActivityManager: bindServiceLocked, r: ServiceRecord{8fc2b40 u0 euid: 0 com.huawei.android.totemweather/.WeatherService}, euid: 0

01-01 23:16:38.205  1487  1579 V HwPackageManagerService: POST_INSTALL:  pkgName = io.appium.settings, pkgUri = /data/local/tmp/settings_apk-debug.apk, pkgVerName = 2.2, pkgVerCode = 4, resultCode = 1, pkgUpdate = false

01-01 23:16:38.238  1487  3941 I ActivityManager: collectReceiverComponents for intent: Intent { act=com.huawei.android.action.WEATHER_CHANGE flg=0x10 (has extras) }, receivers: [ResolveInfo{c0c1a79 com.huawei.android.totemweather/.wear.ChangeWeatherReceiver m=0x108000 euid=0}]

01-01 23:16:38.255  1487  3806 D HwLocalLocationProvider: HwLocalLocationManager requestLocation

01-01 23:16:38.255  1487  4838 D HwLocalLocationProvider: start query Loc Form DB 

01-01 23:16:38.256  1487  4838 I HwLocalLocationProvider: query loc Form Cell Table,cellid == 44388

01-01 23:16:38.256  1487  3806 I ActivityManager: collectReceiverComponents for intent: Intent { act=android.location.LOCATION_REQUEST_CHANGE_ACTION flg=0x10 (has extras) }, receivers: null

01-01 23:16:38.261  1487  4838 D HwLocalLocationProvider: queryLocFormCellIdTable success

01-01 23:16:38.262  1487  4838 I HwLocalLocationProvider: query Loc Form cellid , locCellID = Location[local_database 31******,121****** acc=2761 et=+10h22m42s127ms {Bundle[{key_loc_tableID=cellID, key_loc_source=fused}]}]

01-01 23:16:38.263  1487  4838 W HwLocalLocationProvider: query Loc Form bssid , locBssID = null.  return locCellID

01-01 23:16:38.263  1487  1487 D HwLocalLocationProvider: has query Loc Form DB and send msg to Hander

01-01 23:16:38.263  1487  3855 W ContextImpl: Calling a method in the system process without a qualified user: android.app.ContextImpl.sendBroadcast:872 com.android.server.location.HwLocalLocationManager$LocalLocationHandler.handleMessage:964 android.os.Handler.dispatchMessage:102 android.os.Looper.loop:150 android.os.HandlerThread.run:61 

01-01 23:16:38.264  1487  3855 I ActivityManager: collectReceiverComponents for intent: Intent { act=action_inject_location flg=0x10 (has extras) }, receivers: null

01-01 23:16:38.264  1487  3855 D HwLocalLocationProvider: sendBroadcast ACTION_INJECT_LOCATION

01-01 23:16:38.299  1487  3958 I ActivityManager: collectReceiverComponents for intent: Intent { act=android.location.LOCATION_REQUEST_CHANGE_ACTION flg=0x10 (has extras) }, receivers: null

01-01 23:16:38.308  1487  3948 I ActivityManager: Killing 18300:com.huawei.android.ds:pushservice/1001 (adj 15): empty #16

01-01 23:16:38.310  1487  3948 I ActivityManager: new Process app=ProcessRecord{12ae535 0:com.android.keychain/1000}, name: com.android.keychain, euid: 0

01-01 23:16:38.323  1487  3948 I ActivityManager: Start proc 20761:com.android.keychain/1000 for broadcast com.android.keychain/.KeyChainBroadcastReceiver

01-01 23:16:38.337 20761 20761 D ActivityThread: ActivityThread,attachApplication

01-01 23:16:38.338  1487  3048 D ActivityManager: ActivityManagerService,attachApplication,callingPid = 20761

01-01 23:16:38.363 20761 20761 W ContextImpl: Calling a method in the system process without a qualified user: android.app.ContextImpl.startService:1381 android.content.ContextWrapper.startService:581 android.content.ContextWrapper.startService:581 com.android.keychain.KeyChainBroadcastReceiver.onReceive:12 android.app.ActivityThread.handleReceiver:2788 

01-01 23:16:38.364  1487  3948 I ActivityManager: retrieveServiceLocked, callerApp: ProcessRecord{12ae535 20761:com.android.keychain/1000}, flags: 400

01-01 23:16:38.364  1487  3948 I ActivityManager: bindServiceLocked, r: ServiceRecord{1dffb3b u0 euid: 0 com.android.keychain/.KeyChainService}, euid: 0

01-01 23:16:38.373  1487  3806 W BroadcastQueue: Exception when sending broadcast to ComponentInfo{com.huawei.android.ds/com.huawei.android.pushagent.PushEventReceiver}

01-01 23:16:38.373  1487  3806 W BroadcastQueue: android.os.DeadObjectException: Transaction failed on small parcel; remote process probably died

01-01 23:16:38.373  1487  3806 W BroadcastQueue: 	at android.os.BinderProxy.transactNative(Native Method)

01-01 23:16:38.373  1487  3806 W BroadcastQueue: 	at android.os.BinderProxy.transact(Binder.java:505)

01-01 23:16:38.373  1487  3806 W BroadcastQueue: 	at android.app.ApplicationThreadProxy.scheduleReceiver(ApplicationThreadNative.java:891)

01-01 23:16:38.373  1487  3806 W BroadcastQueue: 	at com.android.server.am.BroadcastQueue.processCurBroadcastLocked(BroadcastQueue.java:360)

01-01 23:16:38.373  1487  3806 W BroadcastQueue: 	at com.android.server.am.BroadcastQueue.processNextBroadcast(BroadcastQueue.java:1184)

01-01 23:16:38.373  1487  3806 W BroadcastQueue: 	at com.android.server.am.ActivityManagerService.finishReceiver(ActivityManagerService.java:18358)

01-01 23:16:38.373  1487  3806 W BroadcastQueue: 	at android.app.ActivityManagerNative.onTransact(ActivityManagerNative.java:496)

01-01 23:16:38.373  1487  3806 W BroadcastQueue: 	at com.android.server.am.ActivityManagerService.onTransact(ActivityManagerService.java:2746)

01-01 23:16:38.373  1487  3806 W BroadcastQueue: 	at com.android.server.am.HwActivityManagerService.onTransact(HwActivityManagerService.java:426)

01-01 23:16:38.373  1487  3806 W BroadcastQueue: 	at android.os.Binder.execTransact(Binder.java:453)

01-01 23:16:38.373  1487  3806 D ActivityManager: cleanUpApplicationRecord -- 18300

01-01 23:16:38.398  1487  3806 I ActivityManager: Start proc 20778:com.huawei.android.ds:pushservice/1001 for broadcast com.huawei.android.ds/com.huawei.android.pushagent.PushEventReceiver

01-01 23:16:38.404  1487  1579 I ActivityManager: collectReceiverComponents for intent: Intent { act=android.intent.action.PACKAGE_ADDED dat=package:io.appium.settings flg=0x4000010 (has extras) }, receivers: [ResolveInfo{58c2258 com.huawei.appmarket/.service.installresult.control.InstallerReceiver p=2147483647 m=0x208000 euid=0}, ResolveInfo{7319fb1 com.android.contacts/.compatibility.ContactsProviderReceiver p=1000 m=0x208000 euid=0}, ResolveInfo{2af1c96 com.ss.android.article.news/com.ss.android.derivative.AppListener p=100 m=0x208000 euid=0}, ResolveInfo{1491017 com.android.providers.contacts/.PackageIntentReceiver m=0x208000 euid=0}, ResolveInfo{7cd0c04 com.android.gallery3d/com.huawei.gallery.photoshare.receiver.GalleryPackageMonitor m=0x208000 euid=0}, ResolveInfo{b0f85ed com.android.musicfx/.Compatibility$Receiver m=0x208000 euid=0}, ResolveInfo{2b86c22 com.huawei.systemmanager/com.huawei.notificationmanager.receiver.Receiver m=0x208000 euid=0}, ResolveInfo{dc496b3 com.huawei.systemmanager/com.huawei.permissionmanager.ui.AppInstallationReceiver m=0x208000 euid=0}, ResolveInfo{410e470 com.huawei.systemmanager/.optimize.OptimizeReceiver m=0x208000 euid=0}, ResolveInfo{f6b93e9 com.huawei.systemmanager/.power.receiver.BootBroadcastReceiver m=0x208000 euid=0}, ResolveInfo{715286e com.huawei.systemmanager/.netassistant.netapp.receiver.AppChangeReceiver m=0x208000 euid=0}, ResolveInfo{967eb0f com.huawei.systemmanager/.antivirus.AntiVirusReceiver m=0x208000 euid=0}, ResolveInfo{777d79c com.huawei.systemmanager/.addviewmonitor.AppChangeReceiver m=0x208000 euid=0}, ResolveInfo{6085a5 com.huawei.systemmanager/.rainbow.client.background.broadcast.SecurityBroadcastReceiver m=0x208000 euid=0}, ResolveInfo{46f5d7a com.huawei.systemmanager/.spacecleanner.receiver.SpaceCleanReceiver m=0x208000 euid=0}, ResolveInfo{842292b com.android.phone/.vvm.omtp.VvmPackageInstallReceiver m=0x208000 euid=0}, ResolveInfo{ef8d188 com.android.settings/.applications.BlackListReceiver m=0x208000 euid=0}, ResolveInfo{6f8d721 com.huawei.securitymgr/.AppUninstallReceiver m=0x208000 euid=0}, ResolveInfo{e05d746 com.huawei.android.remotecontrol/com.huawei.android.pushagent.PushEventReceiver m=0x208000 euid=0}, ResolveInfo{6382d07 com.huawei.android.pushagent/.PushEventReceiver m=0x208000 euid=0}, ResolveInfo{e0d7e34 com.huawei.bd/.collector.BDReceiver m=0x208000 euid=0}, ResolveInfo{86ac45d com.svox.pico/.VoiceDataInstallerReceiver m=0x208000 euid=0}, ResolveInfo{a3821d2 com.huawei.android.ds/com.huawei.android.pushagent.PushEventReceiver m=0x208000 euid=0}, ResolveInfo{ea092a3 com.huawei.android.ds/com.huawei.android.remotecontrol.receiver.UpdateAPKReceiver m=0x208000 euid=0}, ResolveInfo{41e49a0 com.android.browser/com.uc.base.system.receivers.SysReceiver m=0x208000 euid=0}, ResolveInfo{d144959 com.huawei.remoteassistant/com.huawei.android.pushagent.PushEventReceiver m=0x208000 euid=0}, ResolveInfo{3d2891e com.ss.android.article.news/com.ss.android.common.applog.HotsoonReceiver m=0x208000 euid=0}, ResolveInfo{19fb5ff com.ss.android.article.news/com.ss.android.download.DownloadReceiver m=0x208000 euid=0}, ResolveInfo{cae5fcc com.ss.android.article.news/com.huawei.android.pushagent.PushEventReceiver m=0x208000 euid=0}, ResolveInfo{b372215 com.ss.android.article.news/com.ss.android.message.MessageReceiver m=0x208000 euid=0}, ResolveInfo{41a192a com.ss.android.article.news/cn.jpush.android.service.PushReceiver m=0x208000 euid=0}]

01-01 23:16:38.406  1487  3078 V NetworkPolicy: ACTION_PACKAGE_ADDED for uid=10430

01-01 23:16:38.412  1487  3097 I ActivityManager: retrieveServiceLocked, callerApp: ProcessRecord{1875d71 0:system/1000}, flags: 400

01-01 23:16:38.413  1487  3097 I ActivityManager: retrieveServiceLocked, callerApp: ProcessRecord{1875d71 0:system/1000}, flags: 400

01-01 23:16:38.425 20778 20778 D ActivityThread: ActivityThread,attachApplication

01-01 23:16:38.427  1487  1529 W libprocessgroup: failed to open /acct/uid_1001/pid_18300/cgroup.procs: No such file or directory

01-01 23:16:38.431  1487  3948 W IntentResolver: resolveIntent: multiple matches, only some with CATEGORY_DEFAULT

01-01 23:16:38.432  1487  3198 I ActivityManager: Killing 19558:com.android.browser/u0a30 (adj 15): empty #16

01-01 23:16:38.432  1487  1505 I ActivityManager: retrieveServiceLocked, callerApp: ProcessRecord{da2ea97 3183:com.android.systemui/u0a31}, flags: 400

01-01 23:16:38.433  1487  1505 I ActivityManager: bindServiceLocked, r: ServiceRecord{d0a7ecd u0 euid: 0 com.android.systemui/.statusbar.toolbox.ToolBoxService}, euid: 0

01-01 23:16:38.435  1487  3942 I ActivityManager: collectReceiverComponents for intent: Intent { act=com.huawei.appmarket.service.downloadservice.Receiver flg=0x10 }, receivers: null

01-01 23:16:38.436  1487  3198 W IntentResolver: resolveIntent: multiple matches, only some with CATEGORY_DEFAULT

01-01 23:16:38.445  1487  3941 D ActivityManager: ActivityManagerService,attachApplication,callingPid = 20778

01-01 23:16:38.451  1487  3806 W IntentResolver: resolveIntent: multiple matches, only some with CATEGORY_DEFAULT

01-01 23:16:38.455  1487  3048 W IntentResolver: resolveIntent: multiple matches, only some with CATEGORY_DEFAULT

01-01 23:16:38.455  1487  3955 I ActivityManager: collectReceiverComponents for intent: Intent { act=com.huawei.appmarket.service.downloadservice.Receiver flg=0x10 }, receivers: null

01-01 23:16:38.455  1487  1487 I SmartHeartBeat: listenAppUpdate, package: io.appium.settings has been Updated

01-01 23:16:38.504  1487  1525 W InputMethodManagerService: buildInputMethodListLocked: Skipping IME com.huawei.secime

01-01 23:16:38.516  1487  1487 D NetdConnector: SND -> {294 network permission user set NETWORK 10430}

01-01 23:16:38.518  1487  3076 D NetdConnector: RCV <- {200 294 success}

01-01 23:16:38.518  1487  3076 D NetdConnector: RCV <- {200 294 success}

01-01 23:16:38.531  1487  3806 D ActivityManager: cleanUpApplicationRecord -- 19558

01-01 23:16:38.532  1487  3806 I ActivityManager: cleanUpApplicationRecordLocked, reset pid: 19558, euid: 0

01-01 23:16:38.536  1487  1525 I HwInputMethodManagerService: isSecureIMEExist = true

01-01 23:16:38.539  1487  1525 W InputMethodManagerService: buildInputMethodListLocked: Skipping IME com.baidu.input_huawei

01-01 23:16:38.540  1487  1525 W InputMethodManagerService: buildInputMethodListLocked: Skipping IME com.baidu.input

01-01 23:16:38.543  1487  1525 W InputMethodManagerService: buildInputMethodListLocked: Skipping IME com.android.inputmethod.latin

01-01 23:16:38.543  1487  1525 W InputMethodManagerService: buildInputMethodListLocked: Skipping IME com.nuance.swype.emui

01-01 23:16:38.543  1487  1525 W InputMethodManagerService: Default IME is uninstalled. Choose new default IME.

01-01 23:16:38.553  1487  3412 W IntentResolver: resolveIntent: multiple matches, only some with CATEGORY_DEFAULT

01-01 23:16:38.557  1487  3822 W IntentResolver: resolveIntent: multiple matches, only some with CATEGORY_DEFAULT

01-01 23:16:38.560  1487  1505 W IntentResolver: resolveIntent: multiple matches, only some with CATEGORY_DEFAULT

01-01 23:16:38.563  1487  3937 W IntentResolver: resolveIntent: multiple matches, only some with CATEGORY_DEFAULT

01-01 23:16:38.644  1487  1525 I ActivityManager: collectReceiverComponents for intent: Intent { act=android.search.action.SEARCHABLES_CHANGED flg=0x24000010 }, receivers: null

01-01 23:16:38.644  1487  1525 W VoiceInteractionManagerService: no available voice recognition services found for user 0

01-01 23:16:38.689  1487  1504 I ActivityManager: retrieveServiceLocked, callerApp: ProcessRecord{5a9e864 19042:com.ss.android.article.news/u0a364}, flags: 400

01-01 23:16:38.689  1487  1504 W ActivityManager: Unable to start service Intent { act=android.intent.action.PACKAGE_REMOVED dat=package:io.appium.settings flg=0x4000010 cmp=com.ss.android.article.news/.TaobaoIntentService (has extras) } U=0: not found

01-01 23:16:38.698  1487  3822 I ActivityManager: Killing 19881:com.huawei.intelligent/u0a15 (adj 15): empty #16

01-01 23:16:38.708  1487  3958 I ActivityManager: collectReceiverComponents for intent: Intent { act=android.intent.action.SIG_STR flg=0x20000010 (has extras) }, receivers: null

01-01 23:16:38.758  1487  1504 D ActivityManager: cleanUpApplicationRecord -- 19881

01-01 23:16:38.758  1487  1504 I ActivityManager: cleanUpApplicationRecordLocked, reset pid: 19881, euid: 0

01-01 23:16:38.852  1487  1504 I ActivityManager: collectReceiverComponents for intent: Intent { act=PACKAGE_ADDED_OR_REMOVED flg=0x10 pkg=com.huawei.systemmanager (has extras) }, receivers: null

01-01 23:16:38.873  1487  1487 I ActivityManager: new Process app=ProcessRecord{65a78eb 0:com.android.documentsui/u0a43}, name: com.android.documentsui, euid: 0

01-01 23:16:38.889  1487  1487 I ActivityManager: Start proc 20823:com.android.documentsui/u0a43 for broadcast com.android.documentsui/.PackageReceiver

01-01 23:16:38.910 20823 20823 D ActivityThread: ActivityThread,attachApplication

01-01 23:16:38.911  1487  1505 D ActivityManager: ActivityManagerService,attachApplication,callingPid = 20823

01-01 23:16:39.014  1487  3941 I ActivityManager: Killing 19940:com.android.providers.calendar/u0a36 (adj 15): empty #16

01-01 23:16:39.017  1487  3937 I ActivityManager: new Process app=ProcessRecord{a2a961d 0:com.android.externalstorage/u0a5}, name: com.android.externalstorage, euid: 0

01-01 23:16:39.029  1487  3937 I ActivityManager: Start proc 20840:com.android.externalstorage/u0a5 for content provider com.android.externalstorage/.ExternalStorageProvider

01-01 23:16:39.030  1487  3937 V ActivityManager_MU: Waiting to start provider ContentProviderRecord{54cf092 u0 euid:0 com.android.externalstorage/.ExternalStorageProvider} launchingApp=ProcessRecord{a2a961d 20840:com.android.externalstorage/u0a5} caller pid= 20823

01-01 23:16:39.031  1487  3958 D ActivityManager: cleanUpApplicationRecord -- 19940

01-01 23:16:39.031  1487  3958 I ActivityManager: cleanUpApplicationRecordLocked, reset pid: 19940, euid: 0

01-01 23:16:39.074 20840 20840 D ActivityThread: ActivityThread,attachApplication

01-01 23:16:39.075  1487  3412 D ActivityManager: ActivityManagerService,attachApplication,callingPid = 20840

01-01 23:16:39.092  1487  3415 I ActivityManager: Killing 19920:com.android.calendar/u0a7 (adj 15): empty #16

01-01 23:16:39.130  1487  3937 V ActivityManager: Successfully start provider ContentProviderRecord{54cf092 u0 euid:0 com.android.externalstorage/.ExternalStorageProvider} launchingApp=ProcessRecord{a2a961d 20840:com.android.externalstorage/u0a5} caller pid= 20823

01-01 23:16:39.193  1487  3958 I ActivityManager: Killing 20275:com.huawei.android.UEInfoCheck/1000 (adj 15): empty #16

01-01 23:16:39.205  1487  3189 I ActivityManager: collectReceiverComponents for intent: Intent { act=com.huawei.appmarket.service.downloadservice.Receiver flg=0x10 }, receivers: null

01-01 23:16:39.216  1487  3491 I ActivityManager: retrieveServiceLocked, callerApp: ProcessRecord{44d604e 20552:com.android.gallery3d/u0a16}, flags: 400

01-01 23:16:39.216  1487  3491 I ActivityManager: bindServiceLocked, r: ServiceRecord{9869660 u0 euid: 0 com.android.gallery3d/com.huawei.gallery.photoshare.receiver.GalleryPackageMonitor$AsyncService}, euid: 0

01-01 23:16:39.219  1487  3948 D ActivityManager: cleanUpApplicationRecord -- 19920

01-01 23:16:39.220  1487  3948 I ActivityManager: cleanUpApplicationRecordLocked, reset pid: 19920, euid: 0

01-01 23:16:39.249  1487  3937 I ActivityManager: retrieveServiceLocked, callerApp: ProcessRecord{50a8f03 20574:com.android.musicfx/u0a21}, flags: 400

01-01 23:16:39.249  1487  3937 I ActivityManager: bindServiceLocked, r: ServiceRecord{e5f7719 u0 euid: 0 com.android.musicfx/.Compatibility$Service}, euid: 0

01-01 23:16:39.273  1487  3822 I ActivityManager: retrieveServiceLocked, callerApp: ProcessRecord{42d83d6 3299:com.huawei.systemmanager:service/1000}, flags: 400

01-01 23:16:39.275  1487  3822 I ActivityManager: bindServiceLocked, r: ServiceRecord{b4583de u0 euid: 0 com.huawei.systemmanager/.util.content.HsmIntentService_bg}, euid: 0

01-01 23:16:39.281  1487  1504 I ActivityManager: retrieveServiceLocked, callerApp: ProcessRecord{c087b44 20594:com.huawei.systemmanager/1000}, flags: 400

01-01 23:16:39.282  1487  1504 I ActivityManager: bindServiceLocked, r: ServiceRecord{67af9bf u0 euid: 0 com.huawei.systemmanager/.util.content.HsmIntentService_ui}, euid: 0

01-01 23:16:39.298  1487  3412 D ActivityManager: cleanUpApplicationRecord -- 20275

01-01 23:16:39.298  1487  3412 I ActivityManager: cleanUpApplicationRecordLocked, reset pid: 20275, euid: 0

01-01 23:16:39.308  1487  3822 I ActivityManager: retrieveServiceLocked, callerApp: ProcessRecord{5d951b5 20507:com.huawei.appmarket/u0a11}, flags: 400

01-01 23:16:39.308  1487  3822 I ActivityManager: bindServiceLocked, r: ServiceRecord{32eb88c u0 euid: 0 com.huawei.appmarket/.service.deamon.download.DownloadService}, euid: 0

01-01 23:16:39.315  1487  3937 V HwNotificationManagerService: Notification db cfg changed

01-01 23:16:39.316  1487 20877 V HwNotificationManagerService: HwCfgLoadingRunnable: Starts 

01-01 23:16:39.336  1487 20877 V HwNotificationManagerService: HwCfgLoadingRunnable: get cfg size:69

01-01 23:16:39.344  1487 20877 V HwNotificationManagerService: HwCfgLoadingRunnable: Ends. 

01-01 23:16:39.365 20594 20594 W ContextImpl: Calling a method in the system process without a qualified user: android.app.ContextImpl.startService:1381 android.content.ContextWrapper.startService:581 android.content.ContextWrapper.startService:581 com.huawei.systemmanager.antivirus.utils.AntiVirusTools.checkVirusForNewInstalledApk:568 com.huawei.systemmanager.antivirus.AntiVirusReceiver.onReceive:35 

01-01 23:16:39.373  1487  3198 I ActivityManager: retrieveServiceLocked, callerApp: ProcessRecord{c087b44 20594:com.huawei.systemmanager/1000}, flags: 400

01-01 23:16:39.380  1487  3948 D WifiService: getWifiServiceMessenger, pid:20507, uid:10011

01-01 23:16:39.408  1487  3958 I ActivityManager: new Process app=ProcessRecord{dc18d24 0:com.android.shell/2000}, name: com.android.shell, euid: 0

01-01 23:16:39.428  1487  3958 I ActivityManager: Start proc 20885:com.android.shell/2000 for content provider com.android.shell/.BugreportStorageProvider

01-01 23:16:39.429  1487  3958 V ActivityManager_MU: Waiting to start provider ContentProviderRecord{242408d u0 euid:0 com.android.shell/.BugreportStorageProvider} launchingApp=ProcessRecord{dc18d24 20885:com.android.shell/2000} caller pid= 20823

01-01 23:16:39.432  1487  3941 I ActivityManager: collectReceiverComponents for intent: Intent { act=com.huawei.systemmanager.action.found_virusscan_app flg=0x10 pkg=com.huawei.systemmanager (has extras) }, receivers: null

01-01 23:16:39.432  1487  3948 I ActivityManager: collectReceiverComponents for intent: Intent { act=huawei.intent.action.HW_STOPPED_PACKAGE_ACTION flg=0x10 (has extras) }, receivers: null

01-01 23:16:39.434 20594 20681 W ContextImpl: Calling a method in the system process without a qualified user: android.app.ContextImpl.startService:1381 android.content.ContextWrapper.startService:581 com.huawei.systemmanager.spacecleanner.receiver.SpaceCleanReceiver.checkRarelyUsedApp:129 com.huawei.systemmanager.spacecleanner.receiver.SpaceCleanReceiver.doInBackground:57 java.lang.reflect.Method.invoke:-2 

01-01 23:16:39.436 20594 20676 W ContextImpl: Calling a method in the system process without a qualified user: android.app.ContextImpl.startService:1381 android.content.ContextWrapper.startService:581 com.huawei.systemmanager.rainbow.client.background.broadcast.SecurityBroadcastReceiver.doInBackground:130 java.lang.reflect.Method.invoke:-2 com.huawei.systemmanager.util.content.HsmIntentService$Work.reflectTargetReceiver:231 

01-01 23:16:39.437  1487  3948 I ActivityManager: retrieveServiceLocked, callerApp: ProcessRecord{c087b44 20594:com.huawei.systemmanager/1000}, flags: 400

01-01 23:16:39.438  1487  3948 I ActivityManager: bindServiceLocked, r: ServiceRecord{feea242 u0 euid: 0 com.huawei.systemmanager/.rainbow.client.background.service.RainbowCommonService}, euid: 0

01-01 23:16:39.446  1487  3948 I HwMtmBroadcastResourceManager: removeReceiver mtm Broadcast

01-01 23:16:39.450 19581 19581 W ContextImpl: Calling a method in the system process without a qualified user: android.app.ContextImpl.startService:1381 android.content.ContextWrapper.startService:581 android.content.ContextWrapper.startService:581 com.android.settings.applications.BlackListReceiver.onReceive:35 android.app.ActivityThread.handleReceiver:2788 

01-01 23:16:39.451  1487  1504 I ActivityManager: retrieveServiceLocked, callerApp: ProcessRecord{4c09b67 19581:com.android.settings/1000}, flags: 400

01-01 23:16:39.452  1487  1504 I ActivityManager: bindServiceLocked, r: ServiceRecord{f176253 u0 euid: 0 com.android.settings/.applications.BlackListService}, euid: 0

01-01 23:16:39.458 20885 20885 D ActivityThread: ActivityThread,attachApplication

01-01 23:16:39.461  1487  3941 D ActivityManager: ActivityManagerService,attachApplication,callingPid = 20885

01-01 23:16:39.472  1487  3948 I ActivityManager: collectReceiverComponents for intent: Intent { act=PACKAGE_ADDED_OR_REMOVED flg=0x10 pkg=com.huawei.systemmanager (has extras) }, receivers: null

01-01 23:16:39.490 20594 20898 W ActivityThread: ClassLoader.loadClass: The class loader returned by Thread.getContextClassLoader() may fail for processes that host multiple applications. You should explicitly specify a context class loader. For example: Thread.setContextClassLoader(getClass().getClassLoader());

01-01 23:16:39.509  1487  3958 V ActivityManager: Successfully start provider ContentProviderRecord{242408d u0 euid:0 com.android.shell/.BugreportStorageProvider} launchingApp=ProcessRecord{dc18d24 20885:com.android.shell/2000} caller pid= 20823

01-01 23:16:39.510  1487  3942 I ActivityManager: new Process app=ProcessRecord{41f5889 0:com.svox.pico/u0a70}, name: com.svox.pico, euid: 0

01-01 23:16:39.529  1487  3942 I ActivityManager: Start proc 20912:com.svox.pico/u0a70 for broadcast com.svox.pico/.VoiceDataInstallerReceiver

01-01 23:16:39.552 20912 20912 D ActivityThread: ActivityThread,attachApplication

01-01 23:16:39.553  1487  3491 D ActivityManager: ActivityManagerService,attachApplication,callingPid = 20912

01-01 23:16:39.615  1487  3822 I ActivityManager: new Process app=ProcessRecord{2f81ff2 0:com.android.browser/u0a30}, name: com.android.browser, euid: 0

01-01 23:16:39.628  1487  3822 I ActivityManager: Start proc 20943:com.android.browser/u0a30 for broadcast com.android.browser/com.uc.base.system.receivers.SysReceiver

01-01 23:16:39.632  1487  3822 I ActivityManager: Killing 19846:com.huawei.motionservice/u0a10 (adj 15): empty #16

01-01 23:16:39.665  1487  3412 I ActivityManager: collectReceiverComponents for intent: Intent { act=com.huawei.android.action.WEATHER_CHANGE flg=0x10 (has extras) }, receivers: [ResolveInfo{48d8643 com.huawei.android.totemweather/.wear.ChangeWeatherReceiver m=0x108000 euid=0}]

01-01 23:16:39.667 20943 20943 D ActivityThread: ActivityThread,attachApplication

01-01 23:16:39.668  1487  3415 D ActivityManager: ActivityManagerService,attachApplication,callingPid = 20943

01-01 23:16:39.672  1487  1504 I ActivityManager: retrieveServiceLocked, callerApp: ProcessRecord{4ba9d12 19857:com.huawei.android.totemweather/u0a27}, flags: 400

01-01 23:16:39.673  1487  1504 I ActivityManager: bindServiceLocked, r: ServiceRecord{c64493e u0 euid: 0 com.huawei.android.totemweather/.WeatherService}, euid: 0

01-01 23:16:39.714  1487  3048 I ProcessStatsService: Added stats: 2018-01-02-02-45-50, over +31s367ms

01-01 23:16:39.721  1487  3048 I ProcessStatsService: Added stats: 2018-01-01-17-23-57, over +7h2m56s572ms

01-01 23:16:39.725  1487  3198 D ActivityManager: cleanUpApplicationRecord -- 19846

01-01 23:16:39.726  1487  3198 I ActivityManager: cleanUpApplicationRecordLocked, reset pid: 19846, euid: 0

01-01 23:16:39.727  1487  3048 I ProcessStatsService: Added stats: 2018-01-01-11-38-28, over +5h45m28s570ms

01-01 23:16:39.733  1487  3048 I ProcessStatsService: Added stats: 2017-12-31-14-00-00, over +21h38m28s673ms

01-01 23:16:39.768  1487  3048 I ProcessStatsService: Added stats: 2018-01-02-02-45-50, over +31s367ms

01-01 23:16:39.773  1487  3048 I ProcessStatsService: Added stats: 2018-01-01-17-23-57, over +7h2m56s572ms

01-01 23:16:39.855  1487  3958 I ActivityManager: collectReceiverComponents for intent: Intent { act=com.huawei.appmarket.service.downloadservice.Receiver flg=0x10 }, receivers: null

01-01 23:16:39.868  1487  3048 I HwActivityManagerService: PackageName for pid 20943 is com.android.browser

01-01 23:16:39.905  1487  3198 I ActivityManager: Killing 20761:com.android.keychain/1000 (adj 15): empty #16

01-01 23:16:40.015  1487  3958 D ActivityManager: cleanUpApplicationRecord -- 20761

01-01 23:16:40.016  1487  3958 I ActivityManager: cleanUpApplicationRecordLocked, reset pid: 20761, euid: 0

01-01 23:16:40.043  1487  3491 I ActivityManager: Killing 20823:com.android.documentsui/u0a43 (adj 15): empty #16

01-01 23:16:40.120  1487  3937 D ActivityManager: cleanUpApplicationRecord -- 20823

01-01 23:16:40.120  1487  3937 I ActivityManager: cleanUpApplicationRecordLocked, reset pid: 20823, euid: 0

01-01 23:16:42.424  1487  1487 D WifiService: onReceive, action:android.intent.action.BATTERY_CHANGED

01-01 23:16:42.424  1487  1487 D WifiService: ACTION_BATTERY_CHANGED pluggedType: 2

01-01 23:16:42.589  1487  3855 D HwLocalLocationProvider: this loc is Better than Last Location

01-01 23:16:42.591  1487  5951 D HwLocalLocationProvider: cellid 44388 is Exist, update  cellinfo to DB

01-01 23:16:42.592  1487  5951 D HwLocalLocationProvider: update loc to cell database

01-01 23:16:42.608  1487  5951 D HwLocalLocationProvider: update loc to bssid database

01-01 23:16:44.455  1487  3948 I ActivityManager: resolve info: ResolveInfo{fe50487 io.appium.settings/.Settings m=0x0 euid=0}, euid: 0

01-01 23:16:44.456  1487  3948 I ActivityManager: ActivityRecord info: ActivityInfo{34e3fb4 io.appium.settings.Settings}, euid=0

01-01 23:16:44.470  1487  3948 I ActivityManager: create new task record, multiLaunchId: 0, intent = Intent { act=android.intent.action.MAIN cat=[android.intent.category.LAUNCHER] flg=0x10a00000 cmp=io.appium.settings/.Settings }

01-01 23:16:44.475  1487  3948 V HwWindowManagerService: moveTaskToTop mTaskChanged:true

01-01 23:16:44.506  1487  3948 V HwWindowManagerService: moveTaskToTop mTaskChanged:true

01-01 23:16:44.507  1487  3948 V HwWindowManagerService: setFocusedApp update app ops, mTaskChanged set to:false

01-01 23:16:44.507  1487  3039 I HwWindowManagerService: this win:Window{f9d4461 u0 com.huawei.android.FloatTasks} hase children size:0

01-01 23:16:44.514  1487  3941 I ActivityManager: mService.startProcessLocked for activity: ActivityRecord{8f227dd u0 io.appium.settings/.Settings t4817}, appinfo euid: 0

01-01 23:16:44.514  1487  3941 I ActivityManager: new Process app=ProcessRecord{1a11a13 0:io.appium.settings/u0a430}, name: io.appium.settings, euid: 0

01-01 23:16:44.532  1487  3941 I ActivityManager: Start proc 21071:io.appium.settings/u0a430 for activity io.appium.settings/.Settings

01-01 23:16:44.548 21071 21071 D ActivityThread: ActivityThread,attachApplication

01-01 23:16:44.550  1487  3415 I ActivityManager: collectReceiverComponents for intent: Intent { act=com.huawei.android.action.WIDGET_FOCUS_CHANGE flg=0x10 (has extras) }, receivers: null

01-01 23:16:44.551  1487  3937 D ActivityManager: ActivityManagerService,attachApplication,callingPid = 21071

01-01 23:16:44.555  1487  3937 I ActivityManager: launch r: ActivityRecord{8f227dd u0 io.appium.settings/.Settings t4817}, uid = 10430, r.info.applicationInfo.euid  = 0

01-01 23:16:44.627 21071 21071 V ActivityThread: ActivityThread,callActivityOnCreate

01-01 23:16:44.692 21071 21071 D ActivityThread: add activity client record, r= ActivityRecord{54e50ff token=android.os.BinderProxy@2feb01e {io.appium.settings/io.appium.settings.Settings}} token= android.os.BinderProxy@2feb01e

01-01 23:16:44.716  1487  3955 V HwPhoneWindowManager: updateSystemUiColorLw window=Window{636b626 u0 io.appium.settings/io.appium.settings.Settings},EmuiStyle=0,StatusBarColor=0xff000000,NavigationBarColor=0xff000000

01-01 23:16:44.717  3183 32502 D CommandQueue: CommandQueue, onTransaction

01-01 23:16:44.717  3183 32502 D CommandQueue: CommandQueue, setBarBackgroundColor

01-01 23:16:44.902  1487  3048 I HwMtmBroadcastResourceManager: removeReceiver mtm Broadcast

01-01 23:16:44.903  1487  3491 I HwMtmBroadcastResourceManager: removeReceiver mtm Broadcast

01-01 23:16:44.904  1487  3415 I HwMtmBroadcastResourceManager: removeReceiver mtm Broadcast

01-01 23:16:45.721  1487  3189 V HwWindowManagerService: moveTaskToTop mTaskChanged:true

01-01 23:16:45.722  1487  3189 V HwWindowManagerService: setFocusedApp update app ops, mTaskChanged set to:false

01-01 23:16:45.723  1487  3039 I HwWindowManagerService: this win:Window{f9d4461 u0 com.huawei.android.FloatTasks} hase children size:0

01-01 23:16:45.735  1487  1526 I ActivityManager: Killing 20840:com.android.externalstorage/u0a5 (adj 15): empty #16

01-01 23:16:45.742 21071 21071 D ActivityThread: Remove activity client record, r= ActivityRecord{54e50ff token=android.os.BinderProxy@2feb01e {io.appium.settings/io.appium.settings.Settings}} token= android.os.BinderProxy@2feb01e

01-01 23:16:45.775  1487  3822 I ActivityManager: collectReceiverComponents for intent: Intent { act=com.huawei.android.action.launcher_weather_icon_change flg=0x10 (has extras) }, receivers: null

01-01 23:16:45.782  1487  1504 I ActivityManager: new Process app=ProcessRecord{9ba357 0:com.huawei.motionservice/u0a10}, name: com.huawei.motionservice, euid: 0

01-01 23:16:45.785  1487  3937 V HwPhoneWindowManager: updateSystemUiColorLw window=Window{24a420d u0 com.huawei.android.launcher/com.huawei.android.launcher.Launcher},EmuiStyle=-1,StatusBarColor=0xfff0f0f0,NavigationBarColor=0x0

01-01 23:16:45.797  1487  1504 I ActivityManager: Start proc 21096:com.huawei.motionservice/u0a10 for content provider com.huawei.motionservice/.common.HwMotionProvider

01-01 23:16:45.797  1487  1504 V ActivityManager_MU: Waiting to start provider ContentProviderRecord{a533e44 u0 euid:0 com.huawei.motionservice/.common.HwMotionProvider} launchingApp=ProcessRecord{9ba357 21096:com.huawei.motionservice/u0a10} caller pid= 4097

01-01 23:16:45.799  3183  4564 D CommandQueue: CommandQueue, onTransaction

01-01 23:16:45.799  3183  4564 D CommandQueue: CommandQueue, setBarBackgroundColor

01-01 23:16:45.833 21096 21096 D ActivityThread: ActivityThread,attachApplication

01-01 23:16:45.833  1487  3942 D ActivityManager: ActivityManagerService,attachApplication,callingPid = 21096

