01-01 23:19:21.165  1487  3941 I ActivityManager: collectReceiverComponents for intent: Intent { act=android.intent.action.SIG_STR flg=0x20000010 (has extras) }, receivers: null

01-01 23:19:27.166  1487  3941 I ActivityManager: collectReceiverComponents for intent: Intent { act=android.intent.action.SIG_STR flg=0x20000010 (has extras) }, receivers: null

01-01 23:19:38.833  1487  3941 I ActivityManager: collectReceiverComponents for intent: Intent { act=android.intent.action.SIG_STR flg=0x20000010 (has extras) }, receivers: null

01-01 23:19:39.205  1487  3076 D NetdConnector: RCV <- {613 IfaceClass idle 1 37543070226719}

01-01 23:19:39.205  1487  3076 D NetdConnector: RCV <- {613 IfaceClass idle 1 37543070226719}

01-01 23:19:39.206  1487  1533 D NetdConnector: RCV unsolicited event from native daemon, event = 613 IfaceClass idle 1 37543070226719

01-01 23:19:39.206  1487  1533 D NetworkManagement: notifyInterfaceClassActivity: client is com.android.server.connectivity.Tethering@4642f59

01-01 23:19:39.206  1487  1533 D NetworkManagement: notifyInterfaceClassActivity: client is com.android.server.net.NetlinkTracker@5c27dfa

01-01 23:19:39.206  1487  1533 D NetworkManagement: notifyInterfaceClassActivity: client is com.android.server.connectivity.Vpn$3@85a4b3a

01-01 23:19:39.206  1487  1533 D NetworkManagement: notifyInterfaceClassActivity: client is com.android.server.net.NetworkPolicyManagerService$14@a6ebbdc

01-01 23:19:39.206  1487  1533 D NetworkManagement: notifyInterfaceClassActivity: client is android.net.INetworkManagementEventObserver$Stub$Proxy@97e9214

01-01 23:19:39.207  1487  1533 D NetworkManagement: notifyInterfaceClassActivity: client is com.android.server.net.NetworkStatsService$7@cbd1e50

01-01 23:19:39.207  1487  1533 D NetworkManagement: notifyInterfaceClassActivity: client is com.android.server.ConnectivityService$2@ceb771e

01-01 23:19:39.207  1487  1533 I ActivityManager: collectReceiverComponents for intent: Intent { act=android.net.conn.DATA_ACTIVITY_CHANGE flg=0x10 (has extras) }, receivers: null

01-01 23:19:41.824  1487  3948 I ActivityManager: retrieveServiceLocked, callerApp: ProcessRecord{4ba9d12 19857:com.huawei.android.totemweather/u0a27}, flags: 400

01-01 23:19:41.825  1487  3948 I ActivityManager: bindServiceLocked, r: ServiceRecord{270c153 u0 euid: 0 com.huawei.android.totemweather/.WeatherService}, euid: 0

01-01 23:19:41.851  1487  3955 D HwLocalLocationProvider: HwLocalLocationManager requestLocation

01-01 23:19:41.852  1487  5632 D HwLocalLocationProvider: start query Loc Form DB 

01-01 23:19:41.852  1487  5632 I HwLocalLocationProvider: query loc Form Cell Table,cellid == 44388

01-01 23:19:41.852  1487  3955 I ActivityManager: collectReceiverComponents for intent: Intent { act=android.location.LOCATION_REQUEST_CHANGE_ACTION flg=0x10 (has extras) }, receivers: null

01-01 23:19:41.856  1487  3189 D WifiService: startScan, pid:4154, uid:10022

01-01 23:19:41.859  1487  5632 D HwLocalLocationProvider: queryLocFormCellIdTable success

01-01 23:19:41.859  1487  5632 I HwLocalLocationProvider: query Loc Form cellid , locCellID = Location[local_database 31******,121****** acc=356 et=+10h25m45s724ms {Bundle[{key_loc_tableID=cellID, key_loc_source=fused}]}]

01-01 23:19:41.863  1487  5632 W HwLocalLocationProvider: query Loc Form bssid , locBssID = null.  return locCellID

01-01 23:19:41.863  1487  1487 D HwLocalLocationProvider: has query Loc Form DB and send msg to Hander

01-01 23:19:41.863  1487  3855 W ContextImpl: Calling a method in the system process without a qualified user: android.app.ContextImpl.sendBroadcast:872 com.android.server.location.HwLocalLocationManager$LocalLocationHandler.handleMessage:964 android.os.Handler.dispatchMessage:102 android.os.Looper.loop:150 android.os.HandlerThread.run:61 

01-01 23:19:41.864  1487  3855 I ActivityManager: collectReceiverComponents for intent: Intent { act=action_inject_location flg=0x10 (has extras) }, receivers: null

01-01 23:19:41.864  1487  3855 D HwLocalLocationProvider: sendBroadcast ACTION_INJECT_LOCATION

01-01 23:19:41.869  1487  3806 I ActivityManager: collectReceiverComponents for intent: Intent { act=com.huawei.android.action.WEATHER_CHANGE flg=0x10 (has extras) }, receivers: [ResolveInfo{43ccb8e com.huawei.android.totemweather/.wear.ChangeWeatherReceiver m=0x108000 euid=0}]

01-01 23:19:41.922  1487  3415 I ActivityManager: collectReceiverComponents for intent: Intent { act=android.location.LOCATION_REQUEST_CHANGE_ACTION flg=0x10 (has extras) }, receivers: null

01-01 23:19:41.929  1487  3076 D NetdConnector: RCV <- {613 IfaceClass active 1 37545794746041 10027}

01-01 23:19:41.930  1487  3076 D NetdConnector: RCV <- {613 IfaceClass active 1 37545794746041 10027}

01-01 23:19:41.930  1487  1533 D NetdConnector: RCV unsolicited event from native daemon, event = 613 IfaceClass active 1 37545794746041 10027

01-01 23:19:41.930  1487  1533 D NetworkManagement: notifyInterfaceClassActivity: client is com.android.server.connectivity.Tethering@4642f59

01-01 23:19:41.930  1487  1533 D NetworkManagement: notifyInterfaceClassActivity: client is com.android.server.net.NetlinkTracker@5c27dfa

01-01 23:19:41.930  1487  1533 D NetworkManagement: notifyInterfaceClassActivity: client is com.android.server.connectivity.Vpn$3@85a4b3a

01-01 23:19:41.930  1487  1533 D NetworkManagement: notifyInterfaceClassActivity: client is com.android.server.net.NetworkPolicyManagerService$14@a6ebbdc

01-01 23:19:41.930  1487  1533 D NetworkManagement: notifyInterfaceClassActivity: client is android.net.INetworkManagementEventObserver$Stub$Proxy@97e9214

01-01 23:19:41.931  1487  1533 D NetworkManagement: notifyInterfaceClassActivity: client is com.android.server.net.NetworkStatsService$7@cbd1e50

01-01 23:19:41.931  1487  1533 D NetworkManagement: notifyInterfaceClassActivity: client is com.android.server.ConnectivityService$2@ceb771e

01-01 23:19:41.931  1487  1533 I ActivityManager: collectReceiverComponents for intent: Intent { act=android.net.conn.DATA_ACTIVITY_CHANGE flg=0x10 (has extras) }, receivers: null

01-01 23:19:42.345  1487  3955 I ActivityManager: collectReceiverComponents for intent: Intent { act=android.intent.action.SIG_STR flg=0x20000010 (has extras) }, receivers: null

01-01 23:19:42.460  1487  3081 I ActivityManager: collectReceiverComponents for intent: Intent { act=android.net.wifi.SCAN_RESULTS flg=0x4000010 (has extras) }, receivers: [ResolveInfo{f1affbc com.android.settings/.wifi.cmcc.ConnectSwitchReceiver m=0x108000 euid=0}]

01-01 23:19:42.461  1487  3107 D HwConnectivityService: csagent getNetworkInfoForWifi enter.

01-01 23:19:42.461  1487  3107 D HwConnectivityService: csagent getWifiNai success from NetworkAgentInfos HashMap.

01-01 23:19:42.461  1487  3107 D HwConnectivityService: csagent getNetworkInfoForWifi success.

01-01 23:19:42.590  1487  3855 D HwLocalLocationProvider: this loc is Better than Last Location

01-01 23:19:42.593  1487  4517 D HwLocalLocationProvider: cellid 44388 is Exist, update  cellinfo to DB

01-01 23:19:42.594  1487  4517 D HwLocalLocationProvider: update loc to cell database

01-01 23:19:42.611  1487  4517 D HwLocalLocationProvider: update loc to bssid database

01-01 23:19:43.190  1487  3958 I ActivityManager: collectReceiverComponents for intent: Intent { act=com.huawei.android.action.WEATHER_CHANGE flg=0x10 (has extras) }, receivers: [ResolveInfo{be129a com.huawei.android.totemweather/.wear.ChangeWeatherReceiver m=0x108000 euid=0}]

01-01 23:19:43.193  1487  3048 I ActivityManager: retrieveServiceLocked, callerApp: ProcessRecord{4ba9d12 19857:com.huawei.android.totemweather/u0a27}, flags: 400

01-01 23:19:43.193  1487  3048 I ActivityManager: bindServiceLocked, r: ServiceRecord{2765ba8 u0 euid: 0 com.huawei.android.totemweather/.WeatherService}, euid: 0

01-01 23:19:43.215  1487  3048 I ActivityManager: collectReceiverComponents for intent: Intent { act=com.huawei.android.action.CITYINFO_CHANGE flg=0x10 (has extras) }, receivers: [ResolveInfo{84266c1 com.huawei.android.totemweather/.wear.ChangeWeatherReceiver m=0x108000 euid=0}]

01-01 23:19:43.234  1487  1505 D HwLocalLocationProvider: HwLocalLocationManager requestLocation

01-01 23:19:43.235  1487  8887 D HwLocalLocationProvider: start query Loc Form DB 

01-01 23:19:43.235  1487  8887 I HwLocalLocationProvider: query loc Form Cell Table,cellid == 44388

01-01 23:19:43.236  1487  1505 I ActivityManager: collectReceiverComponents for intent: Intent { act=android.location.LOCATION_REQUEST_CHANGE_ACTION flg=0x10 (has extras) }, receivers: null

01-01 23:19:43.238  1487  8887 D HwLocalLocationProvider: queryLocFormCellIdTable success

01-01 23:19:43.239  1487  8887 I HwLocalLocationProvider: query Loc Form cellid , locCellID = Location[local_database 31******,121****** acc=299 et=+10h25m47s104ms {Bundle[{key_loc_tableID=cellID, key_loc_source=fused}]}]

01-01 23:19:43.241  1487  3412 I ActivityManager: collectReceiverComponents for intent: Intent { act=com.huawei.android.action.WEATHER_CHANGE flg=0x10 (has extras) }, receivers: [ResolveInfo{a4dadfd com.huawei.android.totemweather/.wear.ChangeWeatherReceiver m=0x108000 euid=0}]

01-01 23:19:43.241  1487  8887 W HwLocalLocationProvider: query Loc Form bssid , locBssID = null.  return locCellID

01-01 23:19:43.242  1487  1487 D HwLocalLocationProvider: has query Loc Form DB and send msg to Hander

01-01 23:19:43.248  1487  3855 W ContextImpl: Calling a method in the system process without a qualified user: android.app.ContextImpl.sendBroadcast:872 com.android.server.location.HwLocalLocationManager$LocalLocationHandler.handleMessage:964 android.os.Handler.dispatchMessage:102 android.os.Looper.loop:150 android.os.HandlerThread.run:61 

01-01 23:19:43.253  1487  3855 I ActivityManager: collectReceiverComponents for intent: Intent { act=action_inject_location flg=0x10 (has extras) }, receivers: null

01-01 23:19:43.254  1487  3855 D HwLocalLocationProvider: sendBroadcast ACTION_INJECT_LOCATION

01-01 23:19:43.261  1487  3958 I ActivityManager: collectReceiverComponents for intent: Intent { act=android.location.LOCATION_REQUEST_CHANGE_ACTION flg=0x10 (has extras) }, receivers: null

01-01 23:19:44.697  1487  3491 I ActivityManager: collectReceiverComponents for intent: Intent { act=com.huawei.android.action.WEATHER_CHANGE flg=0x10 (has extras) }, receivers: [ResolveInfo{c7ca543 com.huawei.android.totemweather/.wear.ChangeWeatherReceiver m=0x108000 euid=0}]

01-01 23:19:44.701  1487  3955 I ActivityManager: retrieveServiceLocked, callerApp: ProcessRecord{4ba9d12 19857:com.huawei.android.totemweather/u0a27}, flags: 400

01-01 23:19:44.701  1487  3955 I ActivityManager: bindServiceLocked, r: ServiceRecord{8cc2cf9 u0 euid: 0 com.huawei.android.totemweather/.WeatherService}, euid: 0

01-01 23:19:48.350  1487  1504 I ActivityManager: collectReceiverComponents for intent: Intent { act=android.intent.action.SIG_STR flg=0x20000010 (has extras) }, receivers: null

01-01 23:19:54.119  1487  3415 I ActivityManager: collectReceiverComponents for intent: Intent { act=android.intent.action.SIG_STR flg=0x20000010 (has extras) }, receivers: null

01-01 23:19:58.840  1487  3491 I ActivityManager: collectReceiverComponents for intent: Intent { act=android.intent.action.SIG_STR flg=0x20000010 (has extras) }, receivers: null

01-01 23:19:59.747  1487  3198 I ActivityManager: retrieveServiceLocked, callerApp: ProcessRecord{4ba9d12 19857:com.huawei.android.totemweather/u0a27}, flags: 400

01-01 23:19:59.747  1487  3198 I ActivityManager: bindServiceLocked, r: ServiceRecord{639343e u0 euid: 0 com.huawei.android.totemweather/.WeatherService}, euid: 0

01-01 23:19:59.773  1487  3189 D HwLocalLocationProvider: HwLocalLocationManager requestLocation

01-01 23:19:59.774  1487  5951 D HwLocalLocationProvider: start query Loc Form DB 

01-01 23:19:59.774  1487  5951 I HwLocalLocationProvider: query loc Form Cell Table,cellid == 44388

01-01 23:19:59.774  1487  3189 I ActivityManager: collectReceiverComponents for intent: Intent { act=android.location.LOCATION_REQUEST_CHANGE_ACTION flg=0x10 (has extras) }, receivers: null

01-01 23:19:59.777  1487  5951 D HwLocalLocationProvider: queryLocFormCellIdTable success

01-01 23:19:59.777  1487  5951 I HwLocalLocationProvider: query Loc Form cellid , locCellID = Location[local_database 31******,121****** acc=299 et=+10h26m3s642ms {Bundle[{key_loc_tableID=cellID, key_loc_source=fused}]}]

01-01 23:19:59.778  1487  5951 W HwLocalLocationProvider: query Loc Form bssid , locBssID = null.  return locCellID

01-01 23:19:59.778  1487  3412 I ActivityManager: collectReceiverComponents for intent: Intent { act=com.huawei.android.action.WEATHER_CHANGE flg=0x10 (has extras) }, receivers: [ResolveInfo{2199fb5 com.huawei.android.totemweather/.wear.ChangeWeatherReceiver m=0x108000 euid=0}]

01-01 23:19:59.780  1487  1487 D HwLocalLocationProvider: has query Loc Form DB and send msg to Hander

01-01 23:19:59.780  1487  3855 W ContextImpl: Calling a method in the system process without a qualified user: android.app.ContextImpl.sendBroadcast:872 com.android.server.location.HwLocalLocationManager$LocalLocationHandler.handleMessage:964 android.os.Handler.dispatchMessage:102 android.os.Looper.loop:150 android.os.HandlerThread.run:61 

01-01 23:19:59.784  1487  3855 I ActivityManager: collectReceiverComponents for intent: Intent { act=action_inject_location flg=0x10 (has extras) }, receivers: null

01-01 23:19:59.784  1487  3855 D HwLocalLocationProvider: sendBroadcast ACTION_INJECT_LOCATION

01-01 23:19:59.823  1487  3822 I ActivityManager: collectReceiverComponents for intent: Intent { act=android.location.LOCATION_REQUEST_CHANGE_ACTION flg=0x10 (has extras) }, receivers: null

01-01 23:20:00.119  1487  3048 I ActivityManager: collectReceiverComponents for intent: Intent { act=android.intent.action.SIG_STR flg=0x20000010 (has extras) }, receivers: null

01-01 23:20:00.322  1487  3035 I ActivityManager: collectReceiverComponents for intent: Intent { act=action.pfw.wakeup.timer flg=0x14 pkg=android (has extras) }, receivers: null

01-01 23:20:00.323  1487  1487 I HwActivityManagerService: PackageName for pid 1487 is android

01-01 23:20:01.068  1487  1504 I ActivityManager: collectReceiverComponents for intent: Intent { act=com.huawei.android.action.WEATHER_CHANGE flg=0x10 (has extras) }, receivers: [ResolveInfo{f6e3084 com.huawei.android.totemweather/.wear.ChangeWeatherReceiver m=0x108000 euid=0}]

01-01 23:20:01.071  1487  3412 I ActivityManager: retrieveServiceLocked, callerApp: ProcessRecord{4ba9d12 19857:com.huawei.android.totemweather/u0a27}, flags: 400

01-01 23:20:01.072  1487  3412 I ActivityManager: bindServiceLocked, r: ServiceRecord{cc564a2 u0 euid: 0 com.huawei.android.totemweather/.WeatherService}, euid: 0

01-01 23:20:06.170  1487  3035 I ActivityManager: collectReceiverComponents for intent: Intent { flg=0x14 cmp=com.ss.android.article.news/cn.jpush.android.service.AlarmReceiver (has extras) }, receivers: [ResolveInfo{1dfd0f0 com.ss.android.article.news/cn.jpush.android.service.AlarmReceiver m=0x0 euid=0}]

01-01 23:20:06.178  1487  3415 I HwActivityManagerService: PackageName for pid 19042 is com.ss.android.article.news

01-01 23:20:17.186  1487  1505 I ActivityManager: Force stopping io.appium.settings appid=10430 user=0: from pid 21478by app

01-01 23:20:17.186  1487  1505 I ActivityManager: Killing 21071:io.appium.settings/u0a430 (adj 11): stop io.appium.settingsfrom pid 21478by app

01-01 23:20:17.187  1487  1505 D ActivityManager: cleanUpApplicationRecord -- 21071

01-01 23:20:17.187  1487  1505 I ActivityManager: cleanUpApplicationRecordLocked, reset pid: 21071, euid: 0

01-01 23:20:17.206  1487  1505 D HwBroadcastQueue: cleanupDisabledPackageReceiversLocked for userId 0

01-01 23:20:17.206  1487  1505 D HwBroadcastQueue: cleanupDisabledPackageReceiversLocked for userId 0

01-01 23:20:17.206  1487  1505 D HwBroadcastQueue: cleanupDisabledPackageReceiversLocked for userId 0

01-01 23:20:17.206  1487  1505 D HwBroadcastQueue: cleanupDisabledPackageReceiversLocked for userId 0

01-01 23:20:17.207  1487  1505 I ActivityManager: collectReceiverComponents for intent: Intent { act=android.intent.action.PACKAGE_RESTARTED dat=package:io.appium.settings flg=0x10 (has extras) }, receivers: null

01-01 23:20:17.210  1487  1487 I HwCoreAppHelperService: LocalReceiver receives:android.intent.action.PACKAGE_RESTARTED

01-01 23:20:18.154  1487  1526 I ActivityManager: Force stopping io.appium.settings appid=10430 user=-1: uninstall pkg

01-01 23:20:18.155  1487  1526 D HwBroadcastQueue: cleanupDisabledPackageReceiversLocked for userId -1

01-01 23:20:18.155  1487  1526 D HwBroadcastQueue: cleanupDisabledPackageReceiversLocked for userId -1

01-01 23:20:18.155  1487  1526 D HwBroadcastQueue: cleanupDisabledPackageReceiversLocked for userId -1

01-01 23:20:18.155  1487  1526 D HwBroadcastQueue: cleanupDisabledPackageReceiversLocked for userId -1

01-01 23:20:18.158  1487  1579 D PackageManager: clear pref activity io.appium.settings from uid 1000

01-01 23:20:18.572  1487  1579 W PackageManager: Couldn't remove dex file for package:  at location /data/app/io.appium.settings-1/base.apk, retcode=-1

01-01 23:20:18.578  1487  1579 I ActivityManager: retrieveServiceLocked, callerApp: ProcessRecord{1875d71 0:system/1000}, flags: 400

01-01 23:20:18.579  1487  1579 I ActivityManager: bindServiceLocked, r: ServiceRecord{9b2e025 u0 euid: 0 com.android.defcontainer/.DefaultContainerService}, euid: 0

01-01 23:20:18.581  1487  1579 I ActivityManager: Force stopping io.appium.settings appid=10430 user=0: pkg removed

01-01 23:20:18.582  1487  1579 D HwBroadcastQueue: cleanupDisabledPackageReceiversLocked for userId 0

01-01 23:20:18.582  1487  1579 D HwBroadcastQueue: cleanupDisabledPackageReceiversLocked for userId 0

01-01 23:20:18.582  1487  1579 D HwBroadcastQueue: cleanupDisabledPackageReceiversLocked for userId 0

01-01 23:20:18.582  1487  1579 D HwBroadcastQueue: cleanupDisabledPackageReceiversLocked for userId 0

01-01 23:20:18.590  1487  1579 I ActivityManager: collectReceiverComponents for intent: Intent { act=android.intent.action.PACKAGE_REMOVED dat=package:io.appium.settings flg=0x4000010 (has extras) }, receivers: [ResolveInfo{312e5fa com.huawei.appmarket/.service.installresult.control.InstallerReceiver p=2147483647 m=0x208000 euid=0}, ResolveInfo{a7a47ab com.android.contacts/.compatibility.ContactsProviderReceiver p=1000 m=0x208000 euid=0}, ResolveInfo{128ce08 com.ss.android.article.news/com.ss.android.derivative.AppListener p=100 m=0x208000 euid=0}, ResolveInfo{f5659a1 com.android.providers.contacts/.PackageIntentReceiver m=0x208000 euid=0}, ResolveInfo{a9967c6 com.huawei.motionservice/.motionexception.MotionBootReceiver m=0x208000 euid=0}, ResolveInfo{a13b387 com.android.gallery3d/com.huawei.gallery.photoshare.receiver.GalleryPackageMonitor m=0x208000 euid=0}, ResolveInfo{c80c2b4 com.android.musicfx/.Compatibility$Receiver m=0x208000 euid=0}, ResolveInfo{95deedd com.huawei.systemmanager/com.huawei.notificationmanager.receiver.Receiver m=0x208000 euid=0}, ResolveInfo{7b43a52 com.huawei.systemmanager/com.huawei.permissionmanager.ui.AppInstallationReceiver m=0x208000 euid=0}, ResolveInfo{eee0123 com.huawei.systemmanager/.optimize.OptimizeReceiver m=0x208000 euid=0}, ResolveInfo{3c15620 com.huawei.systemmanager/com.huawei.permissionmanager.ui.ComBroadcastReceiver m=0x208000 euid=0}, ResolveInfo{e4f9bd9 com.huawei.systemmanager/.power.receiver.BootBroadcastReceiver m=0x208000 euid=0}, ResolveInfo{c37a99e com.huawei.systemmanager/.netassistant.netapp.receiver.AppChangeReceiver m=0x208000 euid=0}, ResolveInfo{7958c7f com.huawei.systemmanager/.antivirus.AntiVirusReceiver m=0x208000 euid=0}, ResolveInfo{4b5b44c com.huawei.systemmanager/.addviewmonitor.AppChangeReceiver m=0x208000 euid=0}, ResolveInfo{d151c95 com.huawei.systemmanager/.spacecleanner.receiver.SpaceCleanReceiver m=0x208000 euid=0}, ResolveInfo{f0c1aa com.android.settings/.applications.BlackListReceiver m=0x208000 euid=0}, ResolveInfo{500719b com.huawei.securitymgr/.AppUninstallReceiver m=0x208000 euid=0}, ResolveInfo{cafc938 com.huawei.android.remotecontrol/com.huawei.android.pushagent.PushEventReceiver m=0x208000 euid=0}, ResolveInfo{f77ed11 com.huawei.android.pushagent/.PushEventReceiver m=0x208000 euid=0}, ResolveInfo{c714e76 com.huawei.bd/.collector.BDReceiver m=0x208000 euid=0}, ResolveInfo{76a8c77 com.android.keychain/.KeyChainBroadcastReceiver m=0x208000 euid=0}, ResolveInfo{a3440e4 com.huawei.android.ds/com.huawei.android.hicloud.common.receiver.BackupCommonRecevier m=0x208000 euid=0}, ResolveInfo{85d494d com.huawei.android.ds/com.huawei.android.pushagent.PushEventReceiver m=0x208000 euid=0}, ResolveInfo{a9bdc02 com.huawei.android.ds/com.huawei.android.remotecontrol.receiver.UpdateAPKReceiver m=0x208000 euid=0}, ResolveInfo{cf17913 com.huawei.remoteassistant/com.huawei.android.pushagent.PushEventReceiver m=0x208000 euid=0}, ResolveInfo{d668750 com.ss.android.article.news/com.taobao.agoo.AgooCommondReceiver m=0x208000 euid=0}, ResolveInfo{9c22d49 com.ss.android.article.news/com.aliyun.AliyunMessageReceiver m=0x208000 euid=0}, ResolveInfo{efb64e com.ss.android.article.news/com.taobao.accs.EventReceiver m=0x208000 euid=0}, ResolveInfo{df0936f com.ss.android.article.news/com.huawei.android.pushagent.PushEventReceiver m=0x208000 euid=0}, ResolveInfo{334c87c com.ss.android.article.news/com.ss.android.message.MessageReceiver m=0x208000 euid=0}, ResolveInfo{e775505 com.ss.android.article.news/com.baidu.android.pushservice.RegistrationReceiver m=0x208000 euid=0}, ResolveInfo{b94e95a com.ss.android.article.news/cn.jpush.android.service.PushReceiver m=0x208000 euid=0}]

01-01 23:20:18.591  1487  1579 I ActivityManager: collectReceiverComponents for intent: Intent { act=android.intent.action.PACKAGE_FULLY_REMOVED dat=package:io.appium.settings flg=0x4000010 (has extras) }, receivers: [ResolveInfo{743f068 com.android.server.telecom/.components.PhoneAccountBroadcastReceiver m=0x208000 euid=0}, ResolveInfo{39d3c81 com.android.documentsui/.PackageReceiver m=0x208000 euid=0}]

01-01 23:20:18.592  1487  1579 I ActivityManager: collectReceiverComponents for intent: Intent { act=android.intent.action.UID_REMOVED flg=0x4000010 (has extras) }, receivers: [ResolveInfo{1618167 com.android.providers.downloads/.DownloadReceiver m=0x108000 euid=0}]

01-01 23:20:18.593  1487  3097 I ActivityManager: retrieveServiceLocked, callerApp: ProcessRecord{1875d71 0:system/1000}, flags: 400

01-01 23:20:18.594  1487  3097 I ActivityManager: retrieveServiceLocked, callerApp: ProcessRecord{1875d71 0:system/1000}, flags: 400

01-01 23:20:18.610  1487  3078 V NetworkPolicy: ACTION_UID_REMOVED for uid=10430

01-01 23:20:18.614  1487  3077 D NetdConnector: SND -> {295 bandwidth gettetherstats}

01-01 23:20:18.616  1487  3076 D NetdConnector: RCV <- {200 295 Tethering stats list completed}

01-01 23:20:18.616  1487  3076 D NetdConnector: RCV <- {200 295 Tethering stats list completed}

01-01 23:20:18.619  1487  3077 W NetworkStatsFactory: mStatsXtProcUid: /proc/net/comm/stats does not exist!

01-01 23:20:18.619  1487  3077 D NetworkStats: mActiveIface: null

01-01 23:20:18.621  1487  3078 V NetworkPolicy: writePolicyLocked()

01-01 23:20:18.625  1487  1504 I ActivityManager: retrieveServiceLocked, callerApp: ProcessRecord{da2ea97 3183:com.android.systemui/u0a31}, flags: 400

01-01 23:20:18.626  1487  1504 I ActivityManager: bindServiceLocked, r: ServiceRecord{673fab9 u0 euid: 0 com.android.systemui/.statusbar.toolbox.ToolBoxService}, euid: 0

01-01 23:20:18.645  1487  3937 W IntentResolver: resolveIntent: multiple matches, only some with CATEGORY_DEFAULT

01-01 23:20:18.651  1487  3078 V NetworkPolicy: updateNetworkEnabledLocked()

01-01 23:20:18.651  1487  3078 V NetworkPolicy: updateNotificationsLocked()

01-01 23:20:18.652  1487  3941 W IntentResolver: resolveIntent: multiple matches, only some with CATEGORY_DEFAULT

01-01 23:20:18.664  1487  3822 W IntentResolver: resolveIntent: multiple matches, only some with CATEGORY_DEFAULT

01-01 23:20:18.664  1487  3048 I ActivityManager: collectReceiverComponents for intent: Intent { act=com.huawei.appmarket.service.downloadservice.Receiver flg=0x10 }, receivers: null

01-01 23:20:18.672  1487  3189 W IntentResolver: resolveIntent: multiple matches, only some with CATEGORY_DEFAULT

01-01 23:20:18.686  1487  1487 I SmartHeartBeat: listenAppUpdate, package: io.appium.settings has been Updated

01-01 23:20:18.687  1487  1487 D JobSchedulerService: Receieved: android.intent.action.PACKAGE_REMOVED

01-01 23:20:18.688  1487  1487 D NetdConnector: SND -> {296 network permission user clear 10430}

01-01 23:20:18.689  1487  3076 D NetdConnector: RCV <- {200 296 success}

01-01 23:20:18.689  1487  3076 D NetdConnector: RCV <- {200 296 success}

01-01 23:20:18.690  1487  1525 W InputMethodManagerService: buildInputMethodListLocked: Skipping IME com.huawei.secime

01-01 23:20:18.695  1487  3198 I ActivityManager: collectReceiverComponents for intent: Intent { act=com.huawei.appmarket.service.downloadservice.Receiver flg=0x10 }, receivers: null

01-01 23:20:18.706  1487  3491 W IntentResolver: resolveIntent: multiple matches, only some with CATEGORY_DEFAULT

01-01 23:20:18.710  1487  1504 W IntentResolver: resolveIntent: multiple matches, only some with CATEGORY_DEFAULT

01-01 23:20:18.716  1487  3955 W IntentResolver: resolveIntent: multiple matches, only some with CATEGORY_DEFAULT

01-01 23:20:18.717  1487  1525 I HwInputMethodManagerService: isSecureIMEExist = true

01-01 23:20:18.719  1487  3189 W IntentResolver: resolveIntent: multiple matches, only some with CATEGORY_DEFAULT

01-01 23:20:18.720  1487  1525 W InputMethodManagerService: buildInputMethodListLocked: Skipping IME com.baidu.input_huawei

01-01 23:20:18.720  1487  1525 W InputMethodManagerService: buildInputMethodListLocked: Skipping IME com.baidu.input

01-01 23:20:18.723  1487  1525 W InputMethodManagerService: buildInputMethodListLocked: Skipping IME com.android.inputmethod.latin

01-01 23:20:18.723  1487  1525 W InputMethodManagerService: buildInputMethodListLocked: Skipping IME com.nuance.swype.emui

01-01 23:20:18.723  1487  1525 W InputMethodManagerService: Default IME is uninstalled. Choose new default IME.

01-01 23:20:18.725  1487  3491 I ActivityManager: retrieveServiceLocked, callerApp: ProcessRecord{d807604 3426:android.process.acore/u0a2}, flags: 400

01-01 23:20:18.725  1487  3491 I ActivityManager: bindServiceLocked, r: ServiceRecord{9b8fcf3 u0 euid: 0 com.android.providers.contacts/.VoicemailCleanupService}, euid: 0

01-01 23:20:18.738  1487  3822 I ActivityManager: new Process app=ProcessRecord{89c1cba 0:com.android.gallery3d/u0a16}, name: com.android.gallery3d, euid: 0

01-01 23:20:18.751  1487  3822 I ActivityManager: Start proc 21506:com.android.gallery3d/u0a16 for broadcast com.android.gallery3d/com.huawei.gallery.photoshare.receiver.GalleryPackageMonitor

01-01 23:20:18.770 21506 21506 D ActivityThread: ActivityThread,attachApplication

01-01 23:20:18.770  1487  3941 D ActivityManager: ActivityManagerService,attachApplication,callingPid = 21506

01-01 23:20:18.801  1487  1525 I ActivityManager: collectReceiverComponents for intent: Intent { act=android.search.action.SEARCHABLES_CHANGED flg=0x24000010 }, receivers: null

01-01 23:20:18.837  1487  3941 I HwActivityManagerService: PackageName for pid 21506 is com.android.gallery3d

01-01 23:20:18.859  1487  3412 I ActivityManager: collectReceiverComponents for intent: Intent { act=android.intent.action.SIG_STR flg=0x20000010 (has extras) }, receivers: null

01-01 23:20:18.918  1487  3412 I ActivityManager: retrieveServiceLocked, callerApp: ProcessRecord{89c1cba 21506:com.android.gallery3d/u0a16}, flags: 400

01-01 23:20:18.919  1487  3412 I ActivityManager: bindServiceLocked, r: ServiceRecord{2a38b0d u0 euid: 0 com.huawei.android.ds/com.huawei.android.cg.CloudGallaryService}, euid: 0

01-01 23:20:18.929  1487  3048 I ActivityManager: retrieveServiceLocked, callerApp: ProcessRecord{89c1cba 21506:com.android.gallery3d/u0a16}, flags: 400

01-01 23:20:18.929  1487  3048 I ActivityManager: bindServiceLocked, r: ServiceRecord{d0e5ac2 u0 euid: 0 com.android.gallery3d/com.huawei.gallery.photoshare.receiver.GalleryPackageMonitor$AsyncService}, euid: 0

01-01 23:20:18.932  1487  3955 I ActivityManager: new Process app=ProcessRecord{2cff0d3 0:com.android.musicfx/u0a21}, name: com.android.musicfx, euid: 0

01-01 23:20:18.946  1487  3955 I ActivityManager: Start proc 21528:com.android.musicfx/u0a21 for broadcast com.android.musicfx/.Compatibility$Receiver

01-01 23:20:18.964 21528 21528 D ActivityThread: ActivityThread,attachApplication

01-01 23:20:18.965  1487  3048 D ActivityManager: ActivityManagerService,attachApplication,callingPid = 21528

01-01 23:20:18.989  1487  3942 I ActivityManager: retrieveServiceLocked, callerApp: ProcessRecord{2cff0d3 21528:com.android.musicfx/u0a21}, flags: 400

01-01 23:20:18.989  1487  3942 I ActivityManager: bindServiceLocked, r: ServiceRecord{d8acb09 u0 euid: 0 com.android.musicfx/.Compatibility$Service}, euid: 0

01-01 23:20:18.995  1487  3941 I ActivityManager: retrieveServiceLocked, callerApp: ProcessRecord{42d83d6 3299:com.huawei.systemmanager:service/1000}, flags: 400

01-01 23:20:18.995  1487  3941 I ActivityManager: bindServiceLocked, r: ServiceRecord{78c0ec5 u0 euid: 0 com.huawei.systemmanager/.util.content.HsmIntentService_bg}, euid: 0

01-01 23:20:19.002  1487  3822 I ActivityManager: retrieveServiceLocked, callerApp: ProcessRecord{c087b44 20594:com.huawei.systemmanager/1000}, flags: 400

01-01 23:20:19.002  1487  3822 I ActivityManager: bindServiceLocked, r: ServiceRecord{480801a u0 euid: 0 com.huawei.systemmanager/.util.content.HsmIntentService_ui}, euid: 0

01-01 23:20:19.006  1487  1526 W BroadcastQueue: Permission Denial: broadcasting Intent { act=android.net.conn.CONNECTIVITY_CHANGE flg=0x4000010 (has extras) } from null (pid=-1, uid=-1) requires com.huawei.cg.permission.SERVICE due to registered receiver BroadcastFilter{a3d241 u0 ReceiverList{e144528 8895 com.huawei.android.ds/1001/u0 remote:fdaa74b}}

01-01 23:20:19.006  1487  1526 W BroadcastQueue: Permission Denial: broadcasting Intent { act=android.intent.action.BATTERY_CHANGED flg=0x60000010 (has extras) } from null (pid=-1, uid=-1) requires com.huawei.cg.permission.SERVICE due to registered receiver BroadcastFilter{a3d241 u0 ReceiverList{e144528 8895 com.huawei.android.ds/1001/u0 remote:fdaa74b}}

01-01 23:20:19.012  1487  3415 V HwNotificationManagerService: Notification db cfg changed

01-01 23:20:19.013  1487 21543 V HwNotificationManagerService: HwCfgLoadingRunnable: Starts 

01-01 23:20:19.030  1487 21543 V HwNotificationManagerService: HwCfgLoadingRunnable: get cfg size:68

01-01 23:20:19.031  1487 21543 V HwNotificationManagerService: HwCfgLoadingRunnable: Ends. 

01-01 23:20:19.042  1487  1505 I ActivityManager: collectReceiverComponents for intent: Intent { act=PACKAGE_ADDED_OR_REMOVED flg=0x10 pkg=com.huawei.systemmanager (has extras) }, receivers: null

01-01 23:20:19.047  1487  3942 I ActivityManager: collectReceiverComponents for intent: Intent { act=huawei.intent.action.HW_STOPPED_PACKAGE_ACTION flg=0x10 (has extras) }, receivers: null

01-01 23:20:19.058 20594 20880 W ContextImpl: Calling a method in the system process without a qualified user: android.app.ContextImpl.startService:1381 android.content.ContextWrapper.startService:581 com.huawei.systemmanager.spacecleanner.receiver.SpaceCleanReceiver.checkRarelyUsedApp:129 com.huawei.systemmanager.spacecleanner.receiver.SpaceCleanReceiver.doInBackground:57 java.lang.reflect.Method.invoke:-2 

01-01 23:20:19.059 19581 19581 W ContextImpl: Calling a method in the system process without a qualified user: android.app.ContextImpl.startService:1381 android.content.ContextWrapper.startService:581 android.content.ContextWrapper.startService:581 com.android.settings.applications.BlackListReceiver.onReceive:35 android.app.ActivityThread.handleReceiver:2788 

01-01 23:20:19.060  1487  3806 I ActivityManager: retrieveServiceLocked, callerApp: ProcessRecord{4c09b67 19581:com.android.settings/1000}, flags: 400

01-01 23:20:19.060  1487  3806 I ActivityManager: bindServiceLocked, r: ServiceRecord{1809140 u0 euid: 0 com.android.settings/.applications.BlackListService}, euid: 0

01-01 23:20:19.100  1487  3958 I ActivityManager: new Process app=ProcessRecord{77f8879 0:com.android.keychain/1000}, name: com.android.keychain, euid: 0

01-01 23:20:19.116  1487  3958 I ActivityManager: Start proc 21549:com.android.keychain/1000 for broadcast com.android.keychain/.KeyChainBroadcastReceiver

01-01 23:20:19.137 21549 21549 D ActivityThread: ActivityThread,attachApplication

01-01 23:20:19.139  1487  3822 D ActivityManager: ActivityManagerService,attachApplication,callingPid = 21549

01-01 23:20:19.156  1487  3955 D NetdConnector: SND -> {297 bandwidth firewall allow mobile 10430 3}

01-01 23:20:19.168 21549 21549 W ContextImpl: Calling a method in the system process without a qualified user: android.app.ContextImpl.startService:1381 android.content.ContextWrapper.startService:581 android.content.ContextWrapper.startService:581 com.android.keychain.KeyChainBroadcastReceiver.onReceive:12 android.app.ActivityThread.handleReceiver:2788 

01-01 23:20:19.168  1487  3958 I ActivityManager: retrieveServiceLocked, callerApp: ProcessRecord{77f8879 21549:com.android.keychain/1000}, flags: 400

01-01 23:20:19.169  1487  3958 I ActivityManager: bindServiceLocked, r: ServiceRecord{dd5da1f u0 euid: 0 com.android.keychain/.KeyChainService}, euid: 0

01-01 23:20:19.198  1487  1504 I ActivityManager: retrieveServiceLocked, callerApp: ProcessRecord{5a9e864 19042:com.ss.android.article.news/u0a364}, flags: 400

01-01 23:20:19.198  1487  1504 W ActivityManager: Unable to start service Intent { act=android.intent.action.PACKAGE_REMOVED dat=package:io.appium.settings flg=0x4000010 cmp=com.ss.android.article.news/.TaobaoIntentService (has extras) } U=0: not found

01-01 23:20:19.205  1487  3948 I ActivityManager: Killing 20885:com.android.shell/2000 (adj 15): empty #16

01-01 23:20:19.223  1487  3076 D NetdConnector: RCV <- {500 297 Usage: bandwidth firewall allow <interface>  <appUid>}

01-01 23:20:19.224  1487  3076 D NetdConnector: RCV <- {500 297 Usage: bandwidth firewall allow <interface>  <appUid>}

01-01 23:20:19.224  1487  3955 E NetdConnector: NDC client error throw NativeDaemonArgumentException

01-01 23:20:19.243  1487  3412 I ActivityManager: Killing 20912:com.svox.pico/u0a70 (adj 15): empty #16

01-01 23:20:19.270  1487  3948 D NetdConnector: SND -> {298 bandwidth firewall allow wifi 10430 4}

01-01 23:20:19.291  1487  1487 I ActivityManager: new Process app=ProcessRecord{f7d816c 0:com.android.documentsui/u0a43}, name: com.android.documentsui, euid: 0

01-01 23:20:19.306  1487  1487 I ActivityManager: Start proc 21578:com.android.documentsui/u0a43 for broadcast com.android.documentsui/.PackageReceiver

01-01 23:20:19.317  1487  1504 D ActivityManager: cleanUpApplicationRecord -- 20885

01-01 23:20:19.317  1487  1504 I ActivityManager: cleanUpApplicationRecordLocked, reset pid: 20885, euid: 0

01-01 23:20:19.335  1487  3076 D NetdConnector: RCV <- {500 298 Usage: bandwidth firewall allow <interface>  <appUid>}

01-01 23:20:19.336  1487  3076 D NetdConnector: RCV <- {500 298 Usage: bandwidth firewall allow <interface>  <appUid>}

01-01 23:20:19.336  1487  3948 E NetdConnector: NDC client error throw NativeDaemonArgumentException

01-01 23:20:19.340  1487  3941 D ActivityManager: cleanUpApplicationRecord -- 20912

01-01 23:20:19.340  1487  3941 I ActivityManager: cleanUpApplicationRecordLocked, reset pid: 20912, euid: 0

01-01 23:20:19.342 21578 21578 D ActivityThread: ActivityThread,attachApplication

01-01 23:20:19.356  1487  1504 D ActivityManager: ActivityManagerService,attachApplication,callingPid = 21578

01-01 23:20:19.476  1487  3937 I ActivityManager: new Process app=ProcessRecord{6fdb296 0:com.android.externalstorage/u0a5}, name: com.android.externalstorage, euid: 0

01-01 23:20:19.493  1487  3937 I ActivityManager: Start proc 21602:com.android.externalstorage/u0a5 for content provider com.android.externalstorage/.ExternalStorageProvider

01-01 23:20:19.495  1487  3937 V ActivityManager_MU: Waiting to start provider ContentProviderRecord{c72ee17 u0 euid:0 com.android.externalstorage/.ExternalStorageProvider} launchingApp=ProcessRecord{6fdb296 21602:com.android.externalstorage/u0a5} caller pid= 21578

01-01 23:20:19.496  1487  3412 I ActivityManager: Killing 20943:com.android.browser/u0a30 (adj 15): empty #16

01-01 23:20:19.512 21602 21602 D ActivityThread: ActivityThread,attachApplication

01-01 23:20:19.516  1487  3948 D ActivityManager: ActivityManagerService,attachApplication,callingPid = 21602

01-01 23:20:19.520  1487  3948 I ActivityManager: Killing 19857:com.huawei.android.totemweather/u0a27 (adj 15): empty #16

01-01 23:20:19.557  1487  3937 V ActivityManager: Successfully start provider ContentProviderRecord{c72ee17 u0 euid:0 com.android.externalstorage/.ExternalStorageProvider} launchingApp=ProcessRecord{6fdb296 21602:com.android.externalstorage/u0a5} caller pid= 21578

01-01 23:20:19.576  1487  3806 D ActivityManager: cleanUpApplicationRecord -- 20943

01-01 23:20:19.577  1487  3806 I ActivityManager: cleanUpApplicationRecordLocked, reset pid: 20943, euid: 0

01-01 23:20:19.608  1487  3198 D ActivityManager: cleanUpApplicationRecord -- 19857

01-01 23:20:19.608  1487  3198 I ActivityManager: cleanUpApplicationRecordLocked, reset pid: 19857, euid: 0

01-01 23:20:19.625  1487  3048 I ActivityManager: new Process app=ProcessRecord{ac793ed 0:com.android.shell/2000}, name: com.android.shell, euid: 0

01-01 23:20:19.637  1487  3048 I ActivityManager: Start proc 21621:com.android.shell/2000 for content provider com.android.shell/.BugreportStorageProvider

01-01 23:20:19.638  1487  3048 V ActivityManager_MU: Waiting to start provider ContentProviderRecord{c5a6222 u0 euid:0 com.android.shell/.BugreportStorageProvider} launchingApp=ProcessRecord{ac793ed 21621:com.android.shell/2000} caller pid= 21578

01-01 23:20:19.656 21621 21621 D ActivityThread: ActivityThread,attachApplication

01-01 23:20:19.657  1487  3412 D ActivityManager: ActivityManagerService,attachApplication,callingPid = 21621

01-01 23:20:19.660  1487  3412 I ActivityManager: Killing 8541:com.android.defcontainer/u0a1 (adj 15): empty #16

01-01 23:20:19.690  1487  3048 V ActivityManager: Successfully start provider ContentProviderRecord{c5a6222 u0 euid:0 com.android.shell/.BugreportStorageProvider} launchingApp=ProcessRecord{ac793ed 21621:com.android.shell/2000} caller pid= 21578

01-01 23:20:19.757  1487  3958 D ActivityManager: cleanUpApplicationRecord -- 8541

01-01 23:20:19.758  1487  3958 I ActivityManager: cleanUpApplicationRecordLocked, reset pid: 8541, euid: 0

01-01 23:20:20.335  1487  3822 W ContextImpl: Calling a method in the system process without a qualified user: android.app.ContextImpl.sendBroadcast:851 com.android.server.pm.HwPackageManagerService.parseInstallerInfo:2265 com.android.server.pm.PackageManagerService.installPackageAsUser:10506 android.content.pm.IPackageManager$Stub.onTransact:975 com.android.server.pm.PackageManagerService.onTransact:2840 

01-01 23:20:20.336  1487  3822 V HwPackageManagerService: installPackageWithVerificationAndEncryption:  uid= 2000, pid=21620, packageUri= /data/local/tmp/settings_apk-debug.apk

01-01 23:20:20.336  1487  1579 I ActivityManager: retrieveServiceLocked, callerApp: ProcessRecord{1875d71 0:system/1000}, flags: 400

01-01 23:20:20.336  1487  1579 I ActivityManager: bindServiceLocked, r: ServiceRecord{82f890f u0 euid: 0 com.android.defcontainer/.DefaultContainerService}, euid: 0

01-01 23:20:20.336  1487  1579 I ActivityManager: mAm.startProcessLocked for service: ServiceRecord{82f890f u0 euid: 0 com.android.defcontainer/.DefaultContainerService}, appinfo euid: 0

01-01 23:20:20.336  1487  1579 I ActivityManager: new Process app=ProcessRecord{89a1d9c 0:com.android.defcontainer/u0a1}, name: com.android.defcontainer, euid: 0

01-01 23:20:20.350  1487  1579 I ActivityManager: Start proc 21641:com.android.defcontainer/u0a1 for service com.android.defcontainer/.DefaultContainerService

01-01 23:20:20.370 21641 21641 D ActivityThread: ActivityThread,attachApplication

01-01 23:20:20.371  1487  1505 D ActivityManager: ActivityManagerService,attachApplication,callingPid = 21641

01-01 23:20:20.412 21641 21652 D DefContainer: Copying /data/local/tmp/settings_apk-debug.apk to base.apk

01-01 23:20:20.801  1487  1579 W PackageManager: Not granting permission android.permission.ACCESS_MOCK_LOCATION to package io.appium.settings (protectionLevel=2 flags=0x3808be46)

01-01 23:20:20.801  1487  1579 W PackageManager: Not granting permission android.permission.SET_ANIMATION_SCALE to package io.appium.settings (protectionLevel=50 flags=0x3808be46)

01-01 23:20:21.103  1487  1579 I HwPackageManagerService: AntiMalware is closed

01-01 23:20:21.104  1487  1579 W BackupManagerService: Requested unavailable transport: com.google.android.gms/.backup.BackupTransportService

01-01 23:20:21.107  1487  1579 W ContextImpl: Calling a method in the system process without a qualified user: android.app.ContextImpl.sendBroadcast:872 com.android.server.pm.HwPackageManagerService.parseInstalledPkgInfo:2289 com.android.server.pm.PackageManagerService.parseInstalledPkgInfo:18302 com.android.server.pm.PackageManagerService.access$1400:341 com.android.server.pm.PackageManagerService$PackageHandler.doHandleMessage:1536 

01-01 23:20:21.108  1487  1579 V HwPackageManagerService: POST_INSTALL:  pkgName = io.appium.settings, pkgUri = /data/local/tmp/settings_apk-debug.apk, pkgVerName = 2.2, pkgVerCode = 4, resultCode = 1, pkgUpdate = false

01-01 23:20:21.311  1487  1579 I ActivityManager: collectReceiverComponents for intent: Intent { act=android.intent.action.PACKAGE_ADDED dat=package:io.appium.settings flg=0x4000010 (has extras) }, receivers: [ResolveInfo{88ad3ff com.huawei.appmarket/.service.installresult.control.InstallerReceiver p=2147483647 m=0x208000 euid=0}, ResolveInfo{5ee25cc com.android.contacts/.compatibility.ContactsProviderReceiver p=1000 m=0x208000 euid=0}, ResolveInfo{db27015 com.ss.android.article.news/com.ss.android.derivative.AppListener p=100 m=0x208000 euid=0}, ResolveInfo{85e4f2a com.android.providers.contacts/.PackageIntentReceiver m=0x208000 euid=0}, ResolveInfo{c2b11b com.android.gallery3d/com.huawei.gallery.photoshare.receiver.GalleryPackageMonitor m=0x208000 euid=0}, ResolveInfo{abdd2b8 com.android.musicfx/.Compatibility$Receiver m=0x208000 euid=0}, ResolveInfo{b56f891 com.huawei.systemmanager/com.huawei.notificationmanager.receiver.Receiver m=0x208000 euid=0}, ResolveInfo{4ea33f6 com.huawei.systemmanager/com.huawei.permissionmanager.ui.AppInstallationReceiver m=0x208000 euid=0}, ResolveInfo{9d143f7 com.huawei.systemmanager/.optimize.OptimizeReceiver m=0x208000 euid=0}, ResolveInfo{8d96264 com.huawei.systemmanager/.power.receiver.BootBroadcastReceiver m=0x208000 euid=0}, ResolveInfo{de18ccd com.huawei.systemmanager/.netassistant.netapp.receiver.AppChangeReceiver m=0x208000 euid=0}, ResolveInfo{57d9982 com.huawei.systemmanager/.antivirus.AntiVirusReceiver m=0x208000 euid=0}, ResolveInfo{7cc2893 com.huawei.systemmanager/.addviewmonitor.AppChangeReceiver m=0x208000 euid=0}, ResolveInfo{afc40d0 com.huawei.systemmanager/.rainbow.client.background.broadcast.SecurityBroadcastReceiver m=0x208000 euid=0}, ResolveInfo{a0728c9 com.huawei.systemmanager/.spacecleanner.receiver.SpaceCleanReceiver m=0x208000 euid=0}, ResolveInfo{7efcbce com.android.phone/.vvm.omtp.VvmPackageInstallReceiver m=0x208000 euid=0}, ResolveInfo{86baef com.android.settings/.applications.BlackListReceiver m=0x208000 euid=0}, ResolveInfo{a2c99fc com.huawei.securitymgr/.AppUninstallReceiver m=0x208000 euid=0}, ResolveInfo{d08885 com.huawei.android.remotecontrol/com.huawei.android.pushagent.PushEventReceiver m=0x208000 euid=0}, ResolveInfo{e40d6da com.huawei.android.pushagent/.PushEventReceiver m=0x208000 euid=0}, ResolveInfo{9ae170b com.huawei.bd/.collector.BDReceiver m=0x208000 euid=0}, ResolveInfo{7a759e8 com.svox.pico/.VoiceDataInstallerReceiver m=0x208000 euid=0}, ResolveInfo{1162801 com.huawei.android.ds/com.huawei.android.pushagent.PushEventReceiver m=0x208000 euid=0}, ResolveInfo{86586a6 com.huawei.android.ds/com.huawei.android.remotecontrol.receiver.UpdateAPKReceiver m=0x208000 euid=0}, ResolveInfo{ca518e7 com.android.browser/com.uc.base.system.receivers.SysReceiver m=0x208000 euid=0}, ResolveInfo{98c2c94 com.huawei.remoteassistant/com.huawei.android.pushagent.PushEventReceiver m=0x208000 euid=0}, ResolveInfo{4bc433d com.ss.android.article.news/com.ss.android.common.applog.HotsoonReceiver m=0x208000 euid=0}, ResolveInfo{ed36732 com.ss.android.article.news/com.ss.android.download.DownloadReceiver m=0x208000 euid=0}, ResolveInfo{c205c83 com.ss.android.article.news/com.huawei.android.pushagent.PushEventReceiver m=0x208000 euid=0}, ResolveInfo{6497e00 com.ss.android.article.news/com.ss.android.message.MessageReceiver m=0x208000 euid=0}, ResolveInfo{5aed639 com.ss.android.article.news/cn.jpush.android.service.PushReceiver m=0x208000 euid=0}]

01-01 23:20:21.313  1487  3078 V NetworkPolicy: ACTION_PACKAGE_ADDED for uid=10431

01-01 23:20:21.343  1487  3412 W IntentResolver: resolveIntent: multiple matches, only some with CATEGORY_DEFAULT

01-01 23:20:21.344  1487  3097 I ActivityManager: retrieveServiceLocked, callerApp: ProcessRecord{1875d71 0:system/1000}, flags: 400

01-01 23:20:21.348  1487  3097 I ActivityManager: retrieveServiceLocked, callerApp: ProcessRecord{1875d71 0:system/1000}, flags: 400

01-01 23:20:21.402  1487  3048 W IntentResolver: resolveIntent: multiple matches, only some with CATEGORY_DEFAULT

01-01 23:20:21.403  1487  3822 I ActivityManager: retrieveServiceLocked, callerApp: ProcessRecord{da2ea97 3183:com.android.systemui/u0a31}, flags: 400

01-01 23:20:21.404  1487  3822 I ActivityManager: bindServiceLocked, r: ServiceRecord{272e556 u0 euid: 0 com.android.systemui/.statusbar.toolbox.ToolBoxService}, euid: 0

01-01 23:20:21.406  1487  3415 W IntentResolver: resolveIntent: multiple matches, only some with CATEGORY_DEFAULT

01-01 23:20:21.410  1487  3937 I ActivityManager: collectReceiverComponents for intent: Intent { act=com.huawei.appmarket.service.downloadservice.Receiver flg=0x10 }, receivers: null

01-01 23:20:21.411  1487  3412 W IntentResolver: resolveIntent: multiple matches, only some with CATEGORY_DEFAULT

01-01 23:20:21.414  1487  1487 I SmartHeartBeat: listenAppUpdate, package: io.appium.settings has been Updated

01-01 23:20:21.469  1487  1487 D NetdConnector: SND -> {299 network permission user set NETWORK 10431}

01-01 23:20:21.470  1487  3076 D NetdConnector: RCV <- {200 299 success}

01-01 23:20:21.470  1487  3076 D NetdConnector: RCV <- {200 299 success}

01-01 23:20:21.485  1487  3048 W IntentResolver: resolveIntent: multiple matches, only some with CATEGORY_DEFAULT

01-01 23:20:21.487  1487  1525 W InputMethodManagerService: buildInputMethodListLocked: Skipping IME com.huawei.secime

01-01 23:20:21.488  1487  3958 W IntentResolver: resolveIntent: multiple matches, only some with CATEGORY_DEFAULT

01-01 23:20:21.490  1487  3942 W IntentResolver: resolveIntent: multiple matches, only some with CATEGORY_DEFAULT

01-01 23:20:21.493  1487  3948 W IntentResolver: resolveIntent: multiple matches, only some with CATEGORY_DEFAULT

01-01 23:20:21.503  1487  3198 I ActivityManager: collectReceiverComponents for intent: Intent { act=com.huawei.appmarket.service.downloadservice.Receiver flg=0x10 }, receivers: null

01-01 23:20:21.509  1487  3048 I ActivityManager: retrieveServiceLocked, callerApp: ProcessRecord{5d951b5 20507:com.huawei.appmarket/u0a11}, flags: 400

01-01 23:20:21.509  1487  3048 I ActivityManager: bindServiceLocked, r: ServiceRecord{ff4c65c u0 euid: 0 com.huawei.appmarket/.service.deamon.download.DownloadService}, euid: 0

01-01 23:20:21.511  1487  3822 I ActivityManager: retrieveServiceLocked, callerApp: ProcessRecord{89c1cba 21506:com.android.gallery3d/u0a16}, flags: 400

01-01 23:20:21.512  1487  3822 I ActivityManager: bindServiceLocked, r: ServiceRecord{6d0ad65 u0 euid: 0 com.android.gallery3d/com.huawei.gallery.photoshare.receiver.GalleryPackageMonitor$AsyncService}, euid: 0

01-01 23:20:21.513  1487  1525 I HwInputMethodManagerService: isSecureIMEExist = true

01-01 23:20:21.516  1487  1525 W InputMethodManagerService: buildInputMethodListLocked: Skipping IME com.baidu.input_huawei

01-01 23:20:21.516  1487  1525 W InputMethodManagerService: buildInputMethodListLocked: Skipping IME com.baidu.input

01-01 23:20:21.521  1487  1525 W InputMethodManagerService: buildInputMethodListLocked: Skipping IME com.android.inputmethod.latin

01-01 23:20:21.521  1487  1525 W InputMethodManagerService: buildInputMethodListLocked: Skipping IME com.nuance.swype.emui

01-01 23:20:21.521  1487  1525 W InputMethodManagerService: Default IME is uninstalled. Choose new default IME.

01-01 23:20:21.524  1487  3806 I ActivityManager: retrieveServiceLocked, callerApp: ProcessRecord{2cff0d3 21528:com.android.musicfx/u0a21}, flags: 400

01-01 23:20:21.524  1487  3806 I ActivityManager: bindServiceLocked, r: ServiceRecord{6a3bae1 u0 euid: 0 com.android.musicfx/.Compatibility$Service}, euid: 0

01-01 23:20:21.535  1487  3958 I ActivityManager: retrieveServiceLocked, callerApp: ProcessRecord{42d83d6 3299:com.huawei.systemmanager:service/1000}, flags: 400

01-01 23:20:21.535  1487  3958 I ActivityManager: bindServiceLocked, r: ServiceRecord{10bfc60 u0 euid: 0 com.huawei.systemmanager/.util.content.HsmIntentService_bg}, euid: 0

