01-01 23:20:18.590  1487  1579 I ActivityManager: collectReceiverComponents for intent: Intent { act=android.intent.action.PACKAGE_REMOVED dat=package:io.appium.settings flg=0x4000010 (has extras) }, receivers: [ResolveInfo{312e5fa com.huawei.appmarket/.service.installresult.control.InstallerReceiver p=2147483647 m=0x208000 euid=0}, ResolveInfo{a7a47ab com.android.contacts/.compatibility.ContactsProviderReceiver p=1000 m=0x208000 euid=0}, ResolveInfo{128ce08 com.ss.android.article.news/com.ss.android.derivative.AppListener p=100 m=0x208000 euid=0}, ResolveInfo{f5659a1 com.android.providers.contacts/.PackageIntentReceiver m=0x208000 euid=0}, ResolveInfo{a9967c6 com.huawei.motionservice/.motionexception.MotionBootReceiver m=0x208000 euid=0}, ResolveInfo{a13b387 com.android.gallery3d/com.huawei.gallery.photoshare.receiver.GalleryPackageMonitor m=0x208000 euid=0}, ResolveInfo{c80c2b4 com.android.musicfx/.Compatibility$Receiver m=0x208000 euid=0}, ResolveInfo{95deedd com.huawei.systemmanager/com.huawei.notificationmanager.receiver.Receiver m=0x208000 euid=0}, ResolveInfo{7b43a52 com.huawei.systemmanager/com.huawei.permissionmanager.ui.AppInstallationReceiver m=0x208000 euid=0}, ResolveInfo{eee0123 com.huawei.systemmanager/.optimize.OptimizeReceiver m=0x208000 euid=0}, ResolveInfo{3c15620 com.huawei.systemmanager/com.huawei.permissionmanager.ui.ComBroadcastReceiver m=0x208000 euid=0}, ResolveInfo{e4f9bd9 com.huawei.systemmanager/.power.receiver.BootBroadcastReceiver m=0x208000 euid=0}, ResolveInfo{c37a99e com.huawei.systemmanager/.netassistant.netapp.receiver.AppChangeReceiver m=0x208000 euid=0}, ResolveInfo{7958c7f com.huawei.systemmanager/.antivirus.AntiVirusReceiver m=0x208000 euid=0}, ResolveInfo{4b5b44c com.huawei.systemmanager/.addviewmonitor.AppChangeReceiver m=0x208000 euid=0}, ResolveInfo{d151c95 com.huawei.systemmanager/.spacecleanner.receiver.SpaceCleanReceiver m=0x208000 euid=0}, ResolveInfo{f0c1aa com.android.settings/.applications.BlackListReceiver m=0x208000 euid=0}, ResolveInfo{500719b com.huawei.securitymgr/.AppUninstallReceiver m=0x208000 euid=0}, ResolveInfo{cafc938 com.huawei.android.remotecontrol/com.huawei.android.pushagent.PushEventReceiver m=0x208000 euid=0}, ResolveInfo{f77ed11 com.huawei.android.pushagent/.PushEventReceiver m=0x208000 euid=0}, ResolveInfo{c714e76 com.huawei.bd/.collector.BDReceiver m=0x208000 euid=0}, ResolveInfo{76a8c77 com.android.keychain/.KeyChainBroadcastReceiver m=0x208000 euid=0}, ResolveInfo{a3440e4 com.huawei.android.ds/com.huawei.android.hicloud.common.receiver.BackupCommonRecevier m=0x208000 euid=0}, ResolveInfo{85d494d com.huawei.android.ds/com.huawei.android.pushagent.PushEventReceiver m=0x208000 euid=0}, ResolveInfo{a9bdc02 com.huawei.android.ds/com.huawei.android.remotecontrol.receiver.UpdateAPKReceiver m=0x208000 euid=0}, ResolveInfo{cf17913 com.huawei.remoteassistant/com.huawei.android.pushagent.PushEventReceiver m=0x208000 euid=0}, ResolveInfo{d668750 com.ss.android.article.news/com.taobao.agoo.AgooCommondReceiver m=0x208000 euid=0}, ResolveInfo{9c22d49 com.ss.android.article.news/com.aliyun.AliyunMessageReceiver m=0x208000 euid=0}, ResolveInfo{efb64e com.ss.android.article.news/com.taobao.accs.EventReceiver m=0x208000 euid=0}, ResolveInfo{df0936f com.ss.android.article.news/com.huawei.android.pushagent.PushEventReceiver m=0x208000 euid=0}, ResolveInfo{334c87c com.ss.android.article.news/com.ss.android.message.MessageReceiver m=0x208000 euid=0}, ResolveInfo{e775505 com.ss.android.article.news/com.baidu.android.pushservice.RegistrationReceiver m=0x208000 euid=0}, ResolveInfo{b94e95a com.ss.android.article.news/cn.jpush.android.service.PushReceiver m=0x208000 euid=0}]

01-01 23:20:18.591  1487  1579 I ActivityManager: collectReceiverComponents for intent: Intent { act=android.intent.action.PACKAGE_FULLY_REMOVED dat=package:io.appium.settings flg=0x4000010 (has extras) }, receivers: [ResolveInfo{743f068 com.android.server.telecom/.components.PhoneAccountBroadcastReceiver m=0x208000 euid=0}, ResolveInfo{39d3c81 com.android.documentsui/.PackageReceiver m=0x208000 euid=0}]

01-01 23:20:18.592  1487  1579 I ActivityManager: collectReceiverComponents for intent: Intent { act=android.intent.action.UID_REMOVED flg=0x4000010 (has extras) }, receivers: [ResolveInfo{1618167 com.android.providers.downloads/.DownloadReceiver m=0x108000 euid=0}]

01-01 23:20:18.593  1487  3097 I ActivityManager: retrieveServiceLocked, callerApp: ProcessRecord{1875d71 0:system/1000}, flags: 400

01-01 23:20:18.594  1487  3097 I ActivityManager: retrieveServiceLocked, callerApp: ProcessRecord{1875d71 0:system/1000}, flags: 400

01-01 23:20:18.610  1487  3078 V NetworkPolicy: ACTION_UID_REMOVED for uid=10430

01-01 23:20:18.614  1487  3077 D NetdConnector: SND -> {295 bandwidth gettetherstats}

01-01 23:20:18.616  1487  3076 D NetdConnector: RCV <- {200 295 Tethering stats list completed}

01-01 23:20:18.616  1487  3076 D NetdConnector: RCV <- {200 295 Tethering stats list completed}

01-01 23:20:18.619  1487  3077 W NetworkStatsFactory: mStatsXtProcUid: /proc/net/comm/stats does not exist!

01-01 23:20:18.619  1487  3077 D NetworkStats: mActiveIface: null

01-01 23:20:18.621  1487  3078 V NetworkPolicy: writePolicyLocked()

01-01 23:20:18.625  1487  1504 I ActivityManager: retrieveServiceLocked, callerApp: ProcessRecord{da2ea97 3183:com.android.systemui/u0a31}, flags: 400

01-01 23:20:18.626  1487  1504 I ActivityManager: bindServiceLocked, r: ServiceRecord{673fab9 u0 euid: 0 com.android.systemui/.statusbar.toolbox.ToolBoxService}, euid: 0

01-01 23:20:18.645  1487  3937 W IntentResolver: resolveIntent: multiple matches, only some with CATEGORY_DEFAULT

01-01 23:20:18.651  1487  3078 V NetworkPolicy: updateNetworkEnabledLocked()

01-01 23:20:18.651  1487  3078 V NetworkPolicy: updateNotificationsLocked()

01-01 23:20:18.652  1487  3941 W IntentResolver: resolveIntent: multiple matches, only some with CATEGORY_DEFAULT

01-01 23:20:18.664  1487  3822 W IntentResolver: resolveIntent: multiple matches, only some with CATEGORY_DEFAULT

01-01 23:20:18.664  1487  3048 I ActivityManager: collectReceiverComponents for intent: Intent { act=com.huawei.appmarket.service.downloadservice.Receiver flg=0x10 }, receivers: null

01-01 23:20:18.672  1487  3189 W IntentResolver: resolveIntent: multiple matches, only some with CATEGORY_DEFAULT

01-01 23:20:18.686  1487  1487 I SmartHeartBeat: listenAppUpdate, package: io.appium.settings has been Updated

01-01 23:20:18.687  1487  1487 D JobSchedulerService: Receieved: android.intent.action.PACKAGE_REMOVED

01-01 23:20:18.688  1487  1487 D NetdConnector: SND -> {296 network permission user clear 10430}

01-01 23:20:18.689  1487  3076 D NetdConnector: RCV <- {200 296 success}

01-01 23:20:18.689  1487  3076 D NetdConnector: RCV <- {200 296 success}

01-01 23:20:18.690  1487  1525 W InputMethodManagerService: buildInputMethodListLocked: Skipping IME com.huawei.secime

01-01 23:20:18.695  1487  3198 I ActivityManager: collectReceiverComponents for intent: Intent { act=com.huawei.appmarket.service.downloadservice.Receiver flg=0x10 }, receivers: null

01-01 23:20:18.706  1487  3491 W IntentResolver: resolveIntent: multiple matches, only some with CATEGORY_DEFAULT

01-01 23:20:18.710  1487  1504 W IntentResolver: resolveIntent: multiple matches, only some with CATEGORY_DEFAULT

01-01 23:20:18.716  1487  3955 W IntentResolver: resolveIntent: multiple matches, only some with CATEGORY_DEFAULT

01-01 23:20:18.717  1487  1525 I HwInputMethodManagerService: isSecureIMEExist = true

01-01 23:20:18.719  1487  3189 W IntentResolver: resolveIntent: multiple matches, only some with CATEGORY_DEFAULT

01-01 23:20:18.720  1487  1525 W InputMethodManagerService: buildInputMethodListLocked: Skipping IME com.baidu.input_huawei

01-01 23:20:18.720  1487  1525 W InputMethodManagerService: buildInputMethodListLocked: Skipping IME com.baidu.input

01-01 23:20:18.723  1487  1525 W InputMethodManagerService: buildInputMethodListLocked: Skipping IME com.android.inputmethod.latin

01-01 23:20:18.723  1487  1525 W InputMethodManagerService: buildInputMethodListLocked: Skipping IME com.nuance.swype.emui

01-01 23:20:18.723  1487  1525 W InputMethodManagerService: Default IME is uninstalled. Choose new default IME.

01-01 23:20:18.725  1487  3491 I ActivityManager: retrieveServiceLocked, callerApp: ProcessRecord{d807604 3426:android.process.acore/u0a2}, flags: 400

01-01 23:20:18.725  1487  3491 I ActivityManager: bindServiceLocked, r: ServiceRecord{9b8fcf3 u0 euid: 0 com.android.providers.contacts/.VoicemailCleanupService}, euid: 0

01-01 23:20:18.738  1487  3822 I ActivityManager: new Process app=ProcessRecord{89c1cba 0:com.android.gallery3d/u0a16}, name: com.android.gallery3d, euid: 0

01-01 23:20:18.751  1487  3822 I ActivityManager: Start proc 21506:com.android.gallery3d/u0a16 for broadcast com.android.gallery3d/com.huawei.gallery.photoshare.receiver.GalleryPackageMonitor

01-01 23:20:18.770 21506 21506 D ActivityThread: ActivityThread,attachApplication

01-01 23:20:18.770  1487  3941 D ActivityManager: ActivityManagerService,attachApplication,callingPid = 21506

01-01 23:20:18.801  1487  1525 I ActivityManager: collectReceiverComponents for intent: Intent { act=android.search.action.SEARCHABLES_CHANGED flg=0x24000010 }, receivers: null

01-01 23:20:18.837  1487  3941 I HwActivityManagerService: PackageName for pid 21506 is com.android.gallery3d

01-01 23:20:18.859  1487  3412 I ActivityManager: collectReceiverComponents for intent: Intent { act=android.intent.action.SIG_STR flg=0x20000010 (has extras) }, receivers: null

01-01 23:20:18.918  1487  3412 I ActivityManager: retrieveServiceLocked, callerApp: ProcessRecord{89c1cba 21506:com.android.gallery3d/u0a16}, flags: 400

01-01 23:20:18.919  1487  3412 I ActivityManager: bindServiceLocked, r: ServiceRecord{2a38b0d u0 euid: 0 com.huawei.android.ds/com.huawei.android.cg.CloudGallaryService}, euid: 0

01-01 23:20:18.929  1487  3048 I ActivityManager: retrieveServiceLocked, callerApp: ProcessRecord{89c1cba 21506:com.android.gallery3d/u0a16}, flags: 400

01-01 23:20:18.929  1487  3048 I ActivityManager: bindServiceLocked, r: ServiceRecord{d0e5ac2 u0 euid: 0 com.android.gallery3d/com.huawei.gallery.photoshare.receiver.GalleryPackageMonitor$AsyncService}, euid: 0

01-01 23:20:18.932  1487  3955 I ActivityManager: new Process app=ProcessRecord{2cff0d3 0:com.android.musicfx/u0a21}, name: com.android.musicfx, euid: 0

01-01 23:20:18.946  1487  3955 I ActivityManager: Start proc 21528:com.android.musicfx/u0a21 for broadcast com.android.musicfx/.Compatibility$Receiver

01-01 23:20:18.964 21528 21528 D ActivityThread: ActivityThread,attachApplication

01-01 23:20:18.965  1487  3048 D ActivityManager: ActivityManagerService,attachApplication,callingPid = 21528

01-01 23:20:18.989  1487  3942 I ActivityManager: retrieveServiceLocked, callerApp: ProcessRecord{2cff0d3 21528:com.android.musicfx/u0a21}, flags: 400

01-01 23:20:18.989  1487  3942 I ActivityManager: bindServiceLocked, r: ServiceRecord{d8acb09 u0 euid: 0 com.android.musicfx/.Compatibility$Service}, euid: 0

01-01 23:20:18.995  1487  3941 I ActivityManager: retrieveServiceLocked, callerApp: ProcessRecord{42d83d6 3299:com.huawei.systemmanager:service/1000}, flags: 400

01-01 23:20:18.995  1487  3941 I ActivityManager: bindServiceLocked, r: ServiceRecord{78c0ec5 u0 euid: 0 com.huawei.systemmanager/.util.content.HsmIntentService_bg}, euid: 0

01-01 23:20:19.002  1487  3822 I ActivityManager: retrieveServiceLocked, callerApp: ProcessRecord{c087b44 20594:com.huawei.systemmanager/1000}, flags: 400

01-01 23:20:19.002  1487  3822 I ActivityManager: bindServiceLocked, r: ServiceRecord{480801a u0 euid: 0 com.huawei.systemmanager/.util.content.HsmIntentService_ui}, euid: 0

01-01 23:20:19.006  1487  1526 W BroadcastQueue: Permission Denial: broadcasting Intent { act=android.net.conn.CONNECTIVITY_CHANGE flg=0x4000010 (has extras) } from null (pid=-1, uid=-1) requires com.huawei.cg.permission.SERVICE due to registered receiver BroadcastFilter{a3d241 u0 ReceiverList{e144528 8895 com.huawei.android.ds/1001/u0 remote:fdaa74b}}

01-01 23:20:19.006  1487  1526 W BroadcastQueue: Permission Denial: broadcasting Intent { act=android.intent.action.BATTERY_CHANGED flg=0x60000010 (has extras) } from null (pid=-1, uid=-1) requires com.huawei.cg.permission.SERVICE due to registered receiver BroadcastFilter{a3d241 u0 ReceiverList{e144528 8895 com.huawei.android.ds/1001/u0 remote:fdaa74b}}

01-01 23:20:19.012  1487  3415 V HwNotificationManagerService: Notification db cfg changed

01-01 23:20:19.013  1487 21543 V HwNotificationManagerService: HwCfgLoadingRunnable: Starts 

01-01 23:20:19.030  1487 21543 V HwNotificationManagerService: HwCfgLoadingRunnable: get cfg size:68

01-01 23:20:19.031  1487 21543 V HwNotificationManagerService: HwCfgLoadingRunnable: Ends. 

01-01 23:20:19.042  1487  1505 I ActivityManager: collectReceiverComponents for intent: Intent { act=PACKAGE_ADDED_OR_REMOVED flg=0x10 pkg=com.huawei.systemmanager (has extras) }, receivers: null

01-01 23:20:19.047  1487  3942 I ActivityManager: collectReceiverComponents for intent: Intent { act=huawei.intent.action.HW_STOPPED_PACKAGE_ACTION flg=0x10 (has extras) }, receivers: null

01-01 23:20:19.058 20594 20880 W ContextImpl: Calling a method in the system process without a qualified user: android.app.ContextImpl.startService:1381 android.content.ContextWrapper.startService:581 com.huawei.systemmanager.spacecleanner.receiver.SpaceCleanReceiver.checkRarelyUsedApp:129 com.huawei.systemmanager.spacecleanner.receiver.SpaceCleanReceiver.doInBackground:57 java.lang.reflect.Method.invoke:-2 

01-01 23:20:19.059 19581 19581 W ContextImpl: Calling a method in the system process without a qualified user: android.app.ContextImpl.startService:1381 android.content.ContextWrapper.startService:581 android.content.ContextWrapper.startService:581 com.android.settings.applications.BlackListReceiver.onReceive:35 android.app.ActivityThread.handleReceiver:2788 

01-01 23:20:19.060  1487  3806 I ActivityManager: retrieveServiceLocked, callerApp: ProcessRecord{4c09b67 19581:com.android.settings/1000}, flags: 400

01-01 23:20:19.060  1487  3806 I ActivityManager: bindServiceLocked, r: ServiceRecord{1809140 u0 euid: 0 com.android.settings/.applications.BlackListService}, euid: 0

01-01 23:20:19.100  1487  3958 I ActivityManager: new Process app=ProcessRecord{77f8879 0:com.android.keychain/1000}, name: com.android.keychain, euid: 0

01-01 23:20:19.116  1487  3958 I ActivityManager: Start proc 21549:com.android.keychain/1000 for broadcast com.android.keychain/.KeyChainBroadcastReceiver

01-01 23:20:19.137 21549 21549 D ActivityThread: ActivityThread,attachApplication

01-01 23:20:19.139  1487  3822 D ActivityManager: ActivityManagerService,attachApplication,callingPid = 21549

01-01 23:20:19.156  1487  3955 D NetdConnector: SND -> {297 bandwidth firewall allow mobile 10430 3}

01-01 23:20:19.168 21549 21549 W ContextImpl: Calling a method in the system process without a qualified user: android.app.ContextImpl.startService:1381 android.content.ContextWrapper.startService:581 android.content.ContextWrapper.startService:581 com.android.keychain.KeyChainBroadcastReceiver.onReceive:12 android.app.ActivityThread.handleReceiver:2788 

01-01 23:20:19.168  1487  3958 I ActivityManager: retrieveServiceLocked, callerApp: ProcessRecord{77f8879 21549:com.android.keychain/1000}, flags: 400

01-01 23:20:19.169  1487  3958 I ActivityManager: bindServiceLocked, r: ServiceRecord{dd5da1f u0 euid: 0 com.android.keychain/.KeyChainService}, euid: 0

01-01 23:20:19.198  1487  1504 I ActivityManager: retrieveServiceLocked, callerApp: ProcessRecord{5a9e864 19042:com.ss.android.article.news/u0a364}, flags: 400

01-01 23:20:19.198  1487  1504 W ActivityManager: Unable to start service Intent { act=android.intent.action.PACKAGE_REMOVED dat=package:io.appium.settings flg=0x4000010 cmp=com.ss.android.article.news/.TaobaoIntentService (has extras) } U=0: not found

01-01 23:20:19.205  1487  3948 I ActivityManager: Killing 20885:com.android.shell/2000 (adj 15): empty #16

01-01 23:20:19.223  1487  3076 D NetdConnector: RCV <- {500 297 Usage: bandwidth firewall allow <interface>  <appUid>}

01-01 23:20:19.224  1487  3076 D NetdConnector: RCV <- {500 297 Usage: bandwidth firewall allow <interface>  <appUid>}

01-01 23:20:19.224  1487  3955 E NetdConnector: NDC client error throw NativeDaemonArgumentException

01-01 23:20:19.243  1487  3412 I ActivityManager: Killing 20912:com.svox.pico/u0a70 (adj 15): empty #16

01-01 23:20:19.270  1487  3948 D NetdConnector: SND -> {298 bandwidth firewall allow wifi 10430 4}

01-01 23:20:19.291  1487  1487 I ActivityManager: new Process app=ProcessRecord{f7d816c 0:com.android.documentsui/u0a43}, name: com.android.documentsui, euid: 0

01-01 23:20:19.306  1487  1487 I ActivityManager: Start proc 21578:com.android.documentsui/u0a43 for broadcast com.android.documentsui/.PackageReceiver

01-01 23:20:19.317  1487  1504 D ActivityManager: cleanUpApplicationRecord -- 20885

01-01 23:20:19.317  1487  1504 I ActivityManager: cleanUpApplicationRecordLocked, reset pid: 20885, euid: 0

01-01 23:20:19.335  1487  3076 D NetdConnector: RCV <- {500 298 Usage: bandwidth firewall allow <interface>  <appUid>}

01-01 23:20:19.336  1487  3076 D NetdConnector: RCV <- {500 298 Usage: bandwidth firewall allow <interface>  <appUid>}

01-01 23:20:19.336  1487  3948 E NetdConnector: NDC client error throw NativeDaemonArgumentException

01-01 23:20:19.340  1487  3941 D ActivityManager: cleanUpApplicationRecord -- 20912

01-01 23:20:19.340  1487  3941 I ActivityManager: cleanUpApplicationRecordLocked, reset pid: 20912, euid: 0

01-01 23:20:19.342 21578 21578 D ActivityThread: ActivityThread,attachApplication

01-01 23:20:19.356  1487  1504 D ActivityManager: ActivityManagerService,attachApplication,callingPid = 21578

01-01 23:20:19.476  1487  3937 I ActivityManager: new Process app=ProcessRecord{6fdb296 0:com.android.externalstorage/u0a5}, name: com.android.externalstorage, euid: 0

01-01 23:20:19.493  1487  3937 I ActivityManager: Start proc 21602:com.android.externalstorage/u0a5 for content provider com.android.externalstorage/.ExternalStorageProvider

01-01 23:20:19.495  1487  3937 V ActivityManager_MU: Waiting to start provider ContentProviderRecord{c72ee17 u0 euid:0 com.android.externalstorage/.ExternalStorageProvider} launchingApp=ProcessRecord{6fdb296 21602:com.android.externalstorage/u0a5} caller pid= 21578

01-01 23:20:19.496  1487  3412 I ActivityManager: Killing 20943:com.android.browser/u0a30 (adj 15): empty #16

01-01 23:20:19.512 21602 21602 D ActivityThread: ActivityThread,attachApplication

01-01 23:20:19.516  1487  3948 D ActivityManager: ActivityManagerService,attachApplication,callingPid = 21602

01-01 23:20:19.520  1487  3948 I ActivityManager: Killing 19857:com.huawei.android.totemweather/u0a27 (adj 15): empty #16

01-01 23:20:19.557  1487  3937 V ActivityManager: Successfully start provider ContentProviderRecord{c72ee17 u0 euid:0 com.android.externalstorage/.ExternalStorageProvider} launchingApp=ProcessRecord{6fdb296 21602:com.android.externalstorage/u0a5} caller pid= 21578

01-01 23:20:19.576  1487  3806 D ActivityManager: cleanUpApplicationRecord -- 20943

01-01 23:20:19.577  1487  3806 I ActivityManager: cleanUpApplicationRecordLocked, reset pid: 20943, euid: 0

01-01 23:20:19.608  1487  3198 D ActivityManager: cleanUpApplicationRecord -- 19857

01-01 23:20:19.608  1487  3198 I ActivityManager: cleanUpApplicationRecordLocked, reset pid: 19857, euid: 0

01-01 23:20:19.625  1487  3048 I ActivityManager: new Process app=ProcessRecord{ac793ed 0:com.android.shell/2000}, name: com.android.shell, euid: 0

01-01 23:20:19.637  1487  3048 I ActivityManager: Start proc 21621:com.android.shell/2000 for content provider com.android.shell/.BugreportStorageProvider

01-01 23:20:19.638  1487  3048 V ActivityManager_MU: Waiting to start provider ContentProviderRecord{c5a6222 u0 euid:0 com.android.shell/.BugreportStorageProvider} launchingApp=ProcessRecord{ac793ed 21621:com.android.shell/2000} caller pid= 21578

01-01 23:20:19.656 21621 21621 D ActivityThread: ActivityThread,attachApplication

01-01 23:20:19.657  1487  3412 D ActivityManager: ActivityManagerService,attachApplication,callingPid = 21621

01-01 23:20:19.660  1487  3412 I ActivityManager: Killing 8541:com.android.defcontainer/u0a1 (adj 15): empty #16

01-01 23:20:19.690  1487  3048 V ActivityManager: Successfully start provider ContentProviderRecord{c5a6222 u0 euid:0 com.android.shell/.BugreportStorageProvider} launchingApp=ProcessRecord{ac793ed 21621:com.android.shell/2000} caller pid= 21578

01-01 23:20:19.757  1487  3958 D ActivityManager: cleanUpApplicationRecord -- 8541

01-01 23:20:19.758  1487  3958 I ActivityManager: cleanUpApplicationRecordLocked, reset pid: 8541, euid: 0

01-01 23:20:20.335  1487  3822 W ContextImpl: Calling a method in the system process without a qualified user: android.app.ContextImpl.sendBroadcast:851 com.android.server.pm.HwPackageManagerService.parseInstallerInfo:2265 com.android.server.pm.PackageManagerService.installPackageAsUser:10506 android.content.pm.IPackageManager$Stub.onTransact:975 com.android.server.pm.PackageManagerService.onTransact:2840 

01-01 23:20:20.336  1487  3822 V HwPackageManagerService: installPackageWithVerificationAndEncryption:  uid= 2000, pid=21620, packageUri= /data/local/tmp/settings_apk-debug.apk

01-01 23:20:20.336  1487  1579 I ActivityManager: retrieveServiceLocked, callerApp: ProcessRecord{1875d71 0:system/1000}, flags: 400

01-01 23:20:20.336  1487  1579 I ActivityManager: bindServiceLocked, r: ServiceRecord{82f890f u0 euid: 0 com.android.defcontainer/.DefaultContainerService}, euid: 0

01-01 23:20:20.336  1487  1579 I ActivityManager: mAm.startProcessLocked for service: ServiceRecord{82f890f u0 euid: 0 com.android.defcontainer/.DefaultContainerService}, appinfo euid: 0

01-01 23:20:20.336  1487  1579 I ActivityManager: new Process app=ProcessRecord{89a1d9c 0:com.android.defcontainer/u0a1}, name: com.android.defcontainer, euid: 0

01-01 23:20:20.350  1487  1579 I ActivityManager: Start proc 21641:com.android.defcontainer/u0a1 for service com.android.defcontainer/.DefaultContainerService

01-01 23:20:20.370 21641 21641 D ActivityThread: ActivityThread,attachApplication

01-01 23:20:20.371  1487  1505 D ActivityManager: ActivityManagerService,attachApplication,callingPid = 21641

01-01 23:20:20.412 21641 21652 D DefContainer: Copying /data/local/tmp/settings_apk-debug.apk to base.apk

01-01 23:20:20.801  1487  1579 W PackageManager: Not granting permission android.permission.ACCESS_MOCK_LOCATION to package io.appium.settings (protectionLevel=2 flags=0x3808be46)

01-01 23:20:20.801  1487  1579 W PackageManager: Not granting permission android.permission.SET_ANIMATION_SCALE to package io.appium.settings (protectionLevel=50 flags=0x3808be46)

01-01 23:20:21.103  1487  1579 I HwPackageManagerService: AntiMalware is closed

01-01 23:20:21.104  1487  1579 W BackupManagerService: Requested unavailable transport: com.google.android.gms/.backup.BackupTransportService

01-01 23:20:21.107  1487  1579 W ContextImpl: Calling a method in the system process without a qualified user: android.app.ContextImpl.sendBroadcast:872 com.android.server.pm.HwPackageManagerService.parseInstalledPkgInfo:2289 com.android.server.pm.PackageManagerService.parseInstalledPkgInfo:18302 com.android.server.pm.PackageManagerService.access$1400:341 com.android.server.pm.PackageManagerService$PackageHandler.doHandleMessage:1536 

01-01 23:20:21.108  1487  1579 V HwPackageManagerService: POST_INSTALL:  pkgName = io.appium.settings, pkgUri = /data/local/tmp/settings_apk-debug.apk, pkgVerName = 2.2, pkgVerCode = 4, resultCode = 1, pkgUpdate = false

01-01 23:20:21.311  1487  1579 I ActivityManager: collectReceiverComponents for intent: Intent { act=android.intent.action.PACKAGE_ADDED dat=package:io.appium.settings flg=0x4000010 (has extras) }, receivers: [ResolveInfo{88ad3ff com.huawei.appmarket/.service.installresult.control.InstallerReceiver p=2147483647 m=0x208000 euid=0}, ResolveInfo{5ee25cc com.android.contacts/.compatibility.ContactsProviderReceiver p=1000 m=0x208000 euid=0}, ResolveInfo{db27015 com.ss.android.article.news/com.ss.android.derivative.AppListener p=100 m=0x208000 euid=0}, ResolveInfo{85e4f2a com.android.providers.contacts/.PackageIntentReceiver m=0x208000 euid=0}, ResolveInfo{c2b11b com.android.gallery3d/com.huawei.gallery.photoshare.receiver.GalleryPackageMonitor m=0x208000 euid=0}, ResolveInfo{abdd2b8 com.android.musicfx/.Compatibility$Receiver m=0x208000 euid=0}, ResolveInfo{b56f891 com.huawei.systemmanager/com.huawei.notificationmanager.receiver.Receiver m=0x208000 euid=0}, ResolveInfo{4ea33f6 com.huawei.systemmanager/com.huawei.permissionmanager.ui.AppInstallationReceiver m=0x208000 euid=0}, ResolveInfo{9d143f7 com.huawei.systemmanager/.optimize.OptimizeReceiver m=0x208000 euid=0}, ResolveInfo{8d96264 com.huawei.systemmanager/.power.receiver.BootBroadcastReceiver m=0x208000 euid=0}, ResolveInfo{de18ccd com.huawei.systemmanager/.netassistant.netapp.receiver.AppChangeReceiver m=0x208000 euid=0}, ResolveInfo{57d9982 com.huawei.systemmanager/.antivirus.AntiVirusReceiver m=0x208000 euid=0}, ResolveInfo{7cc2893 com.huawei.systemmanager/.addviewmonitor.AppChangeReceiver m=0x208000 euid=0}, ResolveInfo{afc40d0 com.huawei.systemmanager/.rainbow.client.background.broadcast.SecurityBroadcastReceiver m=0x208000 euid=0}, ResolveInfo{a0728c9 com.huawei.systemmanager/.spacecleanner.receiver.SpaceCleanReceiver m=0x208000 euid=0}, ResolveInfo{7efcbce com.android.phone/.vvm.omtp.VvmPackageInstallReceiver m=0x208000 euid=0}, ResolveInfo{86baef com.android.settings/.applications.BlackListReceiver m=0x208000 euid=0}, ResolveInfo{a2c99fc com.huawei.securitymgr/.AppUninstallReceiver m=0x208000 euid=0}, ResolveInfo{d08885 com.huawei.android.remotecontrol/com.huawei.android.pushagent.PushEventReceiver m=0x208000 euid=0}, ResolveInfo{e40d6da com.huawei.android.pushagent/.PushEventReceiver m=0x208000 euid=0}, ResolveInfo{9ae170b com.huawei.bd/.collector.BDReceiver m=0x208000 euid=0}, ResolveInfo{7a759e8 com.svox.pico/.VoiceDataInstallerReceiver m=0x208000 euid=0}, ResolveInfo{1162801 com.huawei.android.ds/com.huawei.android.pushagent.PushEventReceiver m=0x208000 euid=0}, ResolveInfo{86586a6 com.huawei.android.ds/com.huawei.android.remotecontrol.receiver.UpdateAPKReceiver m=0x208000 euid=0}, ResolveInfo{ca518e7 com.android.browser/com.uc.base.system.receivers.SysReceiver m=0x208000 euid=0}, ResolveInfo{98c2c94 com.huawei.remoteassistant/com.huawei.android.pushagent.PushEventReceiver m=0x208000 euid=0}, ResolveInfo{4bc433d com.ss.android.article.news/com.ss.android.common.applog.HotsoonReceiver m=0x208000 euid=0}, ResolveInfo{ed36732 com.ss.android.article.news/com.ss.android.download.DownloadReceiver m=0x208000 euid=0}, ResolveInfo{c205c83 com.ss.android.article.news/com.huawei.android.pushagent.PushEventReceiver m=0x208000 euid=0}, ResolveInfo{6497e00 com.ss.android.article.news/com.ss.android.message.MessageReceiver m=0x208000 euid=0}, ResolveInfo{5aed639 com.ss.android.article.news/cn.jpush.android.service.PushReceiver m=0x208000 euid=0}]

01-01 23:20:21.313  1487  3078 V NetworkPolicy: ACTION_PACKAGE_ADDED for uid=10431

01-01 23:20:21.343  1487  3412 W IntentResolver: resolveIntent: multiple matches, only some with CATEGORY_DEFAULT

01-01 23:20:21.344  1487  3097 I ActivityManager: retrieveServiceLocked, callerApp: ProcessRecord{1875d71 0:system/1000}, flags: 400

01-01 23:20:21.348  1487  3097 I ActivityManager: retrieveServiceLocked, callerApp: ProcessRecord{1875d71 0:system/1000}, flags: 400

01-01 23:20:21.402  1487  3048 W IntentResolver: resolveIntent: multiple matches, only some with CATEGORY_DEFAULT

01-01 23:20:21.403  1487  3822 I ActivityManager: retrieveServiceLocked, callerApp: ProcessRecord{da2ea97 3183:com.android.systemui/u0a31}, flags: 400

01-01 23:20:21.404  1487  3822 I ActivityManager: bindServiceLocked, r: ServiceRecord{272e556 u0 euid: 0 com.android.systemui/.statusbar.toolbox.ToolBoxService}, euid: 0

01-01 23:20:21.406  1487  3415 W IntentResolver: resolveIntent: multiple matches, only some with CATEGORY_DEFAULT

01-01 23:20:21.410  1487  3937 I ActivityManager: collectReceiverComponents for intent: Intent { act=com.huawei.appmarket.service.downloadservice.Receiver flg=0x10 }, receivers: null

01-01 23:20:21.411  1487  3412 W IntentResolver: resolveIntent: multiple matches, only some with CATEGORY_DEFAULT

01-01 23:20:21.414  1487  1487 I SmartHeartBeat: listenAppUpdate, package: io.appium.settings has been Updated

01-01 23:20:21.469  1487  1487 D NetdConnector: SND -> {299 network permission user set NETWORK 10431}

01-01 23:20:21.470  1487  3076 D NetdConnector: RCV <- {200 299 success}

01-01 23:20:21.470  1487  3076 D NetdConnector: RCV <- {200 299 success}

01-01 23:20:21.485  1487  3048 W IntentResolver: resolveIntent: multiple matches, only some with CATEGORY_DEFAULT

01-01 23:20:21.487  1487  1525 W InputMethodManagerService: buildInputMethodListLocked: Skipping IME com.huawei.secime

01-01 23:20:21.488  1487  3958 W IntentResolver: resolveIntent: multiple matches, only some with CATEGORY_DEFAULT

01-01 23:20:21.490  1487  3942 W IntentResolver: resolveIntent: multiple matches, only some with CATEGORY_DEFAULT

01-01 23:20:21.493  1487  3948 W IntentResolver: resolveIntent: multiple matches, only some with CATEGORY_DEFAULT

01-01 23:20:21.503  1487  3198 I ActivityManager: collectReceiverComponents for intent: Intent { act=com.huawei.appmarket.service.downloadservice.Receiver flg=0x10 }, receivers: null

01-01 23:20:21.509  1487  3048 I ActivityManager: retrieveServiceLocked, callerApp: ProcessRecord{5d951b5 20507:com.huawei.appmarket/u0a11}, flags: 400

01-01 23:20:21.509  1487  3048 I ActivityManager: bindServiceLocked, r: ServiceRecord{ff4c65c u0 euid: 0 com.huawei.appmarket/.service.deamon.download.DownloadService}, euid: 0

01-01 23:20:21.511  1487  3822 I ActivityManager: retrieveServiceLocked, callerApp: ProcessRecord{89c1cba 21506:com.android.gallery3d/u0a16}, flags: 400

01-01 23:20:21.512  1487  3822 I ActivityManager: bindServiceLocked, r: ServiceRecord{6d0ad65 u0 euid: 0 com.android.gallery3d/com.huawei.gallery.photoshare.receiver.GalleryPackageMonitor$AsyncService}, euid: 0

01-01 23:20:21.513  1487  1525 I HwInputMethodManagerService: isSecureIMEExist = true

01-01 23:20:21.516  1487  1525 W InputMethodManagerService: buildInputMethodListLocked: Skipping IME com.baidu.input_huawei

01-01 23:20:21.516  1487  1525 W InputMethodManagerService: buildInputMethodListLocked: Skipping IME com.baidu.input

01-01 23:20:21.521  1487  1525 W InputMethodManagerService: buildInputMethodListLocked: Skipping IME com.android.inputmethod.latin

01-01 23:20:21.521  1487  1525 W InputMethodManagerService: buildInputMethodListLocked: Skipping IME com.nuance.swype.emui

01-01 23:20:21.521  1487  1525 W InputMethodManagerService: Default IME is uninstalled. Choose new default IME.

01-01 23:20:21.524  1487  3806 I ActivityManager: retrieveServiceLocked, callerApp: ProcessRecord{2cff0d3 21528:com.android.musicfx/u0a21}, flags: 400

01-01 23:20:21.524  1487  3806 I ActivityManager: bindServiceLocked, r: ServiceRecord{6a3bae1 u0 euid: 0 com.android.musicfx/.Compatibility$Service}, euid: 0

01-01 23:20:21.535  1487  3958 I ActivityManager: retrieveServiceLocked, callerApp: ProcessRecord{42d83d6 3299:com.huawei.systemmanager:service/1000}, flags: 400

01-01 23:20:21.535  1487  3958 I ActivityManager: bindServiceLocked, r: ServiceRecord{10bfc60 u0 euid: 0 com.huawei.systemmanager/.util.content.HsmIntentService_bg}, euid: 0

01-01 23:20:21.547  1487  3958 I ActivityManager: retrieveServiceLocked, callerApp: ProcessRecord{c087b44 20594:com.huawei.systemmanager/1000}, flags: 400

01-01 23:20:21.548  1487  3958 I ActivityManager: bindServiceLocked, r: ServiceRecord{b3fe519 u0 euid: 0 com.huawei.systemmanager/.util.content.HsmIntentService_ui}, euid: 0

01-01 23:20:21.570 20594 20594 W ContextImpl: Calling a method in the system process without a qualified user: android.app.ContextImpl.startService:1381 android.content.ContextWrapper.startService:581 android.content.ContextWrapper.startService:581 com.huawei.systemmanager.antivirus.utils.AntiVirusTools.checkVirusForNewInstalledApk:568 com.huawei.systemmanager.antivirus.AntiVirusReceiver.onReceive:35 

01-01 23:20:21.572  1487  3955 I ActivityManager: retrieveServiceLocked, callerApp: ProcessRecord{c087b44 20594:com.huawei.systemmanager/1000}, flags: 400

01-01 23:20:21.583  1487  3937 I ActivityManager: collectReceiverComponents for intent: Intent { act=com.huawei.appmarket.service.downloadservice.Receiver flg=0x10 }, receivers: null

01-01 23:20:21.588 20594 20683 W ContextImpl: Calling a method in the system process without a qualified user: android.app.ContextImpl.startService:1381 android.content.ContextWrapper.startService:581 com.huawei.systemmanager.rainbow.client.background.broadcast.SecurityBroadcastReceiver.doInBackground:130 java.lang.reflect.Method.invoke:-2 com.huawei.systemmanager.util.content.HsmIntentService$Work.reflectTargetReceiver:231 

01-01 23:20:21.590  1487  1504 I ActivityManager: retrieveServiceLocked, callerApp: ProcessRecord{c087b44 20594:com.huawei.systemmanager/1000}, flags: 400

01-01 23:20:21.591  1487  1504 I ActivityManager: bindServiceLocked, r: ServiceRecord{ea99842 u0 euid: 0 com.huawei.systemmanager/.rainbow.client.background.service.RainbowCommonService}, euid: 0

01-01 23:20:21.605  1487  1525 I ActivityManager: collectReceiverComponents for intent: Intent { act=android.search.action.SEARCHABLES_CHANGED flg=0x24000010 }, receivers: null

01-01 23:20:21.606  1487  1525 W VoiceInteractionManagerService: no available voice recognition services found for user 0

01-01 23:20:21.607 19581 19581 W ContextImpl: Calling a method in the system process without a qualified user: android.app.ContextImpl.startService:1381 android.content.ContextWrapper.startService:581 android.content.ContextWrapper.startService:581 com.android.settings.applications.BlackListReceiver.onReceive:35 android.app.ActivityThread.handleReceiver:2788 

01-01 23:20:21.608  1487  3806 I ActivityManager: retrieveServiceLocked, callerApp: ProcessRecord{4c09b67 19581:com.android.settings/1000}, flags: 400

01-01 23:20:21.608 20594 20678 W ContextImpl: Calling a method in the system process without a qualified user: android.app.ContextImpl.startService:1381 android.content.ContextWrapper.startService:581 com.huawei.systemmanager.spacecleanner.receiver.SpaceCleanReceiver.checkRarelyUsedApp:129 com.huawei.systemmanager.spacecleanner.receiver.SpaceCleanReceiver.doInBackground:57 java.lang.reflect.Method.invoke:-2 

01-01 23:20:21.609  1487  3806 I ActivityManager: bindServiceLocked, r: ServiceRecord{fbcf68e u0 euid: 0 com.android.settings/.applications.BlackListService}, euid: 0

01-01 23:20:21.661  1487  3048 I ActivityManager: new Process app=ProcessRecord{385f4fd 0:com.svox.pico/u0a70}, name: com.svox.pico, euid: 0

01-01 23:20:21.673  1487  3048 I ActivityManager: Start proc 21694:com.svox.pico/u0a70 for broadcast com.svox.pico/.VoiceDataInstallerReceiver

01-01 23:20:21.676  1487  3806 I ActivityManager: collectReceiverComponents for intent: Intent { act=com.huawei.systemmanager.action.found_virusscan_app flg=0x10 pkg=com.huawei.systemmanager (has extras) }, receivers: null

01-01 23:20:21.690 21694 21694 D ActivityThread: ActivityThread,attachApplication

01-01 23:20:21.691  1487  3822 D ActivityManager: ActivityManagerService,attachApplication,callingPid = 21694

01-01 23:20:21.698  1487  3955 V HwNotificationManagerService: Notification db cfg changed

01-01 23:20:21.699  1487 21707 V HwNotificationManagerService: HwCfgLoadingRunnable: Starts 

01-01 23:20:21.710  1487 21707 V HwNotificationManagerService: HwCfgLoadingRunnable: get cfg size:69

01-01 23:20:21.710  1487 21707 V HwNotificationManagerService: HwCfgLoadingRunnable: Ends. 

01-01 23:20:21.738  1487  3958 I ActivityManager: new Process app=ProcessRecord{d47c443 0:com.android.browser/u0a30}, name: com.android.browser, euid: 0

01-01 23:20:21.750  1487  3958 I ActivityManager: Start proc 21714:com.android.browser/u0a30 for broadcast com.android.browser/com.uc.base.system.receivers.SysReceiver

01-01 23:20:21.769 21714 21714 D ActivityThread: ActivityThread,attachApplication

01-01 23:20:21.769  1487  3948 D ActivityManager: ActivityManagerService,attachApplication,callingPid = 21714

01-01 23:20:21.790  1487  3415 I HwMtmBroadcastResourceManager: removeReceiver mtm Broadcast

01-01 23:20:21.803  1487  3806 I ActivityManager: collectReceiverComponents for intent: Intent { act=huawei.intent.action.HW_STOPPED_PACKAGE_ACTION flg=0x10 (has extras) }, receivers: null

01-01 23:20:21.841  1487  3822 I ActivityManager: collectReceiverComponents for intent: Intent { act=PACKAGE_ADDED_OR_REMOVED flg=0x10 pkg=com.huawei.systemmanager (has extras) }, receivers: null

01-01 23:20:21.990  1487  3491 I HwActivityManagerService: PackageName for pid 21714 is com.android.browser

01-01 23:20:22.026  1487  3198 I ActivityManager: Killing 21096:com.huawei.motionservice/u0a10 (adj 15): empty #16

01-01 23:20:22.035  1487  3958 I ActivityManager: Killing 21549:com.android.keychain/1000 (adj 15): empty #16

01-01 23:20:22.057  1487  3412 D ActivityManager: cleanUpApplicationRecord -- 21096

01-01 23:20:22.058  1487  3412 I ActivityManager: cleanUpApplicationRecordLocked, reset pid: 21096, euid: 0

01-01 23:20:22.074  1487  3198 D ActivityManager: cleanUpApplicationRecord -- 21549

01-01 23:20:22.075  1487  3198 I ActivityManager: cleanUpApplicationRecordLocked, reset pid: 21549, euid: 0

01-01 23:20:22.539  1487  3955 I ProcessStatsService: Added stats: 2018-01-02-02-45-50, over +31s367ms

01-01 23:20:22.544  1487  3955 I ProcessStatsService: Added stats: 2018-01-01-17-23-57, over +7h2m56s572ms

01-01 23:20:22.550  1487  3955 I ProcessStatsService: Added stats: 2018-01-01-11-38-28, over +5h45m28s570ms

01-01 23:20:22.555  1487  3955 I ProcessStatsService: Added stats: 2017-12-31-14-00-00, over +21h38m28s673ms

01-01 23:20:22.593  1487  3955 I ProcessStatsService: Added stats: 2018-01-02-02-45-50, over +31s367ms

01-01 23:20:22.598  1487  3955 I ProcessStatsService: Added stats: 2018-01-01-17-23-57, over +7h2m56s572ms

01-01 23:20:27.329  1487  3415 I ActivityManager: resolve info: ResolveInfo{da71b7f io.appium.settings/.Settings m=0x0 euid=0}, euid: 0

01-01 23:20:27.331  1487  3415 I ActivityManager: ActivityRecord info: ActivityInfo{dc1974c io.appium.settings.Settings}, euid=0

01-01 23:20:27.344  1487  3415 I ActivityManager: create new task record, multiLaunchId: 0, intent = Intent { act=android.intent.action.MAIN cat=[android.intent.category.LAUNCHER] flg=0x10a00000 cmp=io.appium.settings/.Settings }

01-01 23:20:27.345  1487  3415 V HwWindowManagerService: moveTaskToTop mTaskChanged:true

01-01 23:20:27.357  1487  3415 V HwWindowManagerService: moveTaskToTop mTaskChanged:true

01-01 23:20:27.363  1487  3415 V HwWindowManagerService: setFocusedApp update app ops, mTaskChanged set to:false

01-01 23:20:27.374  1487  3039 I HwWindowManagerService: this win:Window{f9d4461 u0 com.huawei.android.FloatTasks} hase children size:0

01-01 23:20:27.377  1487  3198 I ActivityManager: mService.startProcessLocked for activity: ActivityRecord{84ec395 u0 io.appium.settings/.Settings t4819}, appinfo euid: 0

01-01 23:20:27.377  1487  3198 I ActivityManager: new Process app=ProcessRecord{615c368 0:io.appium.settings/u0a431}, name: io.appium.settings, euid: 0

01-01 23:20:27.393  1487  3198 I ActivityManager: Start proc 21850:io.appium.settings/u0a431 for activity io.appium.settings/.Settings

01-01 23:20:27.398  1487  3955 I ActivityManager: collectReceiverComponents for intent: Intent { act=com.huawei.android.action.WIDGET_FOCUS_CHANGE flg=0x10 (has extras) }, receivers: null

01-01 23:20:27.416 21850 21850 D ActivityThread: ActivityThread,attachApplication

01-01 23:20:27.417  1487  1505 D ActivityManager: ActivityManagerService,attachApplication,callingPid = 21850

01-01 23:20:27.423  1487  1505 I ActivityManager: launch r: ActivityRecord{84ec395 u0 io.appium.settings/.Settings t4819}, uid = 10431, r.info.applicationInfo.euid  = 0

01-01 23:20:27.428  1487  1505 V AppWindowAnimator: Can't get Looper return 0

01-01 23:20:27.479 21850 21850 V ActivityThread: ActivityThread,callActivityOnCreate

01-01 23:20:27.540 21850 21850 D ActivityThread: add activity client record, r= ActivityRecord{54e50ff token=android.os.BinderProxy@2feb01e {io.appium.settings/io.appium.settings.Settings}} token= android.os.BinderProxy@2feb01e

01-01 23:20:27.562  1487  3937 V HwPhoneWindowManager: updateSystemUiColorLw window=Window{6e9b075 u0 io.appium.settings/io.appium.settings.Settings},EmuiStyle=0,StatusBarColor=0xff000000,NavigationBarColor=0xff000000

01-01 23:20:27.563  3183  4650 D CommandQueue: CommandQueue, onTransaction

01-01 23:20:27.563  3183  4650 D CommandQueue: CommandQueue, setBarBackgroundColor

01-01 23:20:27.758  1487  3942 I HwMtmBroadcastResourceManager: removeReceiver mtm Broadcast

01-01 23:20:27.759  1487  3937 I HwMtmBroadcastResourceManager: removeReceiver mtm Broadcast

01-01 23:20:27.761  1487  3806 I HwMtmBroadcastResourceManager: removeReceiver mtm Broadcast

01-01 23:20:28.565  1487  3958 V HwWindowManagerService: moveTaskToTop mTaskChanged:true

01-01 23:20:28.566  1487  3958 V HwWindowManagerService: setFocusedApp update app ops, mTaskChanged set to:false

01-01 23:20:28.566  1487  3039 I HwWindowManagerService: this win:Window{f9d4461 u0 com.huawei.android.FloatTasks} hase children size:0

01-01 23:20:28.587  1487  1526 I ActivityManager: Killing 21578:com.android.documentsui/u0a43 (adj 15): empty #16

01-01 23:20:28.588 21850 21850 D ActivityThread: Remove activity client record, r= ActivityRecord{54e50ff token=android.os.BinderProxy@2feb01e {io.appium.settings/io.appium.settings.Settings}} token= android.os.BinderProxy@2feb01e

01-01 23:20:28.622  1487  3806 V HwPhoneWindowManager: updateSystemUiColorLw window=Window{24a420d u0 com.huawei.android.launcher/com.huawei.android.launcher.Launcher},EmuiStyle=-1,StatusBarColor=0xfff0f0f0,NavigationBarColor=0x0

01-01 23:20:28.630  1487  3941 I ActivityManager: new Process app=ProcessRecord{4d077ba 0:com.huawei.android.totemweather/u0a27}, name: com.huawei.android.totemweather, euid: 0

01-01 23:20:28.646  1487  3941 I ActivityManager: Start proc 21873:com.huawei.android.totemweather/u0a27 for content provider com.huawei.android.totemweather/.provider.WeatherProvider

01-01 23:20:28.646  1487  3941 V ActivityManager_MU: Waiting to start provider ContentProviderRecord{519d66b u0 euid:0 com.huawei.android.totemweather/.provider.WeatherProvider} launchingApp=ProcessRecord{4d077ba 21873:com.huawei.android.totemweather/u0a27} caller pid= 4097

01-01 23:20:28.648  3183  3195 D CommandQueue: CommandQueue, onTransaction

01-01 23:20:28.648  3183  3195 D CommandQueue: CommandQueue, setBarBackgroundColor

01-01 23:20:28.649  1487  3958 I ActivityManager: new Process app=ProcessRecord{d1715c8 0:com.huawei.motionservice/u0a10}, name: com.huawei.motionservice, euid: 0

01-01 23:20:28.683  1487  3958 I ActivityManager: Start proc 21884:com.huawei.motionservice/u0a10 for content provider com.huawei.motionservice/.common.HwMotionProvider

01-01 23:20:28.683  1487  3958 V ActivityManager_MU: Waiting to start provider ContentProviderRecord{dfe5586 u0 euid:0 com.huawei.motionservice/.common.HwMotionProvider} launchingApp=ProcessRecord{d1715c8 21884:com.huawei.motionservice/u0a10} caller pid= 4097

01-01 23:20:28.683  1487  3937 I ActivityManager: collectReceiverComponents for intent: Intent { act=com.huawei.android.action.WIDGET_FOCUS_CHANGE flg=0x10 (has extras) }, receivers: null

01-01 23:20:28.706 21873 21873 D ActivityThread: ActivityThread,attachApplication

01-01 23:20:28.707  1487  3198 D ActivityManager: ActivityManagerService,attachApplication,callingPid = 21873

01-01 23:20:28.717 21884 21884 D ActivityThread: ActivityThread,attachApplication

01-01 23:20:28.718  1487  3822 D ActivityManager: ActivityManagerService,attachApplication,callingPid = 21884

01-01 23:20:28.763  1487  3958 V ActivityManager: Successfully start provider ContentProviderRecord{dfe5586 u0 euid:0 com.huawei.motionservice/.common.HwMotionProvider} launchingApp=ProcessRecord{d1715c8 21884:com.huawei.motionservice/u0a10} caller pid= 4097

01-01 23:20:28.767  1487  3948 D ActivityManager: cleanUpApplicationRecord -- 21578

01-01 23:20:28.767  1487  3948 I ActivityManager: cleanUpApplicationRecordLocked, reset pid: 21578, euid: 0

01-01 23:20:28.789  1487  3941 V ActivityManager: Successfully start provider ContentProviderRecord{519d66b u0 euid:0 com.huawei.android.totemweather/.provider.WeatherProvider} launchingApp=ProcessRecord{4d077ba 21873:com.huawei.android.totemweather/u0a27} caller pid= 4097

01-01 23:20:28.791  1487  3048 W ActivityManager: getRunningAppProcesses: caller 10027 does not hold REAL_GET_TASKS; limiting output

01-01 23:20:28.801  1487  3806 I ActivityManager: collectReceiverComponents for intent: Intent { act=com.huawei.android.action.TEMPERATURE_FORMAT_CHANGE flg=0x10 }, receivers: [ResolveInfo{513079d com.huawei.intelligent/.main.receiver.IntelligentReceiver m=0x108000 euid=0}, ResolveInfo{5da4412 com.huawei.android.totemweather/.wear.ChangeWeatherReceiver m=0x108000 euid=0}]

01-01 23:20:28.803  1487  1526 I ActivityManager: new Process app=ProcessRecord{eb8d5e0 0:com.huawei.intelligent/u0a15}, name: com.huawei.intelligent, euid: 0

01-01 23:20:28.830  1487  1526 I ActivityManager: Start proc 21918:com.huawei.intelligent/u0a15 for broadcast com.huawei.intelligent/.main.receiver.IntelligentReceiver

01-01 23:20:28.832  1487  3048 I ActivityManager: collectReceiverComponents for intent: Intent { act=com.baidu.input.entry.launcer flg=0x10 (has extras) }, receivers: null

01-01 23:20:28.861  1487  3806 I ActivityManager: Killing 21602:com.android.externalstorage/u0a5 (adj 15): empty #16

01-01 23:20:28.867  1487  3822 I ActivityManager: collectReceiverComponents for intent: Intent { act=com.huawei.android.action.launcher_weather_icon_change flg=0x10 (has extras) }, receivers: null

01-01 23:20:28.868  1487  3048 I ActivityManager: collectReceiverComponents for intent: Intent { act=com.huawei.android.action.launcher_weather_icon_change flg=0x10 (has extras) }, receivers: null

01-01 23:20:28.875 21918 21918 D ActivityThread: ActivityThread,attachApplication

01-01 23:20:28.876  1487  3937 D ActivityManager: ActivityManagerService,attachApplication,callingPid = 21918

01-01 23:20:28.883  1487  3948 I ActivityManager: collectReceiverComponents for intent: Intent { act=com.huawei.android.action.action_home_city_weather flg=0x10 (has extras) }, receivers: null

01-01 23:20:28.888  1487  3942 I HwActivityManagerService: PackageName for pid 21873 is com.huawei.android.totemweather

01-01 23:20:28.895  1487  3942 I ActivityManager: Killing 21621:com.android.shell/2000 (adj 15): empty #16

01-01 23:20:28.900  1487  3958 I ActivityManager: retrieveServiceLocked, callerApp: ProcessRecord{4d077ba 21873:com.huawei.android.totemweather/u0a27}, flags: 400

01-01 23:20:28.901  1487  3958 I ActivityManager: bindServiceLocked, r: ServiceRecord{116436a u0 euid: 0 com.huawei.android.totemweather/.WeatherService}, euid: 0

01-01 23:20:28.933  1487  3955 D ActivityManager: cleanUpApplicationRecord -- 21621

01-01 23:20:28.934  1487  3955 I ActivityManager: cleanUpApplicationRecordLocked, reset pid: 21621, euid: 0

01-01 23:20:28.973  1487  3942 I ActivityManager: retrieveServiceLocked, callerApp: ProcessRecord{eb8d5e0 21918:com.huawei.intelligent/u0a15}, flags: 400

01-01 23:20:28.973  1487  3942 I ActivityManager: bindServiceLocked, r: ServiceRecord{5a9d1 u0 euid: 0 com.huawei.intelligent/com.huawei.placerecognition.service.PlaceRecognitionService}, euid: 0

01-01 23:20:28.980  1487  3189 I HwActivityManagerService: PackageName for pid 21918 is com.huawei.intelligent

01-01 23:20:28.985  1487  3048 D ActivityManager: cleanUpApplicationRecord -- 21602

01-01 23:20:28.988  1487  3048 I ActivityManager: cleanUpApplicationRecordLocked, reset pid: 21602, euid: 0

01-01 23:20:29.004  1487  3937 I HwActivityManagerService: PackageName for pid 21918 is com.huawei.intelligent

01-01 23:20:29.012  1487  3948 I HwActivityManagerService: PackageName for pid 21918 is com.huawei.intelligent

01-01 23:20:29.018  1487  3189 I HwActivityManagerService: PackageName for pid 21918 is com.huawei.intelligent

01-01 23:20:29.023  1487  1504 I HwActivityManagerService: PackageName for pid 21918 is com.huawei.intelligent

01-01 23:20:29.161  1487  3415 I ActivityManager: retrieveServiceLocked, callerApp: ProcessRecord{eb8d5e0 21918:com.huawei.intelligent/u0a15}, flags: 400

01-01 23:20:29.162  1487  3415 I ActivityManager: bindServiceLocked, r: ServiceRecord{8caf43c u0 euid: 0 com.huawei.intelligent/.main.receiver.IntelligentIntentService}, euid: 0

01-01 23:20:29.176  1487  3941 I ActivityManager: new Process app=ProcessRecord{73c75c5 0:com.android.calendar/u0a7}, name: com.android.calendar, euid: 0

01-01 23:20:29.195  1487  3941 I ActivityManager: Start proc 21951:com.android.calendar/u0a7 for content provider com.android.calendar/.hap.HolidayRecessContentProvider

01-01 23:20:29.195  1487  3941 V ActivityManager_MU: Waiting to start provider ContentProviderRecord{bfe5b1a u0 euid:0 com.android.calendar/.hap.HolidayRecessContentProvider} launchingApp=ProcessRecord{73c75c5 21951:com.android.calendar/u0a7} caller pid= 21918

