01-01 23:20:19.625  1487  3048 I ActivityManager: new Process app=ProcessRecord{ac793ed 0:com.android.shell/2000}, name: com.android.shell, euid: 0

01-01 23:20:19.637  1487  3048 I ActivityManager: Start proc 21621:com.android.shell/2000 for content provider com.android.shell/.BugreportStorageProvider

01-01 23:20:19.638  1487  3048 V ActivityManager_MU: Waiting to start provider ContentProviderRecord{c5a6222 u0 euid:0 com.android.shell/.BugreportStorageProvider} launchingApp=ProcessRecord{ac793ed 21621:com.android.shell/2000} caller pid= 21578

01-01 23:20:19.656 21621 21621 D ActivityThread: ActivityThread,attachApplication

01-01 23:20:19.657  1487  3412 D ActivityManager: ActivityManagerService,attachApplication,callingPid = 21621

01-01 23:20:19.660  1487  3412 I ActivityManager: Killing 8541:com.android.defcontainer/u0a1 (adj 15): empty #16

01-01 23:20:19.690  1487  3048 V ActivityManager: Successfully start provider ContentProviderRecord{c5a6222 u0 euid:0 com.android.shell/.BugreportStorageProvider} launchingApp=ProcessRecord{ac793ed 21621:com.android.shell/2000} caller pid= 21578

01-01 23:20:19.757  1487  3958 D ActivityManager: cleanUpApplicationRecord -- 8541

01-01 23:20:19.758  1487  3958 I ActivityManager: cleanUpApplicationRecordLocked, reset pid: 8541, euid: 0

01-01 23:20:20.335  1487  3822 W ContextImpl: Calling a method in the system process without a qualified user: android.app.ContextImpl.sendBroadcast:851 com.android.server.pm.HwPackageManagerService.parseInstallerInfo:2265 com.android.server.pm.PackageManagerService.installPackageAsUser:10506 android.content.pm.IPackageManager$Stub.onTransact:975 com.android.server.pm.PackageManagerService.onTransact:2840 

01-01 23:20:20.336  1487  3822 V HwPackageManagerService: installPackageWithVerificationAndEncryption:  uid= 2000, pid=21620, packageUri= /data/local/tmp/settings_apk-debug.apk

01-01 23:20:20.336  1487  1579 I ActivityManager: retrieveServiceLocked, callerApp: ProcessRecord{1875d71 0:system/1000}, flags: 400

01-01 23:20:20.336  1487  1579 I ActivityManager: bindServiceLocked, r: ServiceRecord{82f890f u0 euid: 0 com.android.defcontainer/.DefaultContainerService}, euid: 0

01-01 23:20:20.336  1487  1579 I ActivityManager: mAm.startProcessLocked for service: ServiceRecord{82f890f u0 euid: 0 com.android.defcontainer/.DefaultContainerService}, appinfo euid: 0

01-01 23:20:20.336  1487  1579 I ActivityManager: new Process app=ProcessRecord{89a1d9c 0:com.android.defcontainer/u0a1}, name: com.android.defcontainer, euid: 0

01-01 23:20:20.350  1487  1579 I ActivityManager: Start proc 21641:com.android.defcontainer/u0a1 for service com.android.defcontainer/.DefaultContainerService

01-01 23:20:20.370 21641 21641 D ActivityThread: ActivityThread,attachApplication

01-01 23:20:20.371  1487  1505 D ActivityManager: ActivityManagerService,attachApplication,callingPid = 21641

01-01 23:20:20.412 21641 21652 D DefContainer: Copying /data/local/tmp/settings_apk-debug.apk to base.apk

01-01 23:20:20.801  1487  1579 W PackageManager: Not granting permission android.permission.ACCESS_MOCK_LOCATION to package io.appium.settings (protectionLevel=2 flags=0x3808be46)

01-01 23:20:20.801  1487  1579 W PackageManager: Not granting permission android.permission.SET_ANIMATION_SCALE to package io.appium.settings (protectionLevel=50 flags=0x3808be46)

01-01 23:20:21.103  1487  1579 I HwPackageManagerService: AntiMalware is closed

01-01 23:20:21.104  1487  1579 W BackupManagerService: Requested unavailable transport: com.google.android.gms/.backup.BackupTransportService

01-01 23:20:21.107  1487  1579 W ContextImpl: Calling a method in the system process without a qualified user: android.app.ContextImpl.sendBroadcast:872 com.android.server.pm.HwPackageManagerService.parseInstalledPkgInfo:2289 com.android.server.pm.PackageManagerService.parseInstalledPkgInfo:18302 com.android.server.pm.PackageManagerService.access$1400:341 com.android.server.pm.PackageManagerService$PackageHandler.doHandleMessage:1536 

01-01 23:20:21.108  1487  1579 V HwPackageManagerService: POST_INSTALL:  pkgName = io.appium.settings, pkgUri = /data/local/tmp/settings_apk-debug.apk, pkgVerName = 2.2, pkgVerCode = 4, resultCode = 1, pkgUpdate = false

01-01 23:20:21.311  1487  1579 I ActivityManager: collectReceiverComponents for intent: Intent { act=android.intent.action.PACKAGE_ADDED dat=package:io.appium.settings flg=0x4000010 (has extras) }, receivers: [ResolveInfo{88ad3ff com.huawei.appmarket/.service.installresult.control.InstallerReceiver p=2147483647 m=0x208000 euid=0}, ResolveInfo{5ee25cc com.android.contacts/.compatibility.ContactsProviderReceiver p=1000 m=0x208000 euid=0}, ResolveInfo{db27015 com.ss.android.article.news/com.ss.android.derivative.AppListener p=100 m=0x208000 euid=0}, ResolveInfo{85e4f2a com.android.providers.contacts/.PackageIntentReceiver m=0x208000 euid=0}, ResolveInfo{c2b11b com.android.gallery3d/com.huawei.gallery.photoshare.receiver.GalleryPackageMonitor m=0x208000 euid=0}, ResolveInfo{abdd2b8 com.android.musicfx/.Compatibility$Receiver m=0x208000 euid=0}, ResolveInfo{b56f891 com.huawei.systemmanager/com.huawei.notificationmanager.receiver.Receiver m=0x208000 euid=0}, ResolveInfo{4ea33f6 com.huawei.systemmanager/com.huawei.permissionmanager.ui.AppInstallationReceiver m=0x208000 euid=0}, ResolveInfo{9d143f7 com.huawei.systemmanager/.optimize.OptimizeReceiver m=0x208000 euid=0}, ResolveInfo{8d96264 com.huawei.systemmanager/.power.receiver.BootBroadcastReceiver m=0x208000 euid=0}, ResolveInfo{de18ccd com.huawei.systemmanager/.netassistant.netapp.receiver.AppChangeReceiver m=0x208000 euid=0}, ResolveInfo{57d9982 com.huawei.systemmanager/.antivirus.AntiVirusReceiver m=0x208000 euid=0}, ResolveInfo{7cc2893 com.huawei.systemmanager/.addviewmonitor.AppChangeReceiver m=0x208000 euid=0}, ResolveInfo{afc40d0 com.huawei.systemmanager/.rainbow.client.background.broadcast.SecurityBroadcastReceiver m=0x208000 euid=0}, ResolveInfo{a0728c9 com.huawei.systemmanager/.spacecleanner.receiver.SpaceCleanReceiver m=0x208000 euid=0}, ResolveInfo{7efcbce com.android.phone/.vvm.omtp.VvmPackageInstallReceiver m=0x208000 euid=0}, ResolveInfo{86baef com.android.settings/.applications.BlackListReceiver m=0x208000 euid=0}, ResolveInfo{a2c99fc com.huawei.securitymgr/.AppUninstallReceiver m=0x208000 euid=0}, ResolveInfo{d08885 com.huawei.android.remotecontrol/com.huawei.android.pushagent.PushEventReceiver m=0x208000 euid=0}, ResolveInfo{e40d6da com.huawei.android.pushagent/.PushEventReceiver m=0x208000 euid=0}, ResolveInfo{9ae170b com.huawei.bd/.collector.BDReceiver m=0x208000 euid=0}, ResolveInfo{7a759e8 com.svox.pico/.VoiceDataInstallerReceiver m=0x208000 euid=0}, ResolveInfo{1162801 com.huawei.android.ds/com.huawei.android.pushagent.PushEventReceiver m=0x208000 euid=0}, ResolveInfo{86586a6 com.huawei.android.ds/com.huawei.android.remotecontrol.receiver.UpdateAPKReceiver m=0x208000 euid=0}, ResolveInfo{ca518e7 com.android.browser/com.uc.base.system.receivers.SysReceiver m=0x208000 euid=0}, ResolveInfo{98c2c94 com.huawei.remoteassistant/com.huawei.android.pushagent.PushEventReceiver m=0x208000 euid=0}, ResolveInfo{4bc433d com.ss.android.article.news/com.ss.android.common.applog.HotsoonReceiver m=0x208000 euid=0}, ResolveInfo{ed36732 com.ss.android.article.news/com.ss.android.download.DownloadReceiver m=0x208000 euid=0}, ResolveInfo{c205c83 com.ss.android.article.news/com.huawei.android.pushagent.PushEventReceiver m=0x208000 euid=0}, ResolveInfo{6497e00 com.ss.android.article.news/com.ss.android.message.MessageReceiver m=0x208000 euid=0}, ResolveInfo{5aed639 com.ss.android.article.news/cn.jpush.android.service.PushReceiver m=0x208000 euid=0}]

01-01 23:20:21.313  1487  3078 V NetworkPolicy: ACTION_PACKAGE_ADDED for uid=10431

01-01 23:20:21.343  1487  3412 W IntentResolver: resolveIntent: multiple matches, only some with CATEGORY_DEFAULT

01-01 23:20:21.344  1487  3097 I ActivityManager: retrieveServiceLocked, callerApp: ProcessRecord{1875d71 0:system/1000}, flags: 400

01-01 23:20:21.348  1487  3097 I ActivityManager: retrieveServiceLocked, callerApp: ProcessRecord{1875d71 0:system/1000}, flags: 400

01-01 23:20:21.402  1487  3048 W IntentResolver: resolveIntent: multiple matches, only some with CATEGORY_DEFAULT

01-01 23:20:21.403  1487  3822 I ActivityManager: retrieveServiceLocked, callerApp: ProcessRecord{da2ea97 3183:com.android.systemui/u0a31}, flags: 400

01-01 23:20:21.404  1487  3822 I ActivityManager: bindServiceLocked, r: ServiceRecord{272e556 u0 euid: 0 com.android.systemui/.statusbar.toolbox.ToolBoxService}, euid: 0

01-01 23:20:21.406  1487  3415 W IntentResolver: resolveIntent: multiple matches, only some with CATEGORY_DEFAULT

01-01 23:20:21.410  1487  3937 I ActivityManager: collectReceiverComponents for intent: Intent { act=com.huawei.appmarket.service.downloadservice.Receiver flg=0x10 }, receivers: null

01-01 23:20:21.411  1487  3412 W IntentResolver: resolveIntent: multiple matches, only some with CATEGORY_DEFAULT

01-01 23:20:21.414  1487  1487 I SmartHeartBeat: listenAppUpdate, package: io.appium.settings has been Updated

01-01 23:20:21.469  1487  1487 D NetdConnector: SND -> {299 network permission user set NETWORK 10431}

01-01 23:20:21.470  1487  3076 D NetdConnector: RCV <- {200 299 success}

01-01 23:20:21.470  1487  3076 D NetdConnector: RCV <- {200 299 success}

01-01 23:20:21.485  1487  3048 W IntentResolver: resolveIntent: multiple matches, only some with CATEGORY_DEFAULT

01-01 23:20:21.487  1487  1525 W InputMethodManagerService: buildInputMethodListLocked: Skipping IME com.huawei.secime

01-01 23:20:21.488  1487  3958 W IntentResolver: resolveIntent: multiple matches, only some with CATEGORY_DEFAULT

01-01 23:20:21.490  1487  3942 W IntentResolver: resolveIntent: multiple matches, only some with CATEGORY_DEFAULT

01-01 23:20:21.493  1487  3948 W IntentResolver: resolveIntent: multiple matches, only some with CATEGORY_DEFAULT

01-01 23:20:21.503  1487  3198 I ActivityManager: collectReceiverComponents for intent: Intent { act=com.huawei.appmarket.service.downloadservice.Receiver flg=0x10 }, receivers: null

01-01 23:20:21.509  1487  3048 I ActivityManager: retrieveServiceLocked, callerApp: ProcessRecord{5d951b5 20507:com.huawei.appmarket/u0a11}, flags: 400

01-01 23:20:21.509  1487  3048 I ActivityManager: bindServiceLocked, r: ServiceRecord{ff4c65c u0 euid: 0 com.huawei.appmarket/.service.deamon.download.DownloadService}, euid: 0

01-01 23:20:21.511  1487  3822 I ActivityManager: retrieveServiceLocked, callerApp: ProcessRecord{89c1cba 21506:com.android.gallery3d/u0a16}, flags: 400

01-01 23:20:21.512  1487  3822 I ActivityManager: bindServiceLocked, r: ServiceRecord{6d0ad65 u0 euid: 0 com.android.gallery3d/com.huawei.gallery.photoshare.receiver.GalleryPackageMonitor$AsyncService}, euid: 0

01-01 23:20:21.513  1487  1525 I HwInputMethodManagerService: isSecureIMEExist = true

01-01 23:20:21.516  1487  1525 W InputMethodManagerService: buildInputMethodListLocked: Skipping IME com.baidu.input_huawei

01-01 23:20:21.516  1487  1525 W InputMethodManagerService: buildInputMethodListLocked: Skipping IME com.baidu.input

01-01 23:20:21.521  1487  1525 W InputMethodManagerService: buildInputMethodListLocked: Skipping IME com.android.inputmethod.latin

01-01 23:20:21.521  1487  1525 W InputMethodManagerService: buildInputMethodListLocked: Skipping IME com.nuance.swype.emui

01-01 23:20:21.521  1487  1525 W InputMethodManagerService: Default IME is uninstalled. Choose new default IME.

01-01 23:20:21.524  1487  3806 I ActivityManager: retrieveServiceLocked, callerApp: ProcessRecord{2cff0d3 21528:com.android.musicfx/u0a21}, flags: 400

01-01 23:20:21.524  1487  3806 I ActivityManager: bindServiceLocked, r: ServiceRecord{6a3bae1 u0 euid: 0 com.android.musicfx/.Compatibility$Service}, euid: 0

01-01 23:20:21.535  1487  3958 I ActivityManager: retrieveServiceLocked, callerApp: ProcessRecord{42d83d6 3299:com.huawei.systemmanager:service/1000}, flags: 400

01-01 23:20:21.535  1487  3958 I ActivityManager: bindServiceLocked, r: ServiceRecord{10bfc60 u0 euid: 0 com.huawei.systemmanager/.util.content.HsmIntentService_bg}, euid: 0

01-01 23:20:21.547  1487  3958 I ActivityManager: retrieveServiceLocked, callerApp: ProcessRecord{c087b44 20594:com.huawei.systemmanager/1000}, flags: 400

01-01 23:20:21.548  1487  3958 I ActivityManager: bindServiceLocked, r: ServiceRecord{b3fe519 u0 euid: 0 com.huawei.systemmanager/.util.content.HsmIntentService_ui}, euid: 0

01-01 23:20:21.570 20594 20594 W ContextImpl: Calling a method in the system process without a qualified user: android.app.ContextImpl.startService:1381 android.content.ContextWrapper.startService:581 android.content.ContextWrapper.startService:581 com.huawei.systemmanager.antivirus.utils.AntiVirusTools.checkVirusForNewInstalledApk:568 com.huawei.systemmanager.antivirus.AntiVirusReceiver.onReceive:35 

01-01 23:20:21.572  1487  3955 I ActivityManager: retrieveServiceLocked, callerApp: ProcessRecord{c087b44 20594:com.huawei.systemmanager/1000}, flags: 400

01-01 23:20:21.583  1487  3937 I ActivityManager: collectReceiverComponents for intent: Intent { act=com.huawei.appmarket.service.downloadservice.Receiver flg=0x10 }, receivers: null

01-01 23:20:21.588 20594 20683 W ContextImpl: Calling a method in the system process without a qualified user: android.app.ContextImpl.startService:1381 android.content.ContextWrapper.startService:581 com.huawei.systemmanager.rainbow.client.background.broadcast.SecurityBroadcastReceiver.doInBackground:130 java.lang.reflect.Method.invoke:-2 com.huawei.systemmanager.util.content.HsmIntentService$Work.reflectTargetReceiver:231 

01-01 23:20:21.590  1487  1504 I ActivityManager: retrieveServiceLocked, callerApp: ProcessRecord{c087b44 20594:com.huawei.systemmanager/1000}, flags: 400

01-01 23:20:21.591  1487  1504 I ActivityManager: bindServiceLocked, r: ServiceRecord{ea99842 u0 euid: 0 com.huawei.systemmanager/.rainbow.client.background.service.RainbowCommonService}, euid: 0

01-01 23:20:21.605  1487  1525 I ActivityManager: collectReceiverComponents for intent: Intent { act=android.search.action.SEARCHABLES_CHANGED flg=0x24000010 }, receivers: null

01-01 23:20:21.606  1487  1525 W VoiceInteractionManagerService: no available voice recognition services found for user 0

01-01 23:20:21.607 19581 19581 W ContextImpl: Calling a method in the system process without a qualified user: android.app.ContextImpl.startService:1381 android.content.ContextWrapper.startService:581 android.content.ContextWrapper.startService:581 com.android.settings.applications.BlackListReceiver.onReceive:35 android.app.ActivityThread.handleReceiver:2788 

01-01 23:20:21.608  1487  3806 I ActivityManager: retrieveServiceLocked, callerApp: ProcessRecord{4c09b67 19581:com.android.settings/1000}, flags: 400

01-01 23:20:21.608 20594 20678 W ContextImpl: Calling a method in the system process without a qualified user: android.app.ContextImpl.startService:1381 android.content.ContextWrapper.startService:581 com.huawei.systemmanager.spacecleanner.receiver.SpaceCleanReceiver.checkRarelyUsedApp:129 com.huawei.systemmanager.spacecleanner.receiver.SpaceCleanReceiver.doInBackground:57 java.lang.reflect.Method.invoke:-2 

01-01 23:20:21.609  1487  3806 I ActivityManager: bindServiceLocked, r: ServiceRecord{fbcf68e u0 euid: 0 com.android.settings/.applications.BlackListService}, euid: 0

01-01 23:20:21.661  1487  3048 I ActivityManager: new Process app=ProcessRecord{385f4fd 0:com.svox.pico/u0a70}, name: com.svox.pico, euid: 0

01-01 23:20:21.673  1487  3048 I ActivityManager: Start proc 21694:com.svox.pico/u0a70 for broadcast com.svox.pico/.VoiceDataInstallerReceiver

01-01 23:20:21.676  1487  3806 I ActivityManager: collectReceiverComponents for intent: Intent { act=com.huawei.systemmanager.action.found_virusscan_app flg=0x10 pkg=com.huawei.systemmanager (has extras) }, receivers: null

01-01 23:20:21.690 21694 21694 D ActivityThread: ActivityThread,attachApplication

01-01 23:20:21.691  1487  3822 D ActivityManager: ActivityManagerService,attachApplication,callingPid = 21694

01-01 23:20:21.698  1487  3955 V HwNotificationManagerService: Notification db cfg changed

01-01 23:20:21.699  1487 21707 V HwNotificationManagerService: HwCfgLoadingRunnable: Starts 

01-01 23:20:21.710  1487 21707 V HwNotificationManagerService: HwCfgLoadingRunnable: get cfg size:69

01-01 23:20:21.710  1487 21707 V HwNotificationManagerService: HwCfgLoadingRunnable: Ends. 

01-01 23:20:21.738  1487  3958 I ActivityManager: new Process app=ProcessRecord{d47c443 0:com.android.browser/u0a30}, name: com.android.browser, euid: 0

01-01 23:20:21.750  1487  3958 I ActivityManager: Start proc 21714:com.android.browser/u0a30 for broadcast com.android.browser/com.uc.base.system.receivers.SysReceiver

01-01 23:20:21.769 21714 21714 D ActivityThread: ActivityThread,attachApplication

01-01 23:20:21.769  1487  3948 D ActivityManager: ActivityManagerService,attachApplication,callingPid = 21714

01-01 23:20:21.790  1487  3415 I HwMtmBroadcastResourceManager: removeReceiver mtm Broadcast

01-01 23:20:21.803  1487  3806 I ActivityManager: collectReceiverComponents for intent: Intent { act=huawei.intent.action.HW_STOPPED_PACKAGE_ACTION flg=0x10 (has extras) }, receivers: null

01-01 23:20:21.841  1487  3822 I ActivityManager: collectReceiverComponents for intent: Intent { act=PACKAGE_ADDED_OR_REMOVED flg=0x10 pkg=com.huawei.systemmanager (has extras) }, receivers: null

01-01 23:20:21.990  1487  3491 I HwActivityManagerService: PackageName for pid 21714 is com.android.browser

01-01 23:20:22.026  1487  3198 I ActivityManager: Killing 21096:com.huawei.motionservice/u0a10 (adj 15): empty #16

01-01 23:20:22.035  1487  3958 I ActivityManager: Killing 21549:com.android.keychain/1000 (adj 15): empty #16

01-01 23:20:22.057  1487  3412 D ActivityManager: cleanUpApplicationRecord -- 21096

01-01 23:20:22.058  1487  3412 I ActivityManager: cleanUpApplicationRecordLocked, reset pid: 21096, euid: 0

01-01 23:20:22.074  1487  3198 D ActivityManager: cleanUpApplicationRecord -- 21549

01-01 23:20:22.075  1487  3198 I ActivityManager: cleanUpApplicationRecordLocked, reset pid: 21549, euid: 0

01-01 23:20:22.539  1487  3955 I ProcessStatsService: Added stats: 2018-01-02-02-45-50, over +31s367ms

01-01 23:20:22.544  1487  3955 I ProcessStatsService: Added stats: 2018-01-01-17-23-57, over +7h2m56s572ms

01-01 23:20:22.550  1487  3955 I ProcessStatsService: Added stats: 2018-01-01-11-38-28, over +5h45m28s570ms

01-01 23:20:22.555  1487  3955 I ProcessStatsService: Added stats: 2017-12-31-14-00-00, over +21h38m28s673ms

01-01 23:20:22.593  1487  3955 I ProcessStatsService: Added stats: 2018-01-02-02-45-50, over +31s367ms

01-01 23:20:22.598  1487  3955 I ProcessStatsService: Added stats: 2018-01-01-17-23-57, over +7h2m56s572ms

01-01 23:20:27.329  1487  3415 I ActivityManager: resolve info: ResolveInfo{da71b7f io.appium.settings/.Settings m=0x0 euid=0}, euid: 0

01-01 23:20:27.331  1487  3415 I ActivityManager: ActivityRecord info: ActivityInfo{dc1974c io.appium.settings.Settings}, euid=0

01-01 23:20:27.344  1487  3415 I ActivityManager: create new task record, multiLaunchId: 0, intent = Intent { act=android.intent.action.MAIN cat=[android.intent.category.LAUNCHER] flg=0x10a00000 cmp=io.appium.settings/.Settings }

01-01 23:20:27.345  1487  3415 V HwWindowManagerService: moveTaskToTop mTaskChanged:true

01-01 23:20:27.357  1487  3415 V HwWindowManagerService: moveTaskToTop mTaskChanged:true

01-01 23:20:27.363  1487  3415 V HwWindowManagerService: setFocusedApp update app ops, mTaskChanged set to:false

01-01 23:20:27.374  1487  3039 I HwWindowManagerService: this win:Window{f9d4461 u0 com.huawei.android.FloatTasks} hase children size:0

01-01 23:20:27.377  1487  3198 I ActivityManager: mService.startProcessLocked for activity: ActivityRecord{84ec395 u0 io.appium.settings/.Settings t4819}, appinfo euid: 0

01-01 23:20:27.377  1487  3198 I ActivityManager: new Process app=ProcessRecord{615c368 0:io.appium.settings/u0a431}, name: io.appium.settings, euid: 0

01-01 23:20:27.393  1487  3198 I ActivityManager: Start proc 21850:io.appium.settings/u0a431 for activity io.appium.settings/.Settings

01-01 23:20:27.398  1487  3955 I ActivityManager: collectReceiverComponents for intent: Intent { act=com.huawei.android.action.WIDGET_FOCUS_CHANGE flg=0x10 (has extras) }, receivers: null

01-01 23:20:27.416 21850 21850 D ActivityThread: ActivityThread,attachApplication

01-01 23:20:27.417  1487  1505 D ActivityManager: ActivityManagerService,attachApplication,callingPid = 21850

01-01 23:20:27.423  1487  1505 I ActivityManager: launch r: ActivityRecord{84ec395 u0 io.appium.settings/.Settings t4819}, uid = 10431, r.info.applicationInfo.euid  = 0

01-01 23:20:27.428  1487  1505 V AppWindowAnimator: Can't get Looper return 0

01-01 23:20:27.479 21850 21850 V ActivityThread: ActivityThread,callActivityOnCreate

01-01 23:20:27.540 21850 21850 D ActivityThread: add activity client record, r= ActivityRecord{54e50ff token=android.os.BinderProxy@2feb01e {io.appium.settings/io.appium.settings.Settings}} token= android.os.BinderProxy@2feb01e

01-01 23:20:27.562  1487  3937 V HwPhoneWindowManager: updateSystemUiColorLw window=Window{6e9b075 u0 io.appium.settings/io.appium.settings.Settings},EmuiStyle=0,StatusBarColor=0xff000000,NavigationBarColor=0xff000000

01-01 23:20:27.563  3183  4650 D CommandQueue: CommandQueue, onTransaction

01-01 23:20:27.563  3183  4650 D CommandQueue: CommandQueue, setBarBackgroundColor

01-01 23:20:27.758  1487  3942 I HwMtmBroadcastResourceManager: removeReceiver mtm Broadcast

01-01 23:20:27.759  1487  3937 I HwMtmBroadcastResourceManager: removeReceiver mtm Broadcast

01-01 23:20:27.761  1487  3806 I HwMtmBroadcastResourceManager: removeReceiver mtm Broadcast

01-01 23:20:28.565  1487  3958 V HwWindowManagerService: moveTaskToTop mTaskChanged:true

01-01 23:20:28.566  1487  3958 V HwWindowManagerService: setFocusedApp update app ops, mTaskChanged set to:false

01-01 23:20:28.566  1487  3039 I HwWindowManagerService: this win:Window{f9d4461 u0 com.huawei.android.FloatTasks} hase children size:0

01-01 23:20:28.587  1487  1526 I ActivityManager: Killing 21578:com.android.documentsui/u0a43 (adj 15): empty #16

01-01 23:20:28.588 21850 21850 D ActivityThread: Remove activity client record, r= ActivityRecord{54e50ff token=android.os.BinderProxy@2feb01e {io.appium.settings/io.appium.settings.Settings}} token= android.os.BinderProxy@2feb01e

01-01 23:20:28.622  1487  3806 V HwPhoneWindowManager: updateSystemUiColorLw window=Window{24a420d u0 com.huawei.android.launcher/com.huawei.android.launcher.Launcher},EmuiStyle=-1,StatusBarColor=0xfff0f0f0,NavigationBarColor=0x0

01-01 23:20:28.630  1487  3941 I ActivityManager: new Process app=ProcessRecord{4d077ba 0:com.huawei.android.totemweather/u0a27}, name: com.huawei.android.totemweather, euid: 0

01-01 23:20:28.646  1487  3941 I ActivityManager: Start proc 21873:com.huawei.android.totemweather/u0a27 for content provider com.huawei.android.totemweather/.provider.WeatherProvider

01-01 23:20:28.646  1487  3941 V ActivityManager_MU: Waiting to start provider ContentProviderRecord{519d66b u0 euid:0 com.huawei.android.totemweather/.provider.WeatherProvider} launchingApp=ProcessRecord{4d077ba 21873:com.huawei.android.totemweather/u0a27} caller pid= 4097

01-01 23:20:28.648  3183  3195 D CommandQueue: CommandQueue, onTransaction

01-01 23:20:28.648  3183  3195 D CommandQueue: CommandQueue, setBarBackgroundColor

01-01 23:20:28.649  1487  3958 I ActivityManager: new Process app=ProcessRecord{d1715c8 0:com.huawei.motionservice/u0a10}, name: com.huawei.motionservice, euid: 0

01-01 23:20:28.683  1487  3958 I ActivityManager: Start proc 21884:com.huawei.motionservice/u0a10 for content provider com.huawei.motionservice/.common.HwMotionProvider

01-01 23:20:28.683  1487  3958 V ActivityManager_MU: Waiting to start provider ContentProviderRecord{dfe5586 u0 euid:0 com.huawei.motionservice/.common.HwMotionProvider} launchingApp=ProcessRecord{d1715c8 21884:com.huawei.motionservice/u0a10} caller pid= 4097

01-01 23:20:28.683  1487  3937 I ActivityManager: collectReceiverComponents for intent: Intent { act=com.huawei.android.action.WIDGET_FOCUS_CHANGE flg=0x10 (has extras) }, receivers: null

01-01 23:20:28.706 21873 21873 D ActivityThread: ActivityThread,attachApplication

01-01 23:20:28.707  1487  3198 D ActivityManager: ActivityManagerService,attachApplication,callingPid = 21873

01-01 23:20:28.717 21884 21884 D ActivityThread: ActivityThread,attachApplication

01-01 23:20:28.718  1487  3822 D ActivityManager: ActivityManagerService,attachApplication,callingPid = 21884

01-01 23:20:28.763  1487  3958 V ActivityManager: Successfully start provider ContentProviderRecord{dfe5586 u0 euid:0 com.huawei.motionservice/.common.HwMotionProvider} launchingApp=ProcessRecord{d1715c8 21884:com.huawei.motionservice/u0a10} caller pid= 4097

01-01 23:20:28.767  1487  3948 D ActivityManager: cleanUpApplicationRecord -- 21578

01-01 23:20:28.767  1487  3948 I ActivityManager: cleanUpApplicationRecordLocked, reset pid: 21578, euid: 0

01-01 23:20:28.789  1487  3941 V ActivityManager: Successfully start provider ContentProviderRecord{519d66b u0 euid:0 com.huawei.android.totemweather/.provider.WeatherProvider} launchingApp=ProcessRecord{4d077ba 21873:com.huawei.android.totemweather/u0a27} caller pid= 4097

01-01 23:20:28.791  1487  3048 W ActivityManager: getRunningAppProcesses: caller 10027 does not hold REAL_GET_TASKS; limiting output

01-01 23:20:28.801  1487  3806 I ActivityManager: collectReceiverComponents for intent: Intent { act=com.huawei.android.action.TEMPERATURE_FORMAT_CHANGE flg=0x10 }, receivers: [ResolveInfo{513079d com.huawei.intelligent/.main.receiver.IntelligentReceiver m=0x108000 euid=0}, ResolveInfo{5da4412 com.huawei.android.totemweather/.wear.ChangeWeatherReceiver m=0x108000 euid=0}]

01-01 23:20:28.803  1487  1526 I ActivityManager: new Process app=ProcessRecord{eb8d5e0 0:com.huawei.intelligent/u0a15}, name: com.huawei.intelligent, euid: 0

01-01 23:20:28.830  1487  1526 I ActivityManager: Start proc 21918:com.huawei.intelligent/u0a15 for broadcast com.huawei.intelligent/.main.receiver.IntelligentReceiver

01-01 23:20:28.832  1487  3048 I ActivityManager: collectReceiverComponents for intent: Intent { act=com.baidu.input.entry.launcer flg=0x10 (has extras) }, receivers: null

01-01 23:20:28.861  1487  3806 I ActivityManager: Killing 21602:com.android.externalstorage/u0a5 (adj 15): empty #16

01-01 23:20:28.867  1487  3822 I ActivityManager: collectReceiverComponents for intent: Intent { act=com.huawei.android.action.launcher_weather_icon_change flg=0x10 (has extras) }, receivers: null

01-01 23:20:28.868  1487  3048 I ActivityManager: collectReceiverComponents for intent: Intent { act=com.huawei.android.action.launcher_weather_icon_change flg=0x10 (has extras) }, receivers: null

01-01 23:20:28.875 21918 21918 D ActivityThread: ActivityThread,attachApplication

01-01 23:20:28.876  1487  3937 D ActivityManager: ActivityManagerService,attachApplication,callingPid = 21918

01-01 23:20:28.883  1487  3948 I ActivityManager: collectReceiverComponents for intent: Intent { act=com.huawei.android.action.action_home_city_weather flg=0x10 (has extras) }, receivers: null

01-01 23:20:28.888  1487  3942 I HwActivityManagerService: PackageName for pid 21873 is com.huawei.android.totemweather

01-01 23:20:28.895  1487  3942 I ActivityManager: Killing 21621:com.android.shell/2000 (adj 15): empty #16

01-01 23:20:28.900  1487  3958 I ActivityManager: retrieveServiceLocked, callerApp: ProcessRecord{4d077ba 21873:com.huawei.android.totemweather/u0a27}, flags: 400

01-01 23:20:28.901  1487  3958 I ActivityManager: bindServiceLocked, r: ServiceRecord{116436a u0 euid: 0 com.huawei.android.totemweather/.WeatherService}, euid: 0

01-01 23:20:28.933  1487  3955 D ActivityManager: cleanUpApplicationRecord -- 21621

01-01 23:20:28.934  1487  3955 I ActivityManager: cleanUpApplicationRecordLocked, reset pid: 21621, euid: 0

01-01 23:20:28.973  1487  3942 I ActivityManager: retrieveServiceLocked, callerApp: ProcessRecord{eb8d5e0 21918:com.huawei.intelligent/u0a15}, flags: 400

01-01 23:20:28.973  1487  3942 I ActivityManager: bindServiceLocked, r: ServiceRecord{5a9d1 u0 euid: 0 com.huawei.intelligent/com.huawei.placerecognition.service.PlaceRecognitionService}, euid: 0

01-01 23:20:28.980  1487  3189 I HwActivityManagerService: PackageName for pid 21918 is com.huawei.intelligent

01-01 23:20:28.985  1487  3048 D ActivityManager: cleanUpApplicationRecord -- 21602

01-01 23:20:28.988  1487  3048 I ActivityManager: cleanUpApplicationRecordLocked, reset pid: 21602, euid: 0

01-01 23:20:29.004  1487  3937 I HwActivityManagerService: PackageName for pid 21918 is com.huawei.intelligent

01-01 23:20:29.012  1487  3948 I HwActivityManagerService: PackageName for pid 21918 is com.huawei.intelligent

01-01 23:20:29.018  1487  3189 I HwActivityManagerService: PackageName for pid 21918 is com.huawei.intelligent

01-01 23:20:29.023  1487  1504 I HwActivityManagerService: PackageName for pid 21918 is com.huawei.intelligent

01-01 23:20:29.161  1487  3415 I ActivityManager: retrieveServiceLocked, callerApp: ProcessRecord{eb8d5e0 21918:com.huawei.intelligent/u0a15}, flags: 400

01-01 23:20:29.162  1487  3415 I ActivityManager: bindServiceLocked, r: ServiceRecord{8caf43c u0 euid: 0 com.huawei.intelligent/.main.receiver.IntelligentIntentService}, euid: 0

01-01 23:20:29.176  1487  3941 I ActivityManager: new Process app=ProcessRecord{73c75c5 0:com.android.calendar/u0a7}, name: com.android.calendar, euid: 0

01-01 23:20:29.195  1487  3941 I ActivityManager: Start proc 21951:com.android.calendar/u0a7 for content provider com.android.calendar/.hap.HolidayRecessContentProvider

01-01 23:20:29.195  1487  3941 V ActivityManager_MU: Waiting to start provider ContentProviderRecord{bfe5b1a u0 euid:0 com.android.calendar/.hap.HolidayRecessContentProvider} launchingApp=ProcessRecord{73c75c5 21951:com.android.calendar/u0a7} caller pid= 21918

01-01 23:20:29.202  1487  3937 I ActivityManager: retrieveServiceLocked, callerApp: ProcessRecord{eb8d5e0 21918:com.huawei.intelligent/u0a15}, flags: 400

01-01 23:20:29.203  1487  3937 I ActivityManager: bindServiceLocked, r: ServiceRecord{b2ae64b u0 euid: 0 com.huawei.intelligent/.main.businesslogic.weatherservice.WeatherAlarmService}, euid: 0

01-01 23:20:29.213 21951 21951 D ActivityThread: ActivityThread,attachApplication

01-01 23:20:29.213  1487  3198 D ActivityManager: ActivityManagerService,attachApplication,callingPid = 21951

01-01 23:20:29.238  1487  3198 I ActivityManager: retrieveServiceLocked, callerApp: ProcessRecord{eb8d5e0 21918:com.huawei.intelligent/u0a15}, flags: 400

01-01 23:20:29.238  1487  3198 I ActivityManager: bindServiceLocked, r: ServiceRecord{c3f9c27 u0 euid: 0 com.huawei.android.totemweather/.aidl.WeatherAidlService}, euid: 0

01-01 23:20:29.257  1487  3941 V ActivityManager: Successfully start provider ContentProviderRecord{bfe5b1a u0 euid:0 com.android.calendar/.hap.HolidayRecessContentProvider} launchingApp=ProcessRecord{73c75c5 21951:com.android.calendar/u0a7} caller pid= 21918

01-01 23:20:29.266  1487  3189 I ActivityManager: new Process app=ProcessRecord{fffd3c3 0:com.android.providers.calendar/u0a36}, name: com.android.providers.calendar, euid: 0

01-01 23:20:29.278  1487  3189 I ActivityManager: Start proc 21970:com.android.providers.calendar/u0a36 for content provider com.android.providers.calendar/.CalendarProvider2

01-01 23:20:29.278  1487  3189 V ActivityManager_MU: Waiting to start provider ContentProviderRecord{e44c440 u0 euid:0 com.android.providers.calendar/.CalendarProvider2} launchingApp=ProcessRecord{fffd3c3 21970:com.android.providers.calendar/u0a36} caller pid= 21951

01-01 23:20:29.278  1487  3806 I ActivityManager: retrieveServiceLocked, callerApp: ProcessRecord{eb8d5e0 21918:com.huawei.intelligent/u0a15}, flags: 400

01-01 23:20:29.278  1487  3806 I ActivityManager: bindServiceLocked, r: ServiceRecord{933f79 u0 euid: 0 com.huawei.intelligent/.main.businesslogic.weatherservice.WeatherAlarmService}, euid: 0

01-01 23:20:29.296  1487  3942 I ActivityManager: collectReceiverComponents for intent: Intent { act=com.huawei.intelligent.data.changed flg=0x10 }, receivers: null

01-01 23:20:29.298 21970 21970 D ActivityThread: ActivityThread,attachApplication

01-01 23:20:29.300  1487  3822 D ActivityManager: ActivityManagerService,attachApplication,callingPid = 21970

01-01 23:20:29.303  1487  3822 I ActivityManager: Killing 20507:com.huawei.appmarket/u0a11 (adj 15): empty #16

01-01 23:20:29.310  1487  3942 I HwActivityManagerService: PackageName for pid 21918 is com.huawei.intelligent

01-01 23:20:29.315  1487  3958 I HwActivityManagerService: PackageName for pid 21918 is com.huawei.intelligent

01-01 23:20:29.367  1487  3189 V ActivityManager: Successfully start provider ContentProviderRecord{e44c440 u0 euid:0 com.android.providers.calendar/.CalendarProvider2} launchingApp=ProcessRecord{fffd3c3 21970:com.android.providers.calendar/u0a36} caller pid= 21951

01-01 23:20:29.381  1487  3948 I ActivityManager: retrieveServiceLocked, callerApp: ProcessRecord{fffd3c3 21970:com.android.providers.calendar/u0a36}, flags: 400

01-01 23:20:29.382  1487  3948 I ActivityManager: bindServiceLocked, r: ServiceRecord{edd9aed u0 euid: 0 com.android.providers.calendar/.EmptyService}, euid: 0

01-01 23:20:29.432  1487  1504 D ActivityManager: cleanUpApplicationRecord -- 20507

01-01 23:20:29.432  1487  1504 I ActivityManager: cleanUpApplicationRecordLocked, reset pid: 20507, euid: 0

01-01 23:20:29.729  1487  3198 W ContextImpl: Calling a method in the system process without a qualified user: android.app.ContextImpl.sendBroadcast:851 com.android.server.pm.HwPackageManagerService.parseInstallerInfo:2265 com.android.server.pm.PackageManagerService.installPackageAsUser:10506 android.content.pm.IPackageManager$Stub.onTransact:975 com.android.server.pm.PackageManagerService.onTransact:2840 

01-01 23:20:29.729  1487  3198 V HwPackageManagerService: installPackageWithVerificationAndEncryption:  uid= 2000, pid=21946, packageUri= /data/local/tmp/unlock_apk-debug.apk

01-01 23:20:29.738 21641 21652 D DefContainer: Copying /data/local/tmp/unlock_apk-debug.apk to base.apk

01-01 23:20:29.758  1487  1579 D PackageParser: not verify for pkg:io.appium.unlock

01-01 23:20:29.869  1487  1579 W PackageManager: Attempt to re-install io.appium.unlock without first uninstalling.

01-01 23:20:30.427  1487  3822 I ActivityManager: collectReceiverComponents for intent: Intent { act=android.intent.action.PROVIDER_CHANGED dat=content://com.android.calendar flg=0x10 }, receivers: [ResolveInfo{e3bca88 com.android.calendar/.alerts.AlertReceiver m=0x308000 euid=0}, ResolveInfo{45adc21 com.android.calendar/.widget.CalendarAppWidgetService$CalendarFactory m=0x308000 euid=0}, ResolveInfo{c47f846 com.android.calendar/.simpleui.CalendarSimpleUiPRovider m=0x308000 euid=0}, ResolveInfo{46e3a07 com.android.calendar/.mycalendar.CalendarAppWidgetProvider m=0x308000 euid=0}]

01-01 23:20:30.435  1487  3415 I ActivityManager: retrieveServiceLocked, callerApp: ProcessRecord{73c75c5 21951:com.android.calendar/u0a7}, flags: 400

01-01 23:20:30.436  1487  3415 I ActivityManager: bindServiceLocked, r: ServiceRecord{a68195d u0 euid: 0 com.android.calendar/.alerts.AlertService}, euid: 0

01-01 23:20:30.512  1487  3415 I HwActivityManagerService: PackageName for pid 21951 is com.android.calendar

01-01 23:20:30.522  1487  3955 I HwActivityManagerService: PackageName for pid 21951 is com.android.calendar

01-01 23:20:30.523  1487  3822 I HwActivityManagerService: PackageName for pid 21951 is com.android.calendar

01-01 23:20:30.524  1487  3189 I AppWidgetServiceImpl: recycle oldRemoteView

01-01 23:20:34.275  1487  1505 I ActivityManager: Killing 21528:com.android.musicfx/u0a21 (adj 15): empty #16

01-01 23:20:34.275  1487  1505 I ActivityManager: Killing 21506:com.android.gallery3d/u0a16 (adj 15): empty #17

01-01 23:20:34.276  1487  3048 I HwMtmBroadcastResourceManager: removeReceiver mtm Broadcast

01-01 23:20:34.370  1487  3955 D ActivityManager: cleanUpApplicationRecord -- 21528

01-01 23:20:34.370  1487  3955 I ActivityManager: cleanUpApplicationRecordLocked, reset pid: 21528, euid: 0

01-01 23:20:34.393  1487  1504 D ActivityManager: cleanUpApplicationRecord -- 21506

01-01 23:20:34.396  1487  1504 I ActivityManager: cleanUpApplicationRecordLocked, reset pid: 21506, euid: 0

01-01 23:20:34.414  1487  3958 I HwMtmBroadcastResourceManager: removeReceiver mtm Broadcast

01-01 23:20:34.415  1487  3806 I HwMtmBroadcastResourceManager: removeReceiver mtm Broadcast

01-01 23:20:34.415  1487  3412 I HwMtmBroadcastResourceManager: removeReceiver mtm Broadcast

01-01 23:20:35.327  1487  3955 I ActivityManager: Force stopping com.uc56.ucexpressbao appid=10414 user=0: from pid 22067by app

01-01 23:20:35.329  1487  3955 D HwBroadcastQueue: cleanupDisabledPackageReceiversLocked for userId 0

01-01 23:20:35.329  1487  3955 D HwBroadcastQueue: cleanupDisabledPackageReceiversLocked for userId 0

01-01 23:20:35.329  1487  3955 D HwBroadcastQueue: cleanupDisabledPackageReceiversLocked for userId 0

01-01 23:20:35.329  1487  3955 D HwBroadcastQueue: cleanupDisabledPackageReceiversLocked for userId 0

01-01 23:20:35.329  1487  3955 I ActivityManager: collectReceiverComponents for intent: Intent { act=android.intent.action.PACKAGE_RESTARTED dat=package:com.uc56.ucexpressbao flg=0x10 (has extras) }, receivers: null

01-01 23:20:35.332  1487  1487 I HwCoreAppHelperService: LocalReceiver receives:android.intent.action.PACKAGE_RESTARTED

01-01 23:20:35.582  1487  3412 I ActivityManager: resolve info: ResolveInfo{4ea62ff com.uc56.ucexpressbao/.activitys.SplashActivity m=0x0 euid=0}, euid: 0

01-01 23:20:35.584  1487  3412 I ActivityManager: ActivityRecord info: ActivityInfo{23008cc com.uc56.ucexpressbao.activitys.SplashActivity}, euid=0

01-01 23:20:35.595  1487  3412 I ActivityManager: create new task record, multiLaunchId: 0, intent = Intent { flg=0x10000000 cmp=com.uc56.ucexpressbao/.activitys.SplashActivity }

01-01 23:20:35.595  1487  3412 V HwWindowManagerService: moveTaskToTop mTaskChanged:true

01-01 23:20:35.601  1487  3412 V HwWindowManagerService: moveTaskToTop mTaskChanged:true

01-01 23:20:35.605  1487  3412 V HwWindowManagerService: setFocusedApp update app ops, mTaskChanged set to:false

01-01 23:20:35.613  1487  3039 I HwWindowManagerService: this win:Window{f9d4461 u0 com.huawei.android.FloatTasks} hase children size:0

01-01 23:20:35.616  1487  3941 I ActivityManager: mService.startProcessLocked for activity: ActivityRecord{aea1715 u0 com.uc56.ucexpressbao/.activitys.SplashActivity t4820}, appinfo euid: 0

01-01 23:20:35.617  1487  3941 I ActivityManager: new Process app=ProcessRecord{76809ef 0:com.uc56.ucexpressbao/u0a414}, name: com.uc56.ucexpressbao, euid: 0

01-01 23:20:35.631  1487  3941 I ActivityManager: Start proc 22081:com.uc56.ucexpressbao/u0a414 for activity com.uc56.ucexpressbao/.activitys.SplashActivity

01-01 23:20:35.646 22081 22081 D ActivityThread: ActivityThread,attachApplication

01-01 23:20:35.646  1487  1505 D ActivityManager: ActivityManagerService,attachApplication,callingPid = 22081

01-01 23:20:35.651  1487  1505 I ActivityManager: launch r: ActivityRecord{aea1715 u0 com.uc56.ucexpressbao/.activitys.SplashActivity t4820}, uid = 10414, r.info.applicationInfo.euid  = 0

01-01 23:20:35.657  1487  3942 I ActivityManager: collectReceiverComponents for intent: Intent { act=com.huawei.android.action.WIDGET_FOCUS_CHANGE flg=0x10 (has extras) }, receivers: null

01-01 23:20:35.798  1487  1504 W ActivityManager: getRunningAppProcesses: caller 10414 does not hold REAL_GET_TASKS; limiting output

01-01 23:20:35.848  1487  3198 D WifiService: getWifiServiceMessenger, pid:22081, uid:10414

01-01 23:20:35.851  1487  3087 D WifiService: New client listening to asynchronous messages

01-01 23:20:35.851  1487  3415 W ActivityManager: getRunningAppProcesses: caller 10414 does not hold REAL_GET_TASKS; limiting output

01-01 23:20:35.931  1487  3189 I ActivityManager: retrieveServiceLocked, callerApp: ProcessRecord{76809ef 22081:com.uc56.ucexpressbao/u0a414}, flags: 400

01-01 23:20:35.931  1487  3189 W ActivityManager: Unable to start service Intent { cmp=com.uc56.ucexpressbao/com.iflytek.common.LaunchService } U=0: not found

01-01 23:20:36.000  1487  3806 W ActivityManager: getRunningAppProcesses: caller 10414 does not hold REAL_GET_TASKS; limiting output

01-01 23:20:36.001  1487  3955 W ActivityManager: getRunningAppProcesses: caller 10414 does not hold REAL_GET_TASKS; limiting output

01-01 23:20:36.026  1487  3415 W ActivityManager: getRunningAppProcesses: caller 10414 does not hold REAL_GET_TASKS; limiting output

01-01 23:20:36.035  1487  3941 I HwActivityManagerService: PackageName for pid 22081 is com.uc56.ucexpressbao

01-01 23:20:36.063  1487  3415 W ActivityManager: getRunningAppProcesses: caller 10414 does not hold REAL_GET_TASKS; limiting output

01-01 23:20:36.066  1487  3048 I ActivityManager: retrieveServiceLocked, callerApp: ProcessRecord{76809ef 22081:com.uc56.ucexpressbao/u0a414}, flags: 400

01-01 23:20:36.066  1487  3048 I ActivityManager: bindServiceLocked, r: ServiceRecord{4d18d39 u0 euid: 0 com.uc56.ucexpressbao/cn.jpush.android.service.PushService}, euid: 0

01-01 23:20:36.066  1487  3048 I ActivityManager: mAm.startProcessLocked for service: ServiceRecord{4d18d39 u0 euid: 0 com.uc56.ucexpressbao/cn.jpush.android.service.PushService}, appinfo euid: 0

01-01 23:20:36.067  1487  3048 I ActivityManager: new Process app=ProcessRecord{956af7e 0:com.uc56.ucexpressbao:mult/u0a414}, name: com.uc56.ucexpressbao:mult, euid: 0

01-01 23:20:36.077  1487  3048 I ActivityManager: Start proc 22124:com.uc56.ucexpressbao:mult/u0a414 for service com.uc56.ucexpressbao/cn.jpush.android.service.PushService

01-01 23:20:36.079  1487  3189 W ActivityManager: getRunningAppProcesses: caller 10414 does not hold REAL_GET_TASKS; limiting output

01-01 23:20:36.080  1487  3189 W ActivityManager: getRunningAppProcesses: caller 10414 does not hold REAL_GET_TASKS; limiting output

01-01 23:20:36.081  1487  1505 I ActivityManager: bindServiceLocked, r: ServiceRecord{4d18d39 u0 euid: 0 com.uc56.ucexpressbao/cn.jpush.android.service.PushService}, euid: 0

01-01 23:20:36.089  1487  3942 I ActivityManager: bindServiceLocked, r: ServiceRecord{4d18d39 u0 euid: 0 com.uc56.ucexpressbao/cn.jpush.android.service.PushService}, euid: 0

01-01 23:20:36.091 22124 22124 D ActivityThread: ActivityThread,attachApplication

01-01 23:20:36.092  1487  3955 D ActivityManager: ActivityManagerService,attachApplication,callingPid = 22124

01-01 23:20:36.111 22081 22081 V ActivityThread: ActivityThread,callActivityOnCreate

01-01 23:20:36.177 22081 22081 D ActivityThread: add activity client record, r= ActivityRecord{5f753c0 token=android.os.BinderProxy@6acf143 {com.uc56.ucexpressbao/com.uc56.ucexpressbao.activitys.SplashActivity}} token= android.os.BinderProxy@6acf143

01-01 23:20:36.186  1487  3948 W ActivityManager: getRunningAppProcesses: caller 10414 does not hold REAL_GET_TASKS; limiting output

01-01 23:20:36.202  1487  3189 V HwPhoneWindowManager: updateSystemUiColorLw window=Window{75ba018 u0 com.uc56.ucexpressbao/com.uc56.ucexpressbao.activitys.SplashActivity},EmuiStyle=0,StatusBarColor=0xff000000,NavigationBarColor=0xff000000

01-01 23:20:36.202  3183  3195 D CommandQueue: CommandQueue, onTransaction

01-01 23:20:36.203  3183  3195 D CommandQueue: CommandQueue, setBarBackgroundColor

01-01 23:20:36.257  1487  3937 I ActivityManager: collectReceiverComponents for intent: Intent { act=permission check error flg=0x10 (has extras) }, receivers: null

01-01 23:20:36.277  1487  3415 W ActivityManager: getRunningAppProcesses: caller 10414 does not hold REAL_GET_TASKS; limiting output

01-01 23:20:36.280  1487  3822 W ActivityManager: getRunningAppProcesses: caller 10414 does not hold REAL_GET_TASKS; limiting output

01-01 23:20:36.291  1487  3822 I HwMtmBroadcastResourceManager: removeReceiver mtm Broadcast

01-01 23:20:36.294  1487  3942 I HwMtmBroadcastResourceManager: removeReceiver mtm Broadcast

01-01 23:20:36.296  1487  3806 I HwMtmBroadcastResourceManager: removeReceiver mtm Broadcast

01-01 23:20:36.312  1487  1504 W ActivityManager: getRunningAppProcesses: caller 10414 does not hold REAL_GET_TASKS; limiting output

01-01 23:20:36.328  1487  3822 I HwActivityManagerService: PackageName for pid 22124 is com.uc56.ucexpressbao

01-01 23:20:36.351  1487  3948 W ActivityManager: getRunningAppProcesses: caller 10414 does not hold REAL_GET_TASKS; limiting output

01-01 23:20:36.677  1487  3948 W ActivityManager: getRunningAppProcesses: caller 10414 does not hold REAL_GET_TASKS; limiting output

01-01 23:20:36.682  1487  3415 W ActivityManager: getRunningAppProcesses: caller 10414 does not hold REAL_GET_TASKS; limiting output

01-01 23:20:36.722  1487  1505 D WifiService: getWifiServiceMessenger, pid:22124, uid:10414

01-01 23:20:36.724  1487  3087 D WifiService: New client listening to asynchronous messages

01-01 23:20:36.734  1487  3937 I HwActivityManagerService: PackageName for pid 22124 is com.uc56.ucexpressbao

01-01 23:20:36.756  1487  3491 I ActivityManager: collectReceiverComponents for intent: Intent { act=permission check error flg=0x10 (has extras) }, receivers: null

01-01 23:20:36.801  1487  3415 I ActivityManager: retrieveServiceLocked, callerApp: ProcessRecord{956af7e 22124:com.uc56.ucexpressbao:mult/u0a414}, flags: 400

01-01 23:20:36.802  1487  3415 W ActivityManager_service: prevent by hsm Will not start service Intent { flg=0x20 cmp=cn.uce.suc.point/cn.jpush.android.service.DaemonService } U=0: force null

01-01 23:20:36.802  1487  3415 W ActivityManager: Unable to start service Intent { flg=0x20 cmp=cn.uce.suc.point/cn.jpush.android.service.DaemonService } U=0: not found

01-01 23:20:36.804  1487  3097 I ActivityManager: retrieveServiceLocked, callerApp: ProcessRecord{1875d71 0:system/1000}, flags: 400

01-01 23:20:36.805  1487  3491 I ActivityManager: retrieveServiceLocked, callerApp: ProcessRecord{956af7e 22124:com.uc56.ucexpressbao:mult/u0a414}, flags: 400

01-01 23:20:36.805  1487  3491 W ActivityManager_service: prevent by hsm Will not start service Intent { flg=0x20 cmp=cn.uce.suc.point/cn.jpush.android.service.DaemonService } U=0: force null

01-01 23:20:36.805  1487  3491 W ActivityManager: Unable to start service Intent { flg=0x20 cmp=cn.uce.suc.point/cn.jpush.android.service.DaemonService } U=0: not found

01-01 23:20:36.808  1487  3097 I ActivityManager: retrieveServiceLocked, callerApp: ProcessRecord{1875d71 0:system/1000}, flags: 400

01-01 23:20:36.808  1487  1505 I ActivityManager: retrieveServiceLocked, callerApp: ProcessRecord{956af7e 22124:com.uc56.ucexpressbao:mult/u0a414}, flags: 400

01-01 23:20:36.809  1487  1505 W ActivityManager_service: prevent by hsm Will not start service Intent { flg=0x20 cmp=com.dotamax.app/cn.jpush.android.service.DaemonService } U=0: force null

01-01 23:20:36.809  1487  1505 W ActivityManager: Unable to start service Intent { flg=0x20 cmp=com.dotamax.app/cn.jpush.android.service.DaemonService } U=0: not found

01-01 23:20:36.811  1487  3097 I ActivityManager: retrieveServiceLocked, callerApp: ProcessRecord{1875d71 0:system/1000}, flags: 400

01-01 23:20:36.812  1487  3189 I ActivityManager: retrieveServiceLocked, callerApp: ProcessRecord{956af7e 22124:com.uc56.ucexpressbao:mult/u0a414}, flags: 400

01-01 23:20:36.813  1487  3189 W ActivityManager_service: prevent by hsm Will not start service Intent { flg=0x20 cmp=com.dotamax.app/cn.jpush.android.service.DaemonService } U=0: force null

01-01 23:20:36.813  1487  3189 W ActivityManager: Unable to start service Intent { flg=0x20 cmp=com.dotamax.app/cn.jpush.android.service.DaemonService } U=0: not found

01-01 23:20:36.813  1487  3097 I ActivityManager: retrieveServiceLocked, callerApp: ProcessRecord{1875d71 0:system/1000}, flags: 400

01-01 23:20:36.814  1487  3097 I ActivityManager: retrieveServiceLocked, callerApp: ProcessRecord{1875d71 0:system/1000}, flags: 400

01-01 23:20:36.819  1487  3097 I ActivityManager: retrieveServiceLocked, callerApp: ProcessRecord{1875d71 0:system/1000}, flags: 400

01-01 23:20:36.823  1487  3097 I ActivityManager: retrieveServiceLocked, callerApp: ProcessRecord{1875d71 0:system/1000}, flags: 400

01-01 23:20:36.824  1487  3097 I ActivityManager: retrieveServiceLocked, callerApp: ProcessRecord{1875d71 0:system/1000}, flags: 400

01-01 23:20:37.170  1487  3822 I ActivityManager: resolve info: ResolveInfo{d833f48 com.uc56.ucexpressbao/.activitys.NewLoginActivity m=0x0 euid=0}, euid: 0

01-01 23:20:37.172  1487  3822 I ActivityManager: ActivityRecord info: ActivityInfo{30291c6 com.uc56.ucexpressbao.activitys.NewLoginActivity}, euid=0

01-01 23:20:37.174  1487  3822 V HwWindowManagerService: moveTaskToTop mTaskChanged:true

01-01 23:20:37.179  1487  3822 V HwWindowManagerService: moveTaskToTop mTaskChanged:true

01-01 23:20:37.180  1487  3822 V HwWindowManagerService: setFocusedApp update app ops, mTaskChanged set to:false

01-01 23:20:37.180  1487  3039 I HwWindowManagerService: this win:Window{f9d4461 u0 com.huawei.android.FloatTasks} hase children size:0

01-01 23:20:37.189  1487  3491 I ActivityManager: launch r: ActivityRecord{7da11e1 u0 com.uc56.ucexpressbao/.activitys.NewLoginActivity t4820}, uid = 10414, r.info.applicationInfo.euid  = 0

01-01 23:20:37.197  1487  3948 D CountryDetector: isValidCountryIso: CN

01-01 23:20:37.199 22081 22081 V ActivityThread: ActivityThread,callActivityOnCreate

