01-01 23:28:18.476  1487  3189 I ActivityManager: retrieveServiceLocked, callerApp: ProcessRecord{6d61db7 22543:com.huawei.systemmanager/1000}, flags: 400

01-01 23:28:18.477  1487  3189 I ActivityManager: bindServiceLocked, r: ServiceRecord{5f392b1 u0 euid: 0 com.huawei.systemmanager/.rainbow.client.background.service.RainbowCommonService}, euid: 0

01-01 23:28:18.485  1487  1505 I ActivityManager: collectReceiverComponents for intent: Intent { act=com.huawei.systemmanager.action.found_virusscan_app flg=0x10 pkg=com.huawei.systemmanager (has extras) }, receivers: null

01-01 23:28:18.494 19581 19581 W ContextImpl: Calling a method in the system process without a qualified user: android.app.ContextImpl.startService:1381 android.content.ContextWrapper.startService:581 android.content.ContextWrapper.startService:581 com.android.settings.applications.BlackListReceiver.onReceive:35 android.app.ActivityThread.handleReceiver:2788 

01-01 23:28:18.495  1487  3942 I ActivityManager: retrieveServiceLocked, callerApp: ProcessRecord{4c09b67 19581:com.android.settings/1000}, flags: 400

01-01 23:28:18.495  1487  3942 I ActivityManager: bindServiceLocked, r: ServiceRecord{54d9396 u0 euid: 0 com.android.settings/.applications.BlackListService}, euid: 0

01-01 23:28:18.502  1487  3412 I HwMtmBroadcastResourceManager: removeReceiver mtm Broadcast

01-01 23:28:18.510  1487  3937 I ActivityManager: new Process app=ProcessRecord{103bb17 0:com.android.shell/2000}, name: com.android.shell, euid: 0

01-01 23:28:18.534  1487  3937 I ActivityManager: Start proc 22801:com.android.shell/2000 for content provider com.android.shell/.BugreportStorageProvider

01-01 23:28:18.534  1487  3937 V ActivityManager_MU: Waiting to start provider ContentProviderRecord{c61db04 u0 euid:0 com.android.shell/.BugreportStorageProvider} launchingApp=ProcessRecord{103bb17 22801:com.android.shell/2000} caller pid= 22726

01-01 23:28:18.535 22543 22627 W ContextImpl: Calling a method in the system process without a qualified user: android.app.ContextImpl.startService:1381 android.content.ContextWrapper.startService:581 com.huawei.systemmanager.spacecleanner.receiver.SpaceCleanReceiver.checkRarelyUsedApp:129 com.huawei.systemmanager.spacecleanner.receiver.SpaceCleanReceiver.doInBackground:57 java.lang.reflect.Method.invoke:-2 

01-01 23:28:18.548  1487  1505 I ActivityManager: collectReceiverComponents for intent: Intent { act=huawei.intent.action.HW_STOPPED_PACKAGE_ACTION flg=0x10 (has extras) }, receivers: null

01-01 23:28:18.557 22801 22801 D ActivityThread: ActivityThread,attachApplication

01-01 23:28:18.559  1487  3048 D ActivityManager: ActivityManagerService,attachApplication,callingPid = 22801

01-01 23:28:18.577  1487  3198 I ActivityManager: new Process app=ProcessRecord{6475322 0:com.svox.pico/u0a70}, name: com.svox.pico, euid: 0

01-01 23:28:18.584 22543 22798 W ActivityThread: ClassLoader.loadClass: The class loader returned by Thread.getContextClassLoader() may fail for processes that host multiple applications. You should explicitly specify a context class loader. For example: Thread.setContextClassLoader(getClass().getClassLoader());

01-01 23:28:18.593  1487  3198 I ActivityManager: Start proc 22817:com.svox.pico/u0a70 for broadcast com.svox.pico/.VoiceDataInstallerReceiver

01-01 23:28:18.612 22817 22817 D ActivityThread: ActivityThread,attachApplication

01-01 23:28:18.614  1487  3942 D ActivityManager: ActivityManagerService,attachApplication,callingPid = 22817

01-01 23:28:18.632  1487  3937 V ActivityManager: Successfully start provider ContentProviderRecord{c61db04 u0 euid:0 com.android.shell/.BugreportStorageProvider} launchingApp=ProcessRecord{103bb17 22801:com.android.shell/2000} caller pid= 22726

01-01 23:28:18.709  1487  3937 I ActivityManager: new Process app=ProcessRecord{ea3a370 0:com.android.browser/u0a30}, name: com.android.browser, euid: 0

01-01 23:28:18.734  1487  3937 I ActivityManager: Start proc 22836:com.android.browser/u0a30 for broadcast com.android.browser/com.uc.base.system.receivers.SysReceiver

01-01 23:28:18.736  1487  3937 I ActivityManager: Killing 21873:com.huawei.android.totemweather/u0a27 (adj 15): empty #16

01-01 23:28:18.739  1487  3189 I ActivityManager: collectReceiverComponents for intent: Intent { act=PACKAGE_ADDED_OR_REMOVED flg=0x10 pkg=com.huawei.systemmanager (has extras) }, receivers: null

01-01 23:28:18.769 22836 22836 D ActivityThread: ActivityThread,attachApplication

01-01 23:28:18.770  1487  1504 D ActivityManager: ActivityManagerService,attachApplication,callingPid = 22836

01-01 23:28:18.848  1487  3948 D ActivityManager: cleanUpApplicationRecord -- 21873

01-01 23:28:18.848  1487  3948 I ActivityManager: cleanUpApplicationRecordLocked, reset pid: 21873, euid: 0

01-01 23:28:18.940  1487  3415 I HwActivityManagerService: PackageName for pid 22836 is com.android.browser

01-01 23:28:18.958  1487  3948 I ActivityManager: collectReceiverComponents for intent: Intent { act=com.huawei.appmarket.service.downloadservice.Receiver flg=0x10 }, receivers: null

01-01 23:28:18.974  1487  3491 I ActivityManager: Killing 21884:com.huawei.motionservice/u0a10 (adj 15): empty #16

01-01 23:28:19.058  1487  3955 D ActivityManager: cleanUpApplicationRecord -- 21884

01-01 23:28:19.058  1487  3955 I ActivityManager: cleanUpApplicationRecordLocked, reset pid: 21884, euid: 0

01-01 23:28:19.136  1487  3189 I ActivityManager: Killing 22707:com.android.keychain/1000 (adj 15): empty #16

01-01 23:28:19.151  1487  3198 D ActivityManager: cleanUpApplicationRecord -- 22707

01-01 23:28:19.151  1487  3198 I ActivityManager: cleanUpApplicationRecordLocked, reset pid: 22707, euid: 0

01-01 23:28:19.235  1487  1505 I ProcessStatsService: Added stats: 2018-01-02-02-45-50, over +31s367ms

01-01 23:28:19.240  1487  3955 I ActivityManager: collectReceiverComponents for intent: Intent { act=android.intent.action.SIG_STR flg=0x20000010 (has extras) }, receivers: null

01-01 23:28:19.241  1487  1505 I ProcessStatsService: Added stats: 2018-01-01-17-23-57, over +7h2m56s572ms

01-01 23:28:19.246  1487  1505 I ProcessStatsService: Added stats: 2018-01-01-11-38-28, over +5h45m28s570ms

01-01 23:28:19.250  1487  1505 I ProcessStatsService: Added stats: 2017-12-31-14-00-00, over +21h38m28s673ms

01-01 23:28:20.190  1487  3415 I ActivityManager: collectReceiverComponents for intent: Intent { act=android.intent.action.SIG_STR flg=0x20000010 (has extras) }, receivers: null

01-01 23:28:22.548  1487  3412 I ActivityManager: collectReceiverComponents for intent: Intent { act=android.intent.action.SIG_STR flg=0x20000010 (has extras) }, receivers: null

01-01 23:28:24.113  1487  3048 I ActivityManager: resolve info: ResolveInfo{2e2d2e8 io.appium.settings/.Settings m=0x0 euid=0}, euid: 0

01-01 23:28:24.114  1487  3048 I ActivityManager: ActivityRecord info: ActivityInfo{e46ad01 io.appium.settings.Settings}, euid=0

01-01 23:28:24.127  1487  3048 I ActivityManager: create new task record, multiLaunchId: 0, intent = Intent { act=android.intent.action.MAIN cat=[android.intent.category.LAUNCHER] flg=0x10a00000 cmp=io.appium.settings/.Settings }

01-01 23:28:24.127  1487  3048 V HwWindowManagerService: moveTaskToTop mTaskChanged:true

01-01 23:28:24.154  1487  3048 V HwWindowManagerService: moveTaskToTop mTaskChanged:true

01-01 23:28:24.156  1487  3048 V HwWindowManagerService: setFocusedApp update app ops, mTaskChanged set to:false

01-01 23:28:24.156  1487  3039 I HwWindowManagerService: this win:Window{f9d4461 u0 com.huawei.android.FloatTasks} hase children size:0

01-01 23:28:24.157  1487  3941 I ActivityManager: mService.startProcessLocked for activity: ActivityRecord{c9427a6 u0 io.appium.settings/.Settings t4821}, appinfo euid: 0

01-01 23:28:24.158  1487  3941 I ActivityManager: new Process app=ProcessRecord{fc8aad 0:io.appium.settings/u0a432}, name: io.appium.settings, euid: 0

01-01 23:28:24.180  1487  3941 I ActivityManager: Start proc 22980:io.appium.settings/u0a432 for activity io.appium.settings/.Settings

01-01 23:28:24.184  1487  3806 I ActivityManager: collectReceiverComponents for intent: Intent { act=com.huawei.android.action.WIDGET_FOCUS_CHANGE flg=0x10 (has extras) }, receivers: null

01-01 23:28:24.195 22980 22980 D ActivityThread: ActivityThread,attachApplication

01-01 23:28:24.197  1487  1505 D ActivityManager: ActivityManagerService,attachApplication,callingPid = 22980

01-01 23:28:24.205  1487  1505 I ActivityManager: launch r: ActivityRecord{c9427a6 u0 io.appium.settings/.Settings t4821}, uid = 10432, r.info.applicationInfo.euid  = 0

01-01 23:28:24.253 22980 22980 V ActivityThread: ActivityThread,callActivityOnCreate

01-01 23:28:24.318 22980 22980 D ActivityThread: add activity client record, r= ActivityRecord{54e50ff token=android.os.BinderProxy@2feb01e {io.appium.settings/io.appium.settings.Settings}} token= android.os.BinderProxy@2feb01e

01-01 23:28:24.338  1487  3412 V HwPhoneWindowManager: updateSystemUiColorLw window=Window{d833eb u0 io.appium.settings/io.appium.settings.Settings},EmuiStyle=0,StatusBarColor=0xff000000,NavigationBarColor=0xff000000

01-01 23:28:24.341  3183 32502 D CommandQueue: CommandQueue, onTransaction

01-01 23:28:24.341  3183 32502 D CommandQueue: CommandQueue, setBarBackgroundColor

01-01 23:28:24.554  1487  3415 I HwMtmBroadcastResourceManager: removeReceiver mtm Broadcast

01-01 23:28:24.555  1487  3806 I HwMtmBroadcastResourceManager: removeReceiver mtm Broadcast

01-01 23:28:24.556  1487  3958 I HwMtmBroadcastResourceManager: removeReceiver mtm Broadcast

01-01 23:28:25.344  1487  3942 V HwWindowManagerService: moveTaskToTop mTaskChanged:true

01-01 23:28:25.346  1487  3942 V HwWindowManagerService: setFocusedApp update app ops, mTaskChanged set to:false

01-01 23:28:25.349  1487  3039 I HwWindowManagerService: this win:Window{f9d4461 u0 com.huawei.android.FloatTasks} hase children size:0

01-01 23:28:25.365  1487  1526 I ActivityManager: Killing 22726:com.android.documentsui/u0a43 (adj 15): empty #16

01-01 23:28:25.378  1487  3941 I ActivityManager: new Process app=ProcessRecord{f3d3078 0:com.huawei.android.totemweather/u0a27}, name: com.huawei.android.totemweather, euid: 0

01-01 23:28:25.387 22980 22980 D ActivityThread: Remove activity client record, r= ActivityRecord{54e50ff token=android.os.BinderProxy@2feb01e {io.appium.settings/io.appium.settings.Settings}} token= android.os.BinderProxy@2feb01e

01-01 23:28:25.393  1487  3941 I ActivityManager: Start proc 23003:com.huawei.android.totemweather/u0a27 for content provider com.huawei.android.totemweather/.provider.WeatherProvider

01-01 23:28:25.394  1487  3941 V ActivityManager_MU: Waiting to start provider ContentProviderRecord{6a26351 u0 euid:0 com.huawei.android.totemweather/.provider.WeatherProvider} launchingApp=ProcessRecord{f3d3078 23003:com.huawei.android.totemweather/u0a27} caller pid= 4097

01-01 23:28:25.394  1487  3491 I ActivityManager: new Process app=ProcessRecord{f0d27b6 0:com.huawei.motionservice/u0a10}, name: com.huawei.motionservice, euid: 0

01-01 23:28:25.424  1487  3491 I ActivityManager: Start proc 23014:com.huawei.motionservice/u0a10 for content provider com.huawei.motionservice/.common.HwMotionProvider

01-01 23:28:25.424  1487  3491 V ActivityManager_MU: Waiting to start provider ContentProviderRecord{7778cb7 u0 euid:0 com.huawei.motionservice/.common.HwMotionProvider} launchingApp=ProcessRecord{f0d27b6 23014:com.huawei.motionservice/u0a10} caller pid= 4097

01-01 23:28:25.433 23003 23003 D ActivityThread: ActivityThread,attachApplication

01-01 23:28:25.435  1487  3189 V HwPhoneWindowManager: updateSystemUiColorLw window=Window{24a420d u0 com.huawei.android.launcher/com.huawei.android.launcher.Launcher},EmuiStyle=-1,StatusBarColor=0xfff0f0f0,NavigationBarColor=0x0

01-01 23:28:25.441  1487  3937 D ActivityManager: ActivityManagerService,attachApplication,callingPid = 23003

01-01 23:28:25.441  3183  4564 D CommandQueue: CommandQueue, onTransaction

01-01 23:28:25.441  3183  4564 D CommandQueue: CommandQueue, setBarBackgroundColor

01-01 23:28:25.448 23014 23014 D ActivityThread: ActivityThread,attachApplication

01-01 23:28:25.450  1487  3948 D ActivityManager: ActivityManagerService,attachApplication,callingPid = 23014

01-01 23:28:25.498  1487  3822 D ActivityManager: cleanUpApplicationRecord -- 22726

01-01 23:28:25.499  1487  3822 I ActivityManager: cleanUpApplicationRecordLocked, reset pid: 22726, euid: 0

01-01 23:28:25.522  1487  3941 V ActivityManager: Successfully start provider ContentProviderRecord{6a26351 u0 euid:0 com.huawei.android.totemweather/.provider.WeatherProvider} launchingApp=ProcessRecord{f3d3078 23003:com.huawei.android.totemweather/u0a27} caller pid= 4097

01-01 23:28:25.523  1487  3491 V ActivityManager: Successfully start provider ContentProviderRecord{7778cb7 u0 euid:0 com.huawei.motionservice/.common.HwMotionProvider} launchingApp=ProcessRecord{f0d27b6 23014:com.huawei.motionservice/u0a10} caller pid= 4097

01-01 23:28:25.523  1487  1504 I ActivityManager: collectReceiverComponents for intent: Intent { act=com.huawei.android.action.WIDGET_FOCUS_CHANGE flg=0x10 (has extras) }, receivers: null

01-01 23:28:25.530  1487  1505 W ActivityManager: getRunningAppProcesses: caller 10027 does not hold REAL_GET_TASKS; limiting output

01-01 23:28:25.533  1487  3412 I ActivityManager: collectReceiverComponents for intent: Intent { act=com.huawei.android.action.TEMPERATURE_FORMAT_CHANGE flg=0x10 }, receivers: [ResolveInfo{f3c0942 com.huawei.intelligent/.main.receiver.IntelligentReceiver m=0x108000 euid=0}, ResolveInfo{26e3d53 com.huawei.android.totemweather/.wear.ChangeWeatherReceiver m=0x108000 euid=0}]

01-01 23:28:25.535  1487  1526 I ActivityManager: new Process app=ProcessRecord{87d2b89 0:com.huawei.intelligent/u0a15}, name: com.huawei.intelligent, euid: 0

01-01 23:28:25.550  1487  1526 I ActivityManager: Start proc 23046:com.huawei.intelligent/u0a15 for broadcast com.huawei.intelligent/.main.receiver.IntelligentReceiver

01-01 23:28:25.572  1487  3415 I ActivityManager: collectReceiverComponents for intent: Intent { act=com.baidu.input.entry.launcer flg=0x10 (has extras) }, receivers: null

01-01 23:28:25.593 23046 23046 D ActivityThread: ActivityThread,attachApplication

01-01 23:28:25.594  1487  3955 D ActivityManager: ActivityManagerService,attachApplication,callingPid = 23046

01-01 23:28:25.606  1487  3189 I ActivityManager: collectReceiverComponents for intent: Intent { act=com.huawei.android.action.launcher_weather_icon_change flg=0x10 (has extras) }, receivers: null

01-01 23:28:25.607  1487  3948 I ActivityManager: collectReceiverComponents for intent: Intent { act=com.huawei.android.action.launcher_weather_icon_change flg=0x10 (has extras) }, receivers: null

01-01 23:28:25.615  1487  3491 I ActivityManager: Killing 22752:com.android.externalstorage/u0a5 (adj 15): empty #16

01-01 23:28:25.619  1487  1505 I ActivityManager: Killing 22460:com.huawei.appmarket/u0a11 (adj 15): empty #16

01-01 23:28:25.621  1487  1505 I ActivityManager: collectReceiverComponents for intent: Intent { act=com.huawei.android.action.action_home_city_weather flg=0x10 (has extras) }, receivers: null

01-01 23:28:25.638  1487  3189 I HwActivityManagerService: PackageName for pid 23003 is com.huawei.android.totemweather

01-01 23:28:25.646  1487  3822 I ActivityManager: retrieveServiceLocked, callerApp: ProcessRecord{f3d3078 23003:com.huawei.android.totemweather/u0a27}, flags: 400

01-01 23:28:25.647  1487  3822 I ActivityManager: bindServiceLocked, r: ServiceRecord{26603cb u0 euid: 0 com.huawei.android.totemweather/.WeatherService}, euid: 0

01-01 23:28:25.653  1487  3412 D ActivityManager: cleanUpApplicationRecord -- 22752

01-01 23:28:25.653  1487  3412 I ActivityManager: cleanUpApplicationRecordLocked, reset pid: 22752, euid: 0

01-01 23:28:25.683  1487  3491 D ActivityManager: cleanUpApplicationRecord -- 22460

01-01 23:28:25.684  1487  3491 I ActivityManager: cleanUpApplicationRecordLocked, reset pid: 22460, euid: 0

01-01 23:28:25.712  1487  3941 I ActivityManager: retrieveServiceLocked, callerApp: ProcessRecord{87d2b89 23046:com.huawei.intelligent/u0a15}, flags: 400

01-01 23:28:25.712  1487  3941 I ActivityManager: bindServiceLocked, r: ServiceRecord{e0cea66 u0 euid: 0 com.huawei.intelligent/com.huawei.placerecognition.service.PlaceRecognitionService}, euid: 0

01-01 23:28:25.720  1487  3412 I HwActivityManagerService: PackageName for pid 23046 is com.huawei.intelligent

01-01 23:28:25.726  1487  3958 I HwActivityManagerService: PackageName for pid 23046 is com.huawei.intelligent

01-01 23:28:25.729  1487  1529 I libprocessgroup: Killing pid 22906 in uid 10011 as part of process group 22460

01-01 23:28:25.729  1487  1529 I libprocessgroup: Killing pid 22909 in uid 10011 as part of process group 22460

01-01 23:28:25.733  1487  3941 I HwActivityManagerService: PackageName for pid 23046 is com.huawei.intelligent

01-01 23:28:25.734  1487  1529 I libprocessgroup: Killing pid 22906 in uid 10011 as part of process group 22460

01-01 23:28:25.737  1487  3491 I HwActivityManagerService: PackageName for pid 23046 is com.huawei.intelligent

01-01 23:28:25.740  1487  1529 I libprocessgroup: Killing pid 22906 in uid 10011 as part of process group 22460

01-01 23:28:25.743  1487  3948 I HwActivityManagerService: PackageName for pid 23046 is com.huawei.intelligent

01-01 23:28:25.745  1487  1529 I libprocessgroup: Killing pid 22906 in uid 10011 as part of process group 22460

01-01 23:28:25.750  1487  1529 I libprocessgroup: Killing pid 22906 in uid 10011 as part of process group 22460

01-01 23:28:25.756  1487  1529 I libprocessgroup: Killing pid 22906 in uid 10011 as part of process group 22460

01-01 23:28:25.761  1487  1529 I libprocessgroup: Killing pid 22906 in uid 10011 as part of process group 22460

01-01 23:28:25.767  1487  1529 I libprocessgroup: Killing pid 22906 in uid 10011 as part of process group 22460

01-01 23:28:25.775  1487  1529 I libprocessgroup: Killing pid 22906 in uid 10011 as part of process group 22460

01-01 23:28:25.780  1487  1529 I libprocessgroup: Killing pid 22906 in uid 10011 as part of process group 22460

01-01 23:28:25.785  1487  1529 I libprocessgroup: Killing pid 22906 in uid 10011 as part of process group 22460

01-01 23:28:25.793  1487  1529 I libprocessgroup: Killing pid 22906 in uid 10011 as part of process group 22460

01-01 23:28:25.890  1487  3937 I ActivityManager: retrieveServiceLocked, callerApp: ProcessRecord{87d2b89 23046:com.huawei.intelligent/u0a15}, flags: 400

01-01 23:28:25.891  1487  3937 I ActivityManager: bindServiceLocked, r: ServiceRecord{26a3bb5 u0 euid: 0 com.huawei.intelligent/.main.receiver.IntelligentIntentService}, euid: 0

01-01 23:28:25.899  1487  3189 I ActivityManager: new Process app=ProcessRecord{86ac24a 0:com.android.calendar/u0a7}, name: com.android.calendar, euid: 0

01-01 23:28:25.913  1487  3189 I ActivityManager: Start proc 23080:com.android.calendar/u0a7 for content provider com.android.calendar/.hap.HolidayRecessContentProvider

01-01 23:28:25.914  1487  3189 V ActivityManager_MU: Waiting to start provider ContentProviderRecord{be375bb u0 euid:0 com.android.calendar/.hap.HolidayRecessContentProvider} launchingApp=ProcessRecord{86ac24a 23080:com.android.calendar/u0a7} caller pid= 23046

01-01 23:28:25.927  1487  3958 I ActivityManager: retrieveServiceLocked, callerApp: ProcessRecord{87d2b89 23046:com.huawei.intelligent/u0a15}, flags: 400

01-01 23:28:25.928  1487  3958 I ActivityManager: bindServiceLocked, r: ServiceRecord{75a4ad8 u0 euid: 0 com.huawei.intelligent/.main.businesslogic.weatherservice.WeatherAlarmService}, euid: 0

01-01 23:28:25.932 23080 23080 D ActivityThread: ActivityThread,attachApplication

01-01 23:28:25.933  1487  3942 D ActivityManager: ActivityManagerService,attachApplication,callingPid = 23080

01-01 23:28:25.960  1487  1504 I ActivityManager: retrieveServiceLocked, callerApp: ProcessRecord{87d2b89 23046:com.huawei.intelligent/u0a15}, flags: 400

01-01 23:28:25.961  1487  1504 I ActivityManager: bindServiceLocked, r: ServiceRecord{f953c84 u0 euid: 0 com.huawei.android.totemweather/.aidl.WeatherAidlService}, euid: 0

01-01 23:28:25.982  1487  3189 V ActivityManager: Successfully start provider ContentProviderRecord{be375bb u0 euid:0 com.android.calendar/.hap.HolidayRecessContentProvider} launchingApp=ProcessRecord{86ac24a 23080:com.android.calendar/u0a7} caller pid= 23046

01-01 23:28:25.985  1487  1504 I ActivityManager: new Process app=ProcessRecord{d132c6d 0:com.android.providers.calendar/u0a36}, name: com.android.providers.calendar, euid: 0

01-01 23:28:25.998  1487  1504 I ActivityManager: Start proc 23099:com.android.providers.calendar/u0a36 for content provider com.android.providers.calendar/.CalendarProvider2

01-01 23:28:25.999  1487  1504 V ActivityManager_MU: Waiting to start provider ContentProviderRecord{20150a2 u0 euid:0 com.android.providers.calendar/.CalendarProvider2} launchingApp=ProcessRecord{d132c6d 23099:com.android.providers.calendar/u0a36} caller pid= 23080

01-01 23:28:25.999  1487  3822 I ActivityManager: retrieveServiceLocked, callerApp: ProcessRecord{87d2b89 23046:com.huawei.intelligent/u0a15}, flags: 400

01-01 23:28:26.000  1487  3822 I ActivityManager: bindServiceLocked, r: ServiceRecord{6ce133 u0 euid: 0 com.huawei.intelligent/.main.businesslogic.weatherservice.WeatherAlarmService}, euid: 0

01-01 23:28:26.014  1487  3958 I ActivityManager: collectReceiverComponents for intent: Intent { act=com.huawei.intelligent.data.changed flg=0x10 }, receivers: null

01-01 23:28:26.020 23099 23099 D ActivityThread: ActivityThread,attachApplication

01-01 23:28:26.021  1487  3415 D ActivityManager: ActivityManagerService,attachApplication,callingPid = 23099

01-01 23:28:26.026  1487  3415 I ActivityManager: Killing 22506:com.android.gallery3d/u0a16 (adj 15): empty #16

01-01 23:28:26.050  1487  3822 D ActivityManager: cleanUpApplicationRecord -- 22506

01-01 23:28:26.052  1487  3198 I HwActivityManagerService: PackageName for pid 23046 is com.huawei.intelligent

01-01 23:28:26.052  1487  3822 I ActivityManager: cleanUpApplicationRecordLocked, reset pid: 22506, euid: 0

01-01 23:28:26.069  1487  3948 I HwMtmBroadcastResourceManager: removeReceiver mtm Broadcast

01-01 23:28:26.074  1487  3806 I HwMtmBroadcastResourceManager: removeReceiver mtm Broadcast

01-01 23:28:26.075  1487  3941 I HwMtmBroadcastResourceManager: removeReceiver mtm Broadcast

01-01 23:28:26.076  1487  3942 I HwActivityManagerService: PackageName for pid 23046 is com.huawei.intelligent

01-01 23:28:26.084  1487  1504 V ActivityManager: Successfully start provider ContentProviderRecord{20150a2 u0 euid:0 com.android.providers.calendar/.CalendarProvider2} launchingApp=ProcessRecord{d132c6d 23099:com.android.providers.calendar/u0a36} caller pid= 23080

01-01 23:28:26.101  1487  3948 I ActivityManager: retrieveServiceLocked, callerApp: ProcessRecord{d132c6d 23099:com.android.providers.calendar/u0a36}, flags: 400

01-01 23:28:26.101  1487  3948 I ActivityManager: bindServiceLocked, r: ServiceRecord{9c32652 u0 euid: 0 com.android.providers.calendar/.EmptyService}, euid: 0

01-01 23:28:26.573  1487  3948 W ContextImpl: Calling a method in the system process without a qualified user: android.app.ContextImpl.sendBroadcast:851 com.android.server.pm.HwPackageManagerService.parseInstallerInfo:2265 com.android.server.pm.PackageManagerService.installPackageAsUser:10506 android.content.pm.IPackageManager$Stub.onTransact:975 com.android.server.pm.PackageManagerService.onTransact:2840 

01-01 23:28:26.573  1487  3948 V HwPackageManagerService: installPackageWithVerificationAndEncryption:  uid= 2000, pid=23076, packageUri= /data/local/tmp/unlock_apk-debug.apk

01-01 23:28:26.582 21641 21652 D DefContainer: Copying /data/local/tmp/unlock_apk-debug.apk to base.apk

01-01 23:28:26.602  1487  1579 D PackageParser: not verify for pkg:io.appium.unlock

01-01 23:28:26.708  1487  1579 W PackageManager: Attempt to re-install io.appium.unlock without first uninstalling.

01-01 23:28:27.146  1487  3806 I ActivityManager: collectReceiverComponents for intent: Intent { act=android.intent.action.PROVIDER_CHANGED dat=content://com.android.calendar flg=0x10 }, receivers: [ResolveInfo{944911 com.android.calendar/.alerts.AlertReceiver m=0x308000 euid=0}, ResolveInfo{18c7a76 com.android.calendar/.widget.CalendarAppWidgetService$CalendarFactory m=0x308000 euid=0}, ResolveInfo{3644877 com.android.calendar/.simpleui.CalendarSimpleUiPRovider m=0x308000 euid=0}, ResolveInfo{2d14ce4 com.android.calendar/.mycalendar.CalendarAppWidgetProvider m=0x308000 euid=0}]

01-01 23:28:27.154  1487  3189 I ActivityManager: retrieveServiceLocked, callerApp: ProcessRecord{86ac24a 23080:com.android.calendar/u0a7}, flags: 400

01-01 23:28:27.154  1487  3189 I ActivityManager: bindServiceLocked, r: ServiceRecord{43dc802 u0 euid: 0 com.android.calendar/.alerts.AlertService}, euid: 0

01-01 23:28:27.217  1487  3048 I HwActivityManagerService: PackageName for pid 23080 is com.android.calendar

01-01 23:28:27.228  1487  3955 I HwActivityManagerService: PackageName for pid 23080 is com.android.calendar

01-01 23:28:27.230  1487  3491 I HwActivityManagerService: PackageName for pid 23080 is com.android.calendar

01-01 23:28:27.232  1487  3948 I AppWidgetServiceImpl: recycle oldRemoteView

01-01 23:28:28.554  1487  3198 I ActivityManager: collectReceiverComponents for intent: Intent { act=android.intent.action.SIG_STR flg=0x20000010 (has extras) }, receivers: null

01-01 23:28:31.057  1487  3412 I ActivityManager: Killing 22543:com.huawei.systemmanager/1000 (adj 15): empty #16

01-01 23:28:31.058  1487  3412 I ActivityManager: Killing 22528:com.android.musicfx/u0a21 (adj 15): empty #17

01-01 23:28:31.059  1487  3415 I HwMtmBroadcastResourceManager: removeReceiver mtm Broadcast

01-01 23:28:31.082  1487  3941 D ActivityManager: cleanUpApplicationRecord -- 22543

01-01 23:28:31.082  1487  3087 D WifiService: Client connection lost with reason: 4

01-01 23:28:31.083  1487  3941 I ActivityManager: cleanUpApplicationRecordLocked, reset pid: 22543, euid: 0

01-01 23:28:31.191  1487  3048 D ActivityManager: cleanUpApplicationRecord -- 22528

01-01 23:28:31.191  1487  3048 I ActivityManager: cleanUpApplicationRecordLocked, reset pid: 22528, euid: 0

01-01 23:28:32.142  1487  3048 I ActivityManager: Force stopping com.uc56.ucexpressbao appid=10414 user=0: from pid 23196by app

01-01 23:28:32.143  1487  3048 D HwBroadcastQueue: cleanupDisabledPackageReceiversLocked for userId 0

01-01 23:28:32.143  1487  3048 D HwBroadcastQueue: cleanupDisabledPackageReceiversLocked for userId 0

01-01 23:28:32.143  1487  3048 D HwBroadcastQueue: cleanupDisabledPackageReceiversLocked for userId 0

01-01 23:28:32.143  1487  3048 D HwBroadcastQueue: cleanupDisabledPackageReceiversLocked for userId 0

01-01 23:28:32.144  1487  3048 I ActivityManager: collectReceiverComponents for intent: Intent { act=android.intent.action.PACKAGE_RESTARTED dat=package:com.uc56.ucexpressbao flg=0x10 (has extras) }, receivers: null

01-01 23:28:32.147  1487  1487 I HwCoreAppHelperService: LocalReceiver receives:android.intent.action.PACKAGE_RESTARTED

01-01 23:28:32.397  1487  3491 I ActivityManager: resolve info: ResolveInfo{8e7547c com.uc56.ucexpressbao/.activitys.SplashActivity m=0x0 euid=0}, euid: 0

01-01 23:28:32.399  1487  3491 I ActivityManager: ActivityRecord info: ActivityInfo{a24f105 com.uc56.ucexpressbao.activitys.SplashActivity}, euid=0

01-01 23:28:32.412  1487  3491 I ActivityManager: create new task record, multiLaunchId: 0, intent = Intent { flg=0x10000000 cmp=com.uc56.ucexpressbao/.activitys.SplashActivity }

01-01 23:28:32.415  1487  3491 V HwWindowManagerService: moveTaskToTop mTaskChanged:true

01-01 23:28:32.421  1487  3491 V HwWindowManagerService: moveTaskToTop mTaskChanged:true

01-01 23:28:32.423  1487  3491 V HwWindowManagerService: setFocusedApp update app ops, mTaskChanged set to:false

01-01 23:28:32.424  1487  3039 I HwWindowManagerService: this win:Window{f9d4461 u0 com.huawei.android.FloatTasks} hase children size:0

01-01 23:28:32.429  1487  3822 I ActivityManager: mService.startProcessLocked for activity: ActivityRecord{208555a u0 com.uc56.ucexpressbao/.activitys.SplashActivity t4822}, appinfo euid: 0

01-01 23:28:32.429  1487  3822 I ActivityManager: new Process app=ProcessRecord{c1d2575 0:com.uc56.ucexpressbao/u0a414}, name: com.uc56.ucexpressbao, euid: 0

01-01 23:28:32.439  1487  3822 I ActivityManager: Start proc 23210:com.uc56.ucexpressbao/u0a414 for activity com.uc56.ucexpressbao/.activitys.SplashActivity

01-01 23:28:32.449  1487  3048 I ActivityManager: collectReceiverComponents for intent: Intent { act=com.huawei.android.action.WIDGET_FOCUS_CHANGE flg=0x10 (has extras) }, receivers: null

01-01 23:28:32.456 23210 23210 D ActivityThread: ActivityThread,attachApplication

01-01 23:28:32.457  1487  3415 D ActivityManager: ActivityManagerService,attachApplication,callingPid = 23210

01-01 23:28:32.462  1487  3415 I ActivityManager: launch r: ActivityRecord{208555a u0 com.uc56.ucexpressbao/.activitys.SplashActivity t4822}, uid = 10414, r.info.applicationInfo.euid  = 0

01-01 23:28:32.616  1487  3948 W ActivityManager: getRunningAppProcesses: caller 10414 does not hold REAL_GET_TASKS; limiting output

01-01 23:28:32.663  1487  3412 D WifiService: getWifiServiceMessenger, pid:23210, uid:10414

01-01 23:28:32.666  1487  3087 D WifiService: New client listening to asynchronous messages

01-01 23:28:32.667  1487  3806 W ActivityManager: getRunningAppProcesses: caller 10414 does not hold REAL_GET_TASKS; limiting output

01-01 23:28:32.735  1487  3955 I ActivityManager: retrieveServiceLocked, callerApp: ProcessRecord{c1d2575 23210:com.uc56.ucexpressbao/u0a414}, flags: 400

01-01 23:28:32.735  1487  3955 W ActivityManager: Unable to start service Intent { cmp=com.uc56.ucexpressbao/com.iflytek.common.LaunchService } U=0: not found

01-01 23:28:32.803  1487  1504 W ActivityManager: getRunningAppProcesses: caller 10414 does not hold REAL_GET_TASKS; limiting output

01-01 23:28:32.805  1487  1505 W ActivityManager: getRunningAppProcesses: caller 10414 does not hold REAL_GET_TASKS; limiting output

01-01 23:28:32.829  1487  3806 W ActivityManager: getRunningAppProcesses: caller 10414 does not hold REAL_GET_TASKS; limiting output

01-01 23:28:32.838  1487  3415 I HwActivityManagerService: PackageName for pid 23210 is com.uc56.ucexpressbao

01-01 23:28:32.866  1487  1505 W ActivityManager: getRunningAppProcesses: caller 10414 does not hold REAL_GET_TASKS; limiting output

01-01 23:28:32.868  1487  3198 I ActivityManager: retrieveServiceLocked, callerApp: ProcessRecord{c1d2575 23210:com.uc56.ucexpressbao/u0a414}, flags: 400

01-01 23:28:32.868  1487  3198 I ActivityManager: bindServiceLocked, r: ServiceRecord{61fb14f u0 euid: 0 com.uc56.ucexpressbao/cn.jpush.android.service.PushService}, euid: 0

01-01 23:28:32.868  1487  3198 I ActivityManager: mAm.startProcessLocked for service: ServiceRecord{61fb14f u0 euid: 0 com.uc56.ucexpressbao/cn.jpush.android.service.PushService}, appinfo euid: 0

01-01 23:28:32.868  1487  3198 I ActivityManager: new Process app=ProcessRecord{59ec0dc 0:com.uc56.ucexpressbao:mult/u0a414}, name: com.uc56.ucexpressbao:mult, euid: 0

01-01 23:28:32.878  1487  3198 I ActivityManager: Start proc 23253:com.uc56.ucexpressbao:mult/u0a414 for service com.uc56.ucexpressbao/cn.jpush.android.service.PushService

01-01 23:28:32.880  1487  3048 W ActivityManager: getRunningAppProcesses: caller 10414 does not hold REAL_GET_TASKS; limiting output

01-01 23:28:32.881  1487  3942 I ActivityManager: bindServiceLocked, r: ServiceRecord{61fb14f u0 euid: 0 com.uc56.ucexpressbao/cn.jpush.android.service.PushService}, euid: 0

01-01 23:28:32.888  1487  3412 I ActivityManager: bindServiceLocked, r: ServiceRecord{61fb14f u0 euid: 0 com.uc56.ucexpressbao/cn.jpush.android.service.PushService}, euid: 0

01-01 23:28:32.891 23253 23253 D ActivityThread: ActivityThread,attachApplication

01-01 23:28:32.891  1487  1505 D ActivityManager: ActivityManagerService,attachApplication,callingPid = 23253

01-01 23:28:32.910 23210 23210 V ActivityThread: ActivityThread,callActivityOnCreate

01-01 23:28:32.952  1487  1505 W ActivityManager: getRunningAppProcesses: caller 10414 does not hold REAL_GET_TASKS; limiting output

01-01 23:28:32.981 23210 23210 D ActivityThread: add activity client record, r= ActivityRecord{5f753c0 token=android.os.BinderProxy@6acf143 {com.uc56.ucexpressbao/com.uc56.ucexpressbao.activitys.SplashActivity}} token= android.os.BinderProxy@6acf143

01-01 23:28:32.985  1487  3941 W ActivityManager: getRunningAppProcesses: caller 10414 does not hold REAL_GET_TASKS; limiting output

01-01 23:28:33.007  1487  3955 V HwPhoneWindowManager: updateSystemUiColorLw window=Window{e237686 u0 com.uc56.ucexpressbao/com.uc56.ucexpressbao.activitys.SplashActivity},EmuiStyle=0,StatusBarColor=0xff000000,NavigationBarColor=0xff000000

01-01 23:28:33.008  3183  4564 D CommandQueue: CommandQueue, onTransaction

01-01 23:28:33.008  3183  4564 D CommandQueue: CommandQueue, setBarBackgroundColor

01-01 23:28:33.062  1487  1504 I ActivityManager: collectReceiverComponents for intent: Intent { act=permission check error flg=0x10 (has extras) }, receivers: null

01-01 23:28:33.073  1487  3955 W ActivityManager: getRunningAppProcesses: caller 10414 does not hold REAL_GET_TASKS; limiting output

01-01 23:28:33.075  1487  3415 W ActivityManager: getRunningAppProcesses: caller 10414 does not hold REAL_GET_TASKS; limiting output

01-01 23:28:33.095  1487  3189 I HwMtmBroadcastResourceManager: removeReceiver mtm Broadcast

01-01 23:28:33.096  1487  3412 I HwMtmBroadcastResourceManager: removeReceiver mtm Broadcast

01-01 23:28:33.096  1487  3198 I HwMtmBroadcastResourceManager: removeReceiver mtm Broadcast

01-01 23:28:33.107  1487  3198 W ActivityManager: getRunningAppProcesses: caller 10414 does not hold REAL_GET_TASKS; limiting output

01-01 23:28:33.279  1487  3415 W ActivityManager: getRunningAppProcesses: caller 10414 does not hold REAL_GET_TASKS; limiting output

01-01 23:28:33.284  1487  3198 I HwActivityManagerService: PackageName for pid 23253 is com.uc56.ucexpressbao

01-01 23:28:33.331  1487  3189 W ActivityManager: getRunningAppProcesses: caller 10414 does not hold REAL_GET_TASKS; limiting output

01-01 23:28:33.334  1487  3822 W ActivityManager: getRunningAppProcesses: caller 10414 does not hold REAL_GET_TASKS; limiting output

01-01 23:28:33.374  1487  3937 D WifiService: getWifiServiceMessenger, pid:23253, uid:10414

01-01 23:28:33.376  1487  3087 D WifiService: New client listening to asynchronous messages

01-01 23:28:33.386  1487  3048 I HwActivityManagerService: PackageName for pid 23253 is com.uc56.ucexpressbao

01-01 23:28:33.412  1487  1504 I ActivityManager: collectReceiverComponents for intent: Intent { act=permission check error flg=0x10 (has extras) }, receivers: null

01-01 23:28:33.413  1487  3948 I ActivityManager: retrieveServiceLocked, callerApp: ProcessRecord{59ec0dc 23253:com.uc56.ucexpressbao:mult/u0a414}, flags: 400

01-01 23:28:33.414  1487  3948 W ActivityManager_service: prevent by hsm Will not start service Intent { flg=0x20 cmp=cn.uce.suc.point/cn.jpush.android.service.DaemonService } U=0: force null

01-01 23:28:33.414  1487  3948 W ActivityManager: Unable to start service Intent { flg=0x20 cmp=cn.uce.suc.point/cn.jpush.android.service.DaemonService } U=0: not found

01-01 23:28:33.415  1487  3097 I ActivityManager: retrieveServiceLocked, callerApp: ProcessRecord{1875d71 0:system/1000}, flags: 400

01-01 23:28:33.416  1487  3491 I ActivityManager: retrieveServiceLocked, callerApp: ProcessRecord{59ec0dc 23253:com.uc56.ucexpressbao:mult/u0a414}, flags: 400

01-01 23:28:33.416  1487  3491 W ActivityManager_service: prevent by hsm Will not start service Intent { flg=0x20 cmp=cn.uce.suc.point/cn.jpush.android.service.DaemonService } U=0: force null

01-01 23:28:33.416  1487  3491 W ActivityManager: Unable to start service Intent { flg=0x20 cmp=cn.uce.suc.point/cn.jpush.android.service.DaemonService } U=0: not found

01-01 23:28:33.418  1487  3097 I ActivityManager: retrieveServiceLocked, callerApp: ProcessRecord{1875d71 0:system/1000}, flags: 400

01-01 23:28:33.419  1487  3415 I ActivityManager: retrieveServiceLocked, callerApp: ProcessRecord{59ec0dc 23253:com.uc56.ucexpressbao:mult/u0a414}, flags: 400

01-01 23:28:33.419  1487  3415 W ActivityManager_service: prevent by hsm Will not start service Intent { flg=0x20 cmp=com.dotamax.app/cn.jpush.android.service.DaemonService } U=0: force null

01-01 23:28:33.419  1487  3415 W ActivityManager: Unable to start service Intent { flg=0x20 cmp=com.dotamax.app/cn.jpush.android.service.DaemonService } U=0: not found

01-01 23:28:33.419  1487  3097 I ActivityManager: retrieveServiceLocked, callerApp: ProcessRecord{1875d71 0:system/1000}, flags: 400

01-01 23:28:33.421  1487  3806 I ActivityManager: retrieveServiceLocked, callerApp: ProcessRecord{59ec0dc 23253:com.uc56.ucexpressbao:mult/u0a414}, flags: 400

01-01 23:28:33.421  1487  3806 W ActivityManager_service: prevent by hsm Will not start service Intent { flg=0x20 cmp=com.dotamax.app/cn.jpush.android.service.DaemonService } U=0: force null

01-01 23:28:33.421  1487  3806 W ActivityManager: Unable to start service Intent { flg=0x20 cmp=com.dotamax.app/cn.jpush.android.service.DaemonService } U=0: not found

01-01 23:28:33.422  1487  3097 I ActivityManager: retrieveServiceLocked, callerApp: ProcessRecord{1875d71 0:system/1000}, flags: 400

01-01 23:28:33.427  1487  3097 I ActivityManager: retrieveServiceLocked, callerApp: ProcessRecord{1875d71 0:system/1000}, flags: 400

01-01 23:28:33.430  1487  3097 I ActivityManager: retrieveServiceLocked, callerApp: ProcessRecord{1875d71 0:system/1000}, flags: 400

01-01 23:28:33.432  1487  3097 I ActivityManager: retrieveServiceLocked, callerApp: ProcessRecord{1875d71 0:system/1000}, flags: 400

01-01 23:28:33.435  1487  3097 I ActivityManager: retrieveServiceLocked, callerApp: ProcessRecord{1875d71 0:system/1000}, flags: 400

01-01 23:28:33.973  1487  3491 I ActivityManager: resolve info: ResolveInfo{cfc8d36 com.uc56.ucexpressbao/.activitys.NewLoginActivity m=0x0 euid=0}, euid: 0

01-01 23:28:33.974  1487  3491 I ActivityManager: ActivityRecord info: ActivityInfo{30291c6 com.uc56.ucexpressbao.activitys.NewLoginActivity}, euid=0

01-01 23:28:33.976  1487  3491 V HwWindowManagerService: moveTaskToTop mTaskChanged:true

01-01 23:28:33.979  1487  3491 V HwWindowManagerService: moveTaskToTop mTaskChanged:true

01-01 23:28:33.981  1487  3491 V HwWindowManagerService: setFocusedApp update app ops, mTaskChanged set to:false

01-01 23:28:33.981  1487  3039 I HwWindowManagerService: this win:Window{f9d4461 u0 com.huawei.android.FloatTasks} hase children size:0

01-01 23:28:33.987  1487  3955 I ActivityManager: launch r: ActivityRecord{852c437 u0 com.uc56.ucexpressbao/.activitys.NewLoginActivity t4822}, uid = 10414, r.info.applicationInfo.euid  = 0

01-01 23:28:33.996 23210 23210 V ActivityThread: ActivityThread,callActivityOnCreate

01-01 23:28:34.231 23210 23210 D ActivityThread: add activity client record, r= ActivityRecord{2b97e41 token=android.os.BinderProxy@1852128 {com.uc56.ucexpressbao/com.uc56.ucexpressbao.activitys.NewLoginActivity}} token= android.os.BinderProxy@1852128

01-01 23:28:34.556  1487  3955 I ActivityManager: collectReceiverComponents for intent: Intent { act=android.intent.action.SIG_STR flg=0x20000010 (has extras) }, receivers: null

01-01 23:28:35.018  1487  3806 D CountryDetector: isValidCountryIso: CN

01-01 23:28:35.133  1487  1504 I ActivityManager: collectReceiverComponents for intent: Intent { act=cn.jpush.im.android.action.IM_RESPONSE cat=[com.uc56.ucexpressbao] flg=0x10 pkg=com.uc56.ucexpressbao (has extras) }, receivers: null

01-01 23:28:35.337  1487  3198 I ActivityManager: collectReceiverComponents for intent: Intent { act=cn.jpush.android.intent.CONNECTION cat=[com.uc56.ucexpressbao] flg=0x10 pkg=com.uc56.ucexpressbao (has extras) }, receivers: [ResolveInfo{a4c0d0e com.uc56.ucexpressbao/.jpush.PushMessageReceiver m=0x108000 euid=0}]

01-01 23:28:35.386 23210 23210 D ActivityThread: Remove activity client record, r= ActivityRecord{5f753c0 token=android.os.BinderProxy@6acf143 {com.uc56.ucexpressbao/com.uc56.ucexpressbao.activitys.SplashActivity}} token= android.os.BinderProxy@6acf143

01-01 23:28:36.634  1487  3937 I ActivityManager: Killing 22639:com.huawei.android.remotecontrol:pushservice/u0a55 (adj 15): empty #16

01-01 23:28:36.736  1487  3415 D ActivityManager: cleanUpApplicationRecord -- 22639

01-01 23:28:36.737  1487  3415 I ActivityManager: cleanUpApplicationRecordLocked, reset pid: 22639, euid: 0

01-01 23:28:39.254  1487  3412 I ActivityManager: collectReceiverComponents for intent: Intent { act=android.intent.action.SIG_STR flg=0x20000010 (has extras) }, receivers: null

01-01 23:28:40.563  1487  3198 I ActivityManager: collectReceiverComponents for intent: Intent { act=android.intent.action.SIG_STR flg=0x20000010 (has extras) }, receivers: null

01-01 23:28:42.425  1487  1487 D WifiService: onReceive, action:android.intent.action.BATTERY_CHANGED

01-01 23:28:42.425  1487  1487 D WifiService: ACTION_BATTERY_CHANGED pluggedType: 2

01-01 23:28:42.593  1487  3855 D HwLocalLocationProvider: this loc is Better than Last Location

01-01 23:28:42.599  1487  4839 D HwLocalLocationProvider: cellid 44388 is Exist, update  cellinfo to DB

01-01 23:28:42.599  1487  4839 D HwLocalLocationProvider: update loc to cell database

01-01 23:28:42.616  1487  4839 D HwLocalLocationProvider: update loc to bssid database

01-01 23:28:47.269  1487  3189 D HwInputMethodManagerService: ------------startInput--------------

01-01 23:28:47.269  1487  3189 D HwInputMethodManagerService: isPasswordType(attribute) == true, using SecurityIMMS

01-01 23:28:47.269  1487  3189 D HwInputMethodManagerService: hideNormalSoftInput = false

01-01 23:28:47.270  1487  3189 W InputMethodManagerService: Got RemoteException sending setActive(false) notification to pid 21205 uid 10414

01-01 23:28:59.285  1487  3491 I ActivityManager: collectReceiverComponents for intent: Intent { act=android.intent.action.SIG_STR flg=0x20000010 (has extras) }, receivers: null

01-01 23:29:01.337  1487  3948 D HwInputMethodManagerService: windowGainedFocus  isPasswordType(attribute) = true

01-01 23:29:04.915  1487  3958 I ActivityManager: collectReceiverComponents for intent: Intent { act=android.intent.action.SIG_STR flg=0x20000010 (has extras) }, receivers: null

01-01 23:29:09.627  1487  3806 I ActivityManager: collectReceiverComponents for intent: Intent { act=android.intent.action.SIG_STR flg=0x20000010 (has extras) }, receivers: null

01-01 23:29:15.627  1487  3048 I ActivityManager: collectReceiverComponents for intent: Intent { act=android.intent.action.SIG_STR flg=0x20000010 (has extras) }, receivers: null

01-01 23:29:19.298  1487  3937 I ActivityManager: collectReceiverComponents for intent: Intent { act=android.intent.action.SIG_STR flg=0x20000010 (has extras) }, receivers: null

01-01 23:29:21.630  1487  1504 I ActivityManager: collectReceiverComponents for intent: Intent { act=android.intent.action.SIG_STR flg=0x20000010 (has extras) }, receivers: null

01-01 23:29:28.451  1487  3942 I ActivityManager: collectReceiverComponents for intent: Intent { act=android.intent.action.SIG_STR flg=0x20000010 (has extras) }, receivers: null

01-01 23:29:34.454  1487  3948 I ActivityManager: collectReceiverComponents for intent: Intent { act=android.intent.action.SIG_STR flg=0x20000010 (has extras) }, receivers: null

01-01 23:29:37.676  1487  3035 I ActivityManager: collectReceiverComponents for intent: Intent { act=com.huawei.intent.action.PUSH flg=0x14 pkg=android (has extras) }, receivers: null

01-01 23:29:37.734  1487  3048 I HwMtmBroadcastResourceManager: removeReceiver mtm Broadcast

01-01 23:29:37.736  1487  1504 I HwActivityManagerService: PackageName for pid 7236 is android

01-01 23:29:37.813  1487  3806 I HwActivityManagerService: PackageName for pid 7236 is android

01-01 23:29:37.826  1487  3958 I HwActivityManagerService: PackageName for pid 7236 is android

01-01 23:29:39.312  1487  3822 I ActivityManager: collectReceiverComponents for intent: Intent { act=android.intent.action.SIG_STR flg=0x20000010 (has extras) }, receivers: null

01-01 23:29:40.456  1487  3189 I ActivityManager: collectReceiverComponents for intent: Intent { act=android.intent.action.SIG_STR flg=0x20000010 (has extras) }, receivers: null

01-01 23:29:42.420  1487  1487 D WifiService: onReceive, action:android.intent.action.BATTERY_CHANGED

01-01 23:29:42.420  1487  1487 D WifiService: ACTION_BATTERY_CHANGED pluggedType: 2

01-01 23:29:45.816  1487  3491 I ActivityManager: Force stopping io.appium.settings appid=10432 user=0: from pid 23374by app

01-01 23:29:45.816  1487  3491 I ActivityManager: Killing 22980:io.appium.settings/u0a432 (adj 11): stop io.appium.settingsfrom pid 23374by app

01-01 23:29:45.817  1487  3491 D ActivityManager: cleanUpApplicationRecord -- 22980

01-01 23:29:45.817  1487  3491 I ActivityManager: cleanUpApplicationRecordLocked, reset pid: 22980, euid: 0

01-01 23:29:45.835  1487  3491 D HwBroadcastQueue: cleanupDisabledPackageReceiversLocked for userId 0

01-01 23:29:45.835  1487  3491 D HwBroadcastQueue: cleanupDisabledPackageReceiversLocked for userId 0

01-01 23:29:45.835  1487  3491 D HwBroadcastQueue: cleanupDisabledPackageReceiversLocked for userId 0

01-01 23:29:45.835  1487  3491 D HwBroadcastQueue: cleanupDisabledPackageReceiversLocked for userId 0

01-01 23:29:45.838  1487  3491 I ActivityManager: collectReceiverComponents for intent: Intent { act=android.intent.action.PACKAGE_RESTARTED dat=package:io.appium.settings flg=0x10 (has extras) }, receivers: null

01-01 23:29:45.841  1487  1487 I HwCoreAppHelperService: LocalReceiver receives:android.intent.action.PACKAGE_RESTARTED

01-01 23:29:46.183  1487  3035 I ActivityManager: collectReceiverComponents for intent: Intent { flg=0x14 cmp=com.ss.android.article.news/cn.jpush.android.service.AlarmReceiver (has extras) }, receivers: [ResolveInfo{e490b1e com.ss.android.article.news/cn.jpush.android.service.AlarmReceiver m=0x0 euid=0}]

01-01 23:29:46.190  1487  3941 I HwActivityManagerService: PackageName for pid 19042 is com.ss.android.article.news

01-01 23:29:46.457  1487  3958 I ActivityManager: collectReceiverComponents for intent: Intent { act=android.intent.action.SIG_STR flg=0x20000010 (has extras) }, receivers: null

01-01 23:29:46.773  1487  1526 I ActivityManager: Force stopping io.appium.settings appid=10432 user=-1: uninstall pkg

01-01 23:29:46.774  1487  1526 D HwBroadcastQueue: cleanupDisabledPackageReceiversLocked for userId -1

01-01 23:29:46.774  1487  1526 D HwBroadcastQueue: cleanupDisabledPackageReceiversLocked for userId -1

01-01 23:29:46.774  1487  1526 D HwBroadcastQueue: cleanupDisabledPackageReceiversLocked for userId -1

01-01 23:29:46.774  1487  1526 D HwBroadcastQueue: cleanupDisabledPackageReceiversLocked for userId -1

01-01 23:29:46.778  1487  1579 D PackageManager: clear pref activity io.appium.settings from uid 1000

01-01 23:29:47.142  1487  1579 W PackageManager: Couldn't remove dex file for package:  at location /data/app/io.appium.settings-1/base.apk, retcode=-1

01-01 23:29:47.147  1487  1579 I ActivityManager: retrieveServiceLocked, callerApp: ProcessRecord{1875d71 0:system/1000}, flags: 400

01-01 23:29:47.148  1487  1579 I ActivityManager: bindServiceLocked, r: ServiceRecord{810ad1b u0 euid: 0 com.android.defcontainer/.DefaultContainerService}, euid: 0

01-01 23:29:47.152  1487  1579 I ActivityManager: Force stopping io.appium.settings appid=10432 user=0: pkg removed

01-01 23:29:47.153  1487  1579 D HwBroadcastQueue: cleanupDisabledPackageReceiversLocked for userId 0

01-01 23:29:47.153  1487  1579 D HwBroadcastQueue: cleanupDisabledPackageReceiversLocked for userId 0

01-01 23:29:47.153  1487  1579 D HwBroadcastQueue: cleanupDisabledPackageReceiversLocked for userId 0

01-01 23:29:47.153  1487  1579 D HwBroadcastQueue: cleanupDisabledPackageReceiversLocked for userId 0

