01-01 23:29:47.169  1487  1579 I ActivityManager: collectReceiverComponents for intent: Intent { act=android.intent.action.PACKAGE_REMOVED dat=package:io.appium.settings flg=0x4000010 (has extras) }, receivers: [ResolveInfo{1ba1eb8 com.huawei.appmarket/.service.installresult.control.InstallerReceiver p=2147483647 m=0x208000 euid=0}, ResolveInfo{beb5491 com.android.contacts/.compatibility.ContactsProviderReceiver p=1000 m=0x208000 euid=0}, ResolveInfo{1d5ff6 com.ss.android.article.news/com.ss.android.derivative.AppListener p=100 m=0x208000 euid=0}, ResolveInfo{e02fff7 com.android.providers.contacts/.PackageIntentReceiver m=0x208000 euid=0}, ResolveInfo{14e6e64 com.huawei.motionservice/.motionexception.MotionBootReceiver m=0x208000 euid=0}, ResolveInfo{95fa8cd com.android.gallery3d/com.huawei.gallery.photoshare.receiver.GalleryPackageMonitor m=0x208000 euid=0}, ResolveInfo{eb78582 com.android.musicfx/.Compatibility$Receiver m=0x208000 euid=0}, ResolveInfo{35da493 com.huawei.systemmanager/com.huawei.notificationmanager.receiver.Receiver m=0x208000 euid=0}, ResolveInfo{3b60cd0 com.huawei.systemmanager/com.huawei.permissionmanager.ui.AppInstallationReceiver m=0x208000 euid=0}, ResolveInfo{54b04c9 com.huawei.systemmanager/.optimize.OptimizeReceiver m=0x208000 euid=0}, ResolveInfo{8dc77ce com.huawei.systemmanager/com.huawei.permissionmanager.ui.ComBroadcastReceiver m=0x208000 euid=0}, ResolveInfo{9b3f6ef com.huawei.systemmanager/.power.receiver.BootBroadcastReceiver m=0x208000 euid=0}, ResolveInfo{2b725fc com.huawei.systemmanager/.netassistant.netapp.receiver.AppChangeReceiver m=0x208000 euid=0}, ResolveInfo{2762485 com.huawei.systemmanager/.antivirus.AntiVirusReceiver m=0x208000 euid=0}, ResolveInfo{f4c42da com.huawei.systemmanager/.addviewmonitor.AppChangeReceiver m=0x208000 euid=0}, ResolveInfo{e73130b com.huawei.systemmanager/.spacecleanner.receiver.SpaceCleanReceiver m=0x208000 euid=0}, ResolveInfo{c4ea5e8 com.android.settings/.applications.BlackListReceiver m=0x208000 euid=0}, ResolveInfo{d798401 com.huawei.securitymgr/.AppUninstallReceiver m=0x208000 euid=0}, ResolveInfo{cbbb2a6 com.huawei.android.remotecontrol/com.huawei.android.pushagent.PushEventReceiver m=0x208000 euid=0}, ResolveInfo{ebdd4e7 com.huawei.android.pushagent/.PushEventReceiver m=0x208000 euid=0}, ResolveInfo{f5c3894 com.huawei.bd/.collector.BDReceiver m=0x208000 euid=0}, ResolveInfo{9f95f3d com.android.keychain/.KeyChainBroadcastReceiver m=0x208000 euid=0}, ResolveInfo{605332 com.huawei.android.ds/com.huawei.android.hicloud.common.receiver.BackupCommonRecevier m=0x208000 euid=0}, ResolveInfo{d08d883 com.huawei.android.ds/com.huawei.android.pushagent.PushEventReceiver m=0x208000 euid=0}, ResolveInfo{70e4a00 com.huawei.android.ds/com.huawei.android.remotecontrol.receiver.UpdateAPKReceiver m=0x208000 euid=0}, ResolveInfo{7a1b239 com.huawei.remoteassistant/com.huawei.android.pushagent.PushEventReceiver m=0x208000 euid=0}, ResolveInfo{53c707e com.ss.android.article.news/com.taobao.agoo.AgooCommondReceiver m=0x208000 euid=0}, ResolveInfo{47679df com.ss.android.article.news/com.aliyun.AliyunMessageReceiver m=0x208000 euid=0}, ResolveInfo{10e062c com.ss.android.article.news/com.taobao.accs.EventReceiver m=0x208000 euid=0}, ResolveInfo{ae238f5 com.ss.android.article.news/com.huawei.android.pushagent.PushEventReceiver m=0x208000 euid=0}, ResolveInfo{22b168a com.ss.android.article.news/com.ss.android.message.MessageReceiver m=0x208000 euid=0}, ResolveInfo{5f2d4fb com.ss.android.article.news/com.baidu.android.pushservice.RegistrationReceiver m=0x208000 euid=0}, ResolveInfo{a6b5918 com.ss.android.article.news/cn.jpush.android.service.PushReceiver m=0x208000 euid=0}, ResolveInfo{56a6f71 com.uc56.ucexpressbao/cn.jpush.android.service.PushReceiver m=0x208000 euid=0}]

01-01 23:29:47.171  1487  1579 I ActivityManager: collectReceiverComponents for intent: Intent { act=android.intent.action.PACKAGE_FULLY_REMOVED dat=package:io.appium.settings flg=0x4000010 (has extras) }, receivers: [ResolveInfo{b0fc5d7 com.android.server.telecom/.components.PhoneAccountBroadcastReceiver m=0x208000 euid=0}, ResolveInfo{f48eec4 com.android.documentsui/.PackageReceiver m=0x208000 euid=0}]

01-01 23:29:47.172  1487  1579 I ActivityManager: collectReceiverComponents for intent: Intent { act=android.intent.action.UID_REMOVED flg=0x4000010 (has extras) }, receivers: [ResolveInfo{86fece2 com.android.providers.downloads/.DownloadReceiver m=0x108000 euid=0}]

01-01 23:29:47.173  1487  3097 I ActivityManager: retrieveServiceLocked, callerApp: ProcessRecord{1875d71 0:system/1000}, flags: 400

01-01 23:29:47.175  1487  3097 I ActivityManager: retrieveServiceLocked, callerApp: ProcessRecord{1875d71 0:system/1000}, flags: 400

01-01 23:29:47.184  1487  3078 V NetworkPolicy: ACTION_UID_REMOVED for uid=10432

01-01 23:29:47.184  1487  3078 V NetworkPolicy: writePolicyLocked()

01-01 23:29:47.187  1487  3077 D NetdConnector: SND -> {307 bandwidth gettetherstats}

01-01 23:29:47.187  1487  3076 D NetdConnector: RCV <- {200 307 Tethering stats list completed}

01-01 23:29:47.188  1487  3076 D NetdConnector: RCV <- {200 307 Tethering stats list completed}

01-01 23:29:47.189  1487  1526 I ActivityManager: new Process app=ProcessRecord{9483330 0:com.huawei.appmarket/u0a11}, name: com.huawei.appmarket, euid: 0

01-01 23:29:47.190  1487  3077 W NetworkStatsFactory: mStatsXtProcUid: /proc/net/comm/stats does not exist!

01-01 23:29:47.190  1487  3077 D NetworkStats: mActiveIface: null

01-01 23:29:47.211  1487  3198 W IntentResolver: resolveIntent: multiple matches, only some with CATEGORY_DEFAULT

01-01 23:29:47.211  1487  1526 I ActivityManager: Start proc 23396:com.huawei.appmarket/u0a11 for broadcast com.huawei.appmarket/.service.installresult.control.InstallerReceiver

01-01 23:29:47.218  1487  3937 I ActivityManager: retrieveServiceLocked, callerApp: ProcessRecord{da2ea97 3183:com.android.systemui/u0a31}, flags: 400

01-01 23:29:47.222  1487  3937 I ActivityManager: bindServiceLocked, r: ServiceRecord{ffe363a u0 euid: 0 com.android.systemui/.statusbar.toolbox.ToolBoxService}, euid: 0

01-01 23:29:47.229  1487  3198 W IntentResolver: resolveIntent: multiple matches, only some with CATEGORY_DEFAULT

01-01 23:29:47.243  1487  1505 W IntentResolver: resolveIntent: multiple matches, only some with CATEGORY_DEFAULT

01-01 23:29:47.245  1487  1487 I SmartHeartBeat: listenAppUpdate, package: io.appium.settings has been Updated

01-01 23:29:47.246  1487  1487 D JobSchedulerService: Receieved: android.intent.action.PACKAGE_REMOVED

01-01 23:29:47.247  1487  1487 D NetdConnector: SND -> {308 network permission user clear 10432}

01-01 23:29:47.248  1487  3076 D NetdConnector: RCV <- {200 308 success}

01-01 23:29:47.248  1487  3076 D NetdConnector: RCV <- {200 308 success}

01-01 23:29:47.251  1487  3412 W IntentResolver: resolveIntent: multiple matches, only some with CATEGORY_DEFAULT

01-01 23:29:47.263 23396 23396 D ActivityThread: ActivityThread,attachApplication

01-01 23:29:47.263  1487  3822 D ActivityManager: ActivityManagerService,attachApplication,callingPid = 23396

01-01 23:29:47.272  1487  1525 W InputMethodManagerService: buildInputMethodListLocked: Skipping IME com.huawei.secime

01-01 23:29:47.283  1487  3822 W IntentResolver: resolveIntent: multiple matches, only some with CATEGORY_DEFAULT

01-01 23:29:47.283  1487  3078 V NetworkPolicy: updateNetworkEnabledLocked()

01-01 23:29:47.284  1487  3078 V NetworkPolicy: updateNotificationsLocked()

01-01 23:29:47.286  1487  1525 I HwInputMethodManagerService: isSecureIMEExist = true

01-01 23:29:47.287  1487  3415 W IntentResolver: resolveIntent: multiple matches, only some with CATEGORY_DEFAULT

01-01 23:29:47.290  1487  1525 W InputMethodManagerService: buildInputMethodListLocked: Skipping IME com.baidu.input_huawei

01-01 23:29:47.290  1487  1525 W InputMethodManagerService: buildInputMethodListLocked: Skipping IME com.baidu.input

01-01 23:29:47.290  1487  1505 W IntentResolver: resolveIntent: multiple matches, only some with CATEGORY_DEFAULT

01-01 23:29:47.292  1487  1525 W InputMethodManagerService: buildInputMethodListLocked: Skipping IME com.android.inputmethod.latin

01-01 23:29:47.292  1487  1525 W InputMethodManagerService: buildInputMethodListLocked: Skipping IME com.nuance.swype.emui

01-01 23:29:47.292  1487  1525 W InputMethodManagerService: Default IME is uninstalled. Choose new default IME.

01-01 23:29:47.293  1487  3948 W IntentResolver: resolveIntent: multiple matches, only some with CATEGORY_DEFAULT

01-01 23:29:47.331  1487  1525 I ActivityManager: collectReceiverComponents for intent: Intent { act=android.search.action.SEARCHABLES_CHANGED flg=0x24000010 }, receivers: null

01-01 23:29:47.625  1487  3198 I ActivityManager: retrieveServiceLocked, callerApp: ProcessRecord{d807604 3426:android.process.acore/u0a2}, flags: 400

01-01 23:29:47.626  1487  3198 I ActivityManager: bindServiceLocked, r: ServiceRecord{ea65e45 u0 euid: 0 com.android.providers.contacts/.VoicemailCleanupService}, euid: 0

01-01 23:29:47.635  1487  3948 I ActivityManager: new Process app=ProcessRecord{bed599a 0:com.android.gallery3d/u0a16}, name: com.android.gallery3d, euid: 0

01-01 23:29:47.647  1487  3948 I ActivityManager: Start proc 23440:com.android.gallery3d/u0a16 for broadcast com.android.gallery3d/com.huawei.gallery.photoshare.receiver.GalleryPackageMonitor

01-01 23:29:47.666 23440 23440 D ActivityThread: ActivityThread,attachApplication

01-01 23:29:47.668  1487  3942 D ActivityManager: ActivityManagerService,attachApplication,callingPid = 23440

01-01 23:29:47.701  1487  1504 I ActivityManager: collectReceiverComponents for intent: Intent { act=com.huawei.appmarket.service.downloadservice.Receiver flg=0x10 }, receivers: null

01-01 23:29:47.737  1487  3415 I HwActivityManagerService: PackageName for pid 23440 is com.android.gallery3d

01-01 23:29:47.797  1487  3941 I ActivityManager: retrieveServiceLocked, callerApp: ProcessRecord{bed599a 23440:com.android.gallery3d/u0a16}, flags: 400

01-01 23:29:47.797  1487  3941 I ActivityManager: bindServiceLocked, r: ServiceRecord{8f0bff9 u0 euid: 0 com.huawei.android.ds/com.huawei.android.cg.CloudGallaryService}, euid: 0

01-01 23:29:47.806  1487  3491 I ActivityManager: retrieveServiceLocked, callerApp: ProcessRecord{bed599a 23440:com.android.gallery3d/u0a16}, flags: 400

01-01 23:29:47.806  1487  3491 I ActivityManager: bindServiceLocked, r: ServiceRecord{c95cb3e u0 euid: 0 com.android.gallery3d/com.huawei.gallery.photoshare.receiver.GalleryPackageMonitor$AsyncService}, euid: 0

01-01 23:29:47.810  1487  3806 I ActivityManager: new Process app=ProcessRecord{fa89d9f 0:com.android.musicfx/u0a21}, name: com.android.musicfx, euid: 0

01-01 23:29:47.822  1487  3806 I ActivityManager: Start proc 23464:com.android.musicfx/u0a21 for broadcast com.android.musicfx/.Compatibility$Receiver

01-01 23:29:47.841 23464 23464 D ActivityThread: ActivityThread,attachApplication

01-01 23:29:47.842  1487  3048 D ActivityManager: ActivityManagerService,attachApplication,callingPid = 23464

01-01 23:29:47.868  1487  3198 I ActivityManager: retrieveServiceLocked, callerApp: ProcessRecord{fa89d9f 23464:com.android.musicfx/u0a21}, flags: 400

01-01 23:29:47.868  1487  3198 I ActivityManager: bindServiceLocked, r: ServiceRecord{b7462b5 u0 euid: 0 com.android.musicfx/.Compatibility$Service}, euid: 0

01-01 23:29:47.874  1487  1504 I ActivityManager: retrieveServiceLocked, callerApp: ProcessRecord{42d83d6 3299:com.huawei.systemmanager:service/1000}, flags: 400

01-01 23:29:47.874  1487  1504 I ActivityManager: bindServiceLocked, r: ServiceRecord{39f5d4a u0 euid: 0 com.huawei.systemmanager/.util.content.HsmIntentService_bg}, euid: 0

01-01 23:29:47.877  1487  3048 I ActivityManager: new Process app=ProcessRecord{a8374bb 0:com.huawei.systemmanager/1000}, name: com.huawei.systemmanager, euid: 0

01-01 23:29:47.891  1487  3048 I ActivityManager: Start proc 23487:com.huawei.systemmanager/1000 for broadcast com.huawei.systemmanager/com.huawei.permissionmanager.ui.AppInstallationReceiver

01-01 23:29:47.895  1487  3955 V HwNotificationManagerService: Notification db cfg changed

01-01 23:29:47.896  1487 23492 V HwNotificationManagerService: HwCfgLoadingRunnable: Starts 

01-01 23:29:47.904  1487 23492 V HwNotificationManagerService: HwCfgLoadingRunnable: get cfg size:68

01-01 23:29:47.905  1487 23492 V HwNotificationManagerService: HwCfgLoadingRunnable: Ends. 

01-01 23:29:47.907  1487  3822 I ActivityManager: Killing 22678:com.huawei.android.pushagent/u0a52 (adj 15): empty #16

01-01 23:29:47.908  1487  1526 W BroadcastQueue: Permission Denial: broadcasting Intent { act=android.net.conn.CONNECTIVITY_CHANGE flg=0x4000010 (has extras) } from null (pid=-1, uid=-1) requires com.huawei.cg.permission.SERVICE due to registered receiver BroadcastFilter{a5b336d u0 ReceiverList{a6cff84 8895 com.huawei.android.ds/1001/u0 remote:66aa197}}

01-01 23:29:47.908  1487  1526 W BroadcastQueue: Permission Denial: broadcasting Intent { act=android.intent.action.BATTERY_CHANGED flg=0x60000010 (has extras) } from null (pid=-1, uid=-1) requires com.huawei.cg.permission.SERVICE due to registered receiver BroadcastFilter{a5b336d u0 ReceiverList{a6cff84 8895 com.huawei.android.ds/1001/u0 remote:66aa197}}

01-01 23:29:47.928 23487 23487 D ActivityThread: ActivityThread,attachApplication

01-01 23:29:47.930  1487  3941 D ActivityManager: ActivityManagerService,attachApplication,callingPid = 23487

01-01 23:29:47.992  1487  1504 I ActivityManager: Killing 22801:com.android.shell/2000 (adj 15): empty #16

01-01 23:29:48.030  1487  1504 D ActivityManager: cleanUpApplicationRecord -- 22678

01-01 23:29:48.030  1487  1504 I ActivityManager: cleanUpApplicationRecordLocked, reset pid: 22678, euid: 0

01-01 23:29:48.081 23487 23487 W ContextImpl: Calling a method in the system process without a qualified user: android.app.ContextImpl.startService:1381 android.content.ContextWrapper.startService:581 com.huawei.systemmanager.SystemManagerApplication.startMainService:199 com.huawei.systemmanager.SystemManagerApplication.startServices:100 com.huawei.systemmanager.SystemManagerApplication.onCreate:83 

01-01 23:29:48.084 23487 23487 W ContextImpl: Calling a method in the system process without a qualified user: android.app.ContextImpl.startService:1381 android.content.ContextWrapper.startService:581 com.huawei.systemmanager.SystemManagerApplication.startPreventModeService:145 com.huawei.systemmanager.SystemManagerApplication.startServices:101 com.huawei.systemmanager.SystemManagerApplication.onCreate:83 

01-01 23:29:48.104 23487 23487 W ContextImpl: Calling a method in the system process without a qualified user: android.app.ContextImpl.startService:1381 android.content.ContextWrapper.startService:581 com.huawei.systemmanager.SystemManagerApplication.startPermissionService:150 com.huawei.systemmanager.SystemManagerApplication.startServices:102 com.huawei.systemmanager.SystemManagerApplication.onCreate:83 

01-01 23:29:48.115  1487  3806 D ActivityManager: cleanUpApplicationRecord -- 22801

01-01 23:29:48.116  1487  3806 I ActivityManager: cleanUpApplicationRecordLocked, reset pid: 22801, euid: 0

01-01 23:29:48.121 23487 23487 W ContextImpl: Calling a method in the system process without a qualified user: android.app.ContextImpl.startService:1381 android.content.ContextWrapper.startService:581 com.huawei.systemmanager.SystemManagerApplication.startBgStaticsService:161 com.huawei.systemmanager.SystemManagerApplication.startServices:104 com.huawei.systemmanager.SystemManagerApplication.onCreate:83 

01-01 23:29:48.138 23487 23487 W ContextImpl: Calling a method in the system process without a qualified user: android.app.ContextImpl.startService:1381 android.content.ContextWrapper.startService:581 com.huawei.systemmanager.SystemManagerApplication.startNetControllService:168 com.huawei.systemmanager.SystemManagerApplication.startServices:105 com.huawei.systemmanager.SystemManagerApplication.onCreate:83 

01-01 23:29:48.140 23487 23487 W ContextImpl: Calling a method in the system process without a qualified user: android.app.ContextImpl.startService:1381 android.content.ContextWrapper.startService:581 com.huawei.systemmanager.SystemManagerApplication.startAppLockService:173 com.huawei.systemmanager.SystemManagerApplication.startServices:106 com.huawei.systemmanager.SystemManagerApplication.onCreate:83 

01-01 23:29:48.143 23487 23487 W ContextImpl: Calling a method in the system process without a qualified user: android.app.ContextImpl.startService:1381 android.content.ContextWrapper.startService:581 com.huawei.systemmanager.SystemManagerApplication.startSpaceCleanService:178 com.huawei.systemmanager.SystemManagerApplication.startServices:110 com.huawei.systemmanager.SystemManagerApplication.onCreate:83 

01-01 23:29:48.146 23487 23487 W ContextImpl: Calling a method in the system process without a qualified user: android.app.ContextImpl.startService:1381 android.content.ContextWrapper.startService:581 com.huawei.systemmanager.SystemManagerApplication.startStarupService:183 com.huawei.systemmanager.SystemManagerApplication.startServices:111 com.huawei.systemmanager.SystemManagerApplication.onCreate:83 

01-01 23:29:48.147 23487 23487 W ContextImpl: Calling a method in the system process without a qualified user: android.app.ContextImpl.startService:1381 android.content.ContextWrapper.startService:581 com.huawei.systemmanager.SystemManagerApplication.startAntivirusService:188 com.huawei.systemmanager.SystemManagerApplication.startServices:112 com.huawei.systemmanager.SystemManagerApplication.onCreate:83 

01-01 23:29:48.269 23487 23487 W ContextImpl: Calling a method in the system process without a qualified user: android.app.ContextImpl.startService:1381 android.content.ContextWrapper.startService:581 tmsdk.common.TMSDKContext.start:-1 tmsdk.common.TMSDKContext.init:-1 com.huawei.systemmanager.sdk.tmsdk.TMSdkEngine.init:42 

01-01 23:29:48.301  1487  3415 I ActivityManager: retrieveServiceLocked, callerApp: ProcessRecord{a8374bb 23487:com.huawei.systemmanager/1000}, flags: 400

01-01 23:29:48.302  1487  3415 I ActivityManager: bindServiceLocked, r: ServiceRecord{639aed9 u0 euid: 0 com.huawei.systemmanager/.util.content.HsmIntentService_ui}, euid: 0

01-01 23:29:48.306 23487 23487 W ContextImpl: Calling a method in the system process without a qualified user: android.app.ContextImpl.bindService:1445 android.content.ContextWrapper.bindService:604 com.huawei.systemmanager.hsmstat.HsmStatProxy.bindService:263 com.huawei.systemmanager.hsmstat.HsmStatProxy.access$000:31 com.huawei.systemmanager.hsmstat.HsmStatProxy$1.handleMessage:65 

01-01 23:29:48.422 19581 19581 W ContextImpl: Calling a method in the system process without a qualified user: android.app.ContextImpl.startService:1381 android.content.ContextWrapper.startService:581 android.content.ContextWrapper.startService:581 com.android.settings.applications.BlackListReceiver.onReceive:35 android.app.ActivityThread.handleReceiver:2788 

01-01 23:29:48.422  1487  1505 I ActivityManager: retrieveServiceLocked, callerApp: ProcessRecord{4c09b67 19581:com.android.settings/1000}, flags: 400

01-01 23:29:48.423  1487  1505 I ActivityManager: bindServiceLocked, r: ServiceRecord{821ec9b u0 euid: 0 com.android.settings/.applications.BlackListService}, euid: 0

01-01 23:29:48.431  1487  3958 I ActivityManager: new Process app=ProcessRecord{76b2838 0:com.huawei.android.remotecontrol:pushservice/u0a55}, name: com.huawei.android.remotecontrol:pushservice, euid: 0

01-01 23:29:48.443  1487  3958 I ActivityManager: Start proc 23578:com.huawei.android.remotecontrol:pushservice/u0a55 for broadcast com.huawei.android.remotecontrol/com.huawei.android.pushagent.PushEventReceiver

01-01 23:29:48.445 23487 23576 W ContextImpl: Calling a method in the system process without a qualified user: android.app.ContextImpl.startService:1381 android.content.ContextWrapper.startService:581 com.huawei.systemmanager.spacecleanner.receiver.SpaceCleanReceiver.checkRarelyUsedApp:129 com.huawei.systemmanager.spacecleanner.receiver.SpaceCleanReceiver.doInBackground:57 java.lang.reflect.Method.invoke:-2 

01-01 23:29:48.471 23578 23578 D ActivityThread: ActivityThread,attachApplication

01-01 23:29:48.471  1487  3948 D ActivityManager: ActivityManagerService,attachApplication,callingPid = 23578

01-01 23:29:48.523  1487  1505 D WifiService: getWifiServiceMessenger, pid:23487, uid:1000

01-01 23:29:48.534  1487  3087 D WifiService: New client listening to asynchronous messages

01-01 23:29:48.537  1487  1505 D NetdConnector: SND -> {309 bandwidth firewall allow mobile 10432 1}

01-01 23:29:48.607  1487  3937 I ActivityManager: collectReceiverComponents for intent: Intent { act=huawei.intent.action.HW_STOPPED_PACKAGE_ACTION flg=0x10 (has extras) }, receivers: null

01-01 23:29:48.609  1487  3076 D NetdConnector: RCV <- {500 309 Usage: bandwidth firewall allow <interface>  <appUid>}

01-01 23:29:48.609  1487  3076 D NetdConnector: RCV <- {500 309 Usage: bandwidth firewall allow <interface>  <appUid>}

01-01 23:29:48.610  1487  1505 E NetdConnector: NDC client error throw NativeDaemonArgumentException

01-01 23:29:48.653  1487  1504 D NetdConnector: SND -> {310 bandwidth firewall allow wifi 10432 2}

01-01 23:29:48.720  1487  3076 D NetdConnector: RCV <- {500 310 Usage: bandwidth firewall allow <interface>  <appUid>}

01-01 23:29:48.720  1487  3076 D NetdConnector: RCV <- {500 310 Usage: bandwidth firewall allow <interface>  <appUid>}

01-01 23:29:48.721  1487  1504 E NetdConnector: NDC client error throw NativeDaemonArgumentException

01-01 23:29:48.818  1487  3806 W ContextImpl: Calling a method in the system process without a qualified user: android.app.ContextImpl.sendBroadcast:851 com.android.server.pm.HwPackageManagerService.parseInstallerInfo:2265 com.android.server.pm.PackageManagerService.installPackageAsUser:10506 android.content.pm.IPackageManager$Stub.onTransact:975 com.android.server.pm.PackageManagerService.onTransact:2840 

01-01 23:29:48.818  1487  3806 V HwPackageManagerService: installPackageWithVerificationAndEncryption:  uid= 2000, pid=23518, packageUri= /data/local/tmp/settings_apk-debug.apk

01-01 23:29:48.819  1487  1579 I ActivityManager: retrieveServiceLocked, callerApp: ProcessRecord{1875d71 0:system/1000}, flags: 400

01-01 23:29:48.819  1487  1579 I ActivityManager: bindServiceLocked, r: ServiceRecord{fe1f77c u0 euid: 0 com.android.defcontainer/.DefaultContainerService}, euid: 0

01-01 23:29:48.839 21641 21652 D DefContainer: Copying /data/local/tmp/settings_apk-debug.apk to base.apk

01-01 23:29:48.960  1487  3415 I ActivityManager: new Process app=ProcessRecord{f3770b2 0:com.huawei.android.pushagent/u0a52}, name: com.huawei.android.pushagent, euid: 0

01-01 23:29:48.972  1487  3415 I ActivityManager: Start proc 23628:com.huawei.android.pushagent/u0a52 for broadcast com.huawei.android.pushagent/.PushEventReceiver

01-01 23:29:48.993 23628 23628 D ActivityThread: ActivityThread,attachApplication

01-01 23:29:48.994  1487  3822 D ActivityManager: ActivityManagerService,attachApplication,callingPid = 23628

01-01 23:29:49.248  1487  1579 W PackageManager: Not granting permission android.permission.ACCESS_MOCK_LOCATION to package io.appium.settings (protectionLevel=2 flags=0x3808be46)

01-01 23:29:49.248  1487  1579 W PackageManager: Not granting permission android.permission.SET_ANIMATION_SCALE to package io.appium.settings (protectionLevel=50 flags=0x3808be46)

01-01 23:29:49.448  1487  1579 I HwPackageManagerService: AntiMalware is closed

01-01 23:29:49.450  1487  1579 W BackupManagerService: Requested unavailable transport: com.google.android.gms/.backup.BackupTransportService

01-01 23:29:49.453  1487  1579 W ContextImpl: Calling a method in the system process without a qualified user: android.app.ContextImpl.sendBroadcast:872 com.android.server.pm.HwPackageManagerService.parseInstalledPkgInfo:2289 com.android.server.pm.PackageManagerService.parseInstalledPkgInfo:18302 com.android.server.pm.PackageManagerService.access$1400:341 com.android.server.pm.PackageManagerService$PackageHandler.doHandleMessage:1536 

01-01 23:29:49.453  1487  1579 V HwPackageManagerService: POST_INSTALL:  pkgName = io.appium.settings, pkgUri = /data/local/tmp/settings_apk-debug.apk, pkgVerName = 2.2, pkgVerCode = 4, resultCode = 1, pkgUpdate = false

01-01 23:29:49.518  1487  3415 I ActivityManager: Killing 22817:com.svox.pico/u0a70 (adj 15): empty #16

01-01 23:29:49.522  1487  1505 I ActivityManager: new Process app=ProcessRecord{55037ac 0:com.android.keychain/1000}, name: com.android.keychain, euid: 0

01-01 23:29:49.541  1487  1505 I ActivityManager: Start proc 23649:com.android.keychain/1000 for broadcast com.android.keychain/.KeyChainBroadcastReceiver

01-01 23:29:49.565 23649 23649 D ActivityThread: ActivityThread,attachApplication

01-01 23:29:49.566  1487  3806 D ActivityManager: ActivityManagerService,attachApplication,callingPid = 23649

01-01 23:29:49.593 23649 23649 W ContextImpl: Calling a method in the system process without a qualified user: android.app.ContextImpl.startService:1381 android.content.ContextWrapper.startService:581 android.content.ContextWrapper.startService:581 com.android.keychain.KeyChainBroadcastReceiver.onReceive:12 android.app.ActivityThread.handleReceiver:2788 

01-01 23:29:49.594  1487  3491 I ActivityManager: retrieveServiceLocked, callerApp: ProcessRecord{55037ac 23649:com.android.keychain/1000}, flags: 400

01-01 23:29:49.595  1487  3491 I ActivityManager: bindServiceLocked, r: ServiceRecord{618640a u0 euid: 0 com.android.keychain/.KeyChainService}, euid: 0

01-01 23:29:49.621  1487  3415 D ActivityManager: cleanUpApplicationRecord -- 22817

01-01 23:29:49.622  1487  3415 I ActivityManager: cleanUpApplicationRecordLocked, reset pid: 22817, euid: 0

01-01 23:29:49.641  1487  1579 I ActivityManager: collectReceiverComponents for intent: Intent { act=android.intent.action.PACKAGE_ADDED dat=package:io.appium.settings flg=0x4000010 (has extras) }, receivers: [ResolveInfo{99d47b com.huawei.appmarket/.service.installresult.control.InstallerReceiver p=2147483647 m=0x208000 euid=0}, ResolveInfo{25f2298 com.android.contacts/.compatibility.ContactsProviderReceiver p=1000 m=0x208000 euid=0}, ResolveInfo{89c3af1 com.ss.android.article.news/com.ss.android.derivative.AppListener p=100 m=0x208000 euid=0}, ResolveInfo{be0b6d6 com.android.providers.contacts/.PackageIntentReceiver m=0x208000 euid=0}, ResolveInfo{5e73d57 com.android.gallery3d/com.huawei.gallery.photoshare.receiver.GalleryPackageMonitor m=0x208000 euid=0}, ResolveInfo{6fd044 com.android.musicfx/.Compatibility$Receiver m=0x208000 euid=0}, ResolveInfo{9a8952d com.huawei.systemmanager/com.huawei.notificationmanager.receiver.Receiver m=0x208000 euid=0}, ResolveInfo{8096a62 com.huawei.systemmanager/com.huawei.permissionmanager.ui.AppInstallationReceiver m=0x208000 euid=0}, ResolveInfo{43857f3 com.huawei.systemmanager/.optimize.OptimizeReceiver m=0x208000 euid=0}, ResolveInfo{fbbacb0 com.huawei.systemmanager/.power.receiver.BootBroadcastReceiver m=0x208000 euid=0}, ResolveInfo{1a65729 com.huawei.systemmanager/.netassistant.netapp.receiver.AppChangeReceiver m=0x208000 euid=0}, ResolveInfo{517caae com.huawei.systemmanager/.antivirus.AntiVirusReceiver m=0x208000 euid=0}, ResolveInfo{b76804f com.huawei.systemmanager/.addviewmonitor.AppChangeReceiver m=0x208000 euid=0}, ResolveInfo{8a6e3dc com.huawei.systemmanager/.rainbow.client.background.broadcast.SecurityBroadcastReceiver m=0x208000 euid=0}, ResolveInfo{a43ce5 com.huawei.systemmanager/.spacecleanner.receiver.SpaceCleanReceiver m=0x208000 euid=0}, ResolveInfo{e99e3ba com.android.phone/.vvm.omtp.VvmPackageInstallReceiver m=0x208000 euid=0}, ResolveInfo{6c4d26b com.android.settings/.applications.BlackListReceiver m=0x208000 euid=0}, ResolveInfo{3ac61c8 com.huawei.securitymgr/.AppUninstallReceiver m=0x208000 euid=0}, ResolveInfo{ee0c261 com.huawei.android.remotecontrol/com.huawei.android.pushagent.PushEventReceiver m=0x208000 euid=0}, ResolveInfo{8f28186 com.huawei.android.pushagent/.PushEventReceiver m=0x208000 euid=0}, ResolveInfo{65c2a47 com.huawei.bd/.collector.BDReceiver m=0x208000 euid=0}, ResolveInfo{409d274 com.svox.pico/.VoiceDataInstallerReceiver m=0x208000 euid=0}, ResolveInfo{6239d com.huawei.android.ds/com.huawei.android.pushagent.PushEventReceiver m=0x208000 euid=0}, ResolveInfo{9e53012 com.huawei.android.ds/com.huawei.android.remotecontrol.receiver.UpdateAPKReceiver m=0x208000 euid=0}, ResolveInfo{b2723e3 com.android.browser/com.uc.base.system.receivers.SysReceiver m=0x208000 euid=0}, ResolveInfo{12ba1e0 com.huawei.remoteassistant/com.huawei.android.pushagent.PushEventReceiver m=0x208000 euid=0}, ResolveInfo{e265c99 com.ss.android.article.news/com.ss.android.common.applog.HotsoonReceiver m=0x208000 euid=0}, ResolveInfo{de23b5e com.ss.android.article.news/com.ss.android.download.DownloadReceiver m=0x208000 euid=0}, ResolveInfo{1e1b3f com.ss.android.article.news/com.huawei.android.pushagent.PushEventReceiver m=0x208000 euid=0}, ResolveInfo{ad8fc0c com.ss.android.article.news/com.ss.android.message.MessageReceiver m=0x208000 euid=0}, ResolveInfo{8772955 com.ss.android.article.news/cn.jpush.android.service.PushReceiver m=0x208000 euid=0}, ResolveInfo{612af6a com.uc56.ucexpressbao/cn.jpush.android.service.PushReceiver m=0x208000 euid=0}]

01-01 23:29:49.643  1487  3078 V NetworkPolicy: ACTION_PACKAGE_ADDED for uid=10433

01-01 23:29:49.662  1487  3822 I ActivityManager: retrieveServiceLocked, callerApp: ProcessRecord{da2ea97 3183:com.android.systemui/u0a31}, flags: 400

01-01 23:29:49.663  1487  3822 I ActivityManager: bindServiceLocked, r: ServiceRecord{100c0a4 u0 euid: 0 com.android.systemui/.statusbar.toolbox.ToolBoxService}, euid: 0

01-01 23:29:49.669  1487  3941 W IntentResolver: resolveIntent: multiple matches, only some with CATEGORY_DEFAULT

01-01 23:29:49.674  1487  3958 W IntentResolver: resolveIntent: multiple matches, only some with CATEGORY_DEFAULT

01-01 23:29:49.678  1487  3822 W IntentResolver: resolveIntent: multiple matches, only some with CATEGORY_DEFAULT

01-01 23:29:49.684  1487  3097 I ActivityManager: retrieveServiceLocked, callerApp: ProcessRecord{1875d71 0:system/1000}, flags: 400

01-01 23:29:49.685  1487  3415 I ActivityManager: retrieveServiceLocked, callerApp: ProcessRecord{5a9e864 19042:com.ss.android.article.news/u0a364}, flags: 400

01-01 23:29:49.685  1487  3415 W ActivityManager: Unable to start service Intent { act=android.intent.action.PACKAGE_REMOVED dat=package:io.appium.settings flg=0x4000010 cmp=com.ss.android.article.news/.TaobaoIntentService (has extras) } U=0: not found

01-01 23:29:49.686  1487  3097 I ActivityManager: retrieveServiceLocked, callerApp: ProcessRecord{1875d71 0:system/1000}, flags: 400

01-01 23:29:49.687  1487  3189 I ActivityManager: collectReceiverComponents for intent: Intent { act=com.huawei.appmarket.service.downloadservice.Receiver flg=0x10 }, receivers: null

01-01 23:29:49.693  1487  1504 W IntentResolver: resolveIntent: multiple matches, only some with CATEGORY_DEFAULT

01-01 23:29:49.698  1487  1525 W InputMethodManagerService: buildInputMethodListLocked: Skipping IME com.huawei.secime

01-01 23:29:49.708  1487  3822 I ActivityManager: Killing 22836:com.android.browser/u0a30 (adj 15): empty #16

01-01 23:29:49.718  1487  1487 I SmartHeartBeat: listenAppUpdate, package: io.appium.settings has been Updated

01-01 23:29:49.761  1487  3948 I ActivityManager: collectReceiverComponents for intent: Intent { act=com.huawei.appmarket.service.downloadservice.Receiver flg=0x10 }, receivers: null

01-01 23:29:49.764  1487  1525 I HwInputMethodManagerService: isSecureIMEExist = true

01-01 23:29:49.769  1487  3189 D ActivityManager: cleanUpApplicationRecord -- 22836

01-01 23:29:49.770  1487  3189 I ActivityManager: cleanUpApplicationRecordLocked, reset pid: 22836, euid: 0

01-01 23:29:49.770  1487  1525 W InputMethodManagerService: buildInputMethodListLocked: Skipping IME com.baidu.input_huawei

01-01 23:29:49.770  1487  1525 W InputMethodManagerService: buildInputMethodListLocked: Skipping IME com.baidu.input

01-01 23:29:49.773  1487  1525 W InputMethodManagerService: buildInputMethodListLocked: Skipping IME com.android.inputmethod.latin

01-01 23:29:49.774  1487  1525 W InputMethodManagerService: buildInputMethodListLocked: Skipping IME com.nuance.swype.emui

01-01 23:29:49.774  1487  1525 W InputMethodManagerService: Default IME is uninstalled. Choose new default IME.

01-01 23:29:49.782  1487  3048 W IntentResolver: resolveIntent: multiple matches, only some with CATEGORY_DEFAULT

01-01 23:29:49.785  1487  3942 W IntentResolver: resolveIntent: multiple matches, only some with CATEGORY_DEFAULT

01-01 23:29:49.788  1487  3415 W IntentResolver: resolveIntent: multiple matches, only some with CATEGORY_DEFAULT

01-01 23:29:49.791  1487  3198 W IntentResolver: resolveIntent: multiple matches, only some with CATEGORY_DEFAULT

01-01 23:29:49.796  1487  1487 D NetdConnector: SND -> {311 network permission user set NETWORK 10433}

01-01 23:29:49.797  1487  3076 D NetdConnector: RCV <- {200 311 success}

01-01 23:29:49.797  1487  3076 D NetdConnector: RCV <- {200 311 success}

01-01 23:29:49.855  1487  1525 I ActivityManager: collectReceiverComponents for intent: Intent { act=android.search.action.SEARCHABLES_CHANGED flg=0x24000010 }, receivers: null

01-01 23:29:49.855  1487  1525 W VoiceInteractionManagerService: no available voice recognition services found for user 0

01-01 23:29:49.916  1487  1487 I ActivityManager: new Process app=ProcessRecord{bb7f635 0:com.android.documentsui/u0a43}, name: com.android.documentsui, euid: 0

01-01 23:29:49.929  1487  1487 I ActivityManager: Start proc 23678:com.android.documentsui/u0a43 for broadcast com.android.documentsui/.PackageReceiver

01-01 23:29:49.953 23678 23678 D ActivityThread: ActivityThread,attachApplication

01-01 23:29:49.954  1487  3958 D ActivityManager: ActivityManagerService,attachApplication,callingPid = 23678

01-01 23:29:50.097  1487  3189 I ActivityManager: new Process app=ProcessRecord{94c940f 0:com.android.externalstorage/u0a5}, name: com.android.externalstorage, euid: 0

01-01 23:29:50.112  1487  3189 I ActivityManager: Start proc 23694:com.android.externalstorage/u0a5 for content provider com.android.externalstorage/.ExternalStorageProvider

01-01 23:29:50.113  1487  3189 V ActivityManager_MU: Waiting to start provider ContentProviderRecord{d51cc9c u0 euid:0 com.android.externalstorage/.ExternalStorageProvider} launchingApp=ProcessRecord{94c940f 23694:com.android.externalstorage/u0a5} caller pid= 23678

01-01 23:29:50.115  1487  3491 I ActivityManager: Killing 23003:com.huawei.android.totemweather/u0a27 (adj 15): empty #16

01-01 23:29:50.145 23694 23694 D ActivityThread: ActivityThread,attachApplication

01-01 23:29:50.145  1487  3048 D ActivityManager: ActivityManagerService,attachApplication,callingPid = 23694

01-01 23:29:50.149  1487  3048 I ActivityManager: Killing 23046:com.huawei.intelligent/u0a15 (adj 15): empty #16

01-01 23:29:50.150  1487  3941 D ActivityManager: cleanUpApplicationRecord -- 23003

01-01 23:29:50.151  1487  3941 I ActivityManager: cleanUpApplicationRecordLocked, reset pid: 23003, euid: 0

01-01 23:29:50.208  1487  3189 V ActivityManager: Successfully start provider ContentProviderRecord{d51cc9c u0 euid:0 com.android.externalstorage/.ExternalStorageProvider} launchingApp=ProcessRecord{94c940f 23694:com.android.externalstorage/u0a5} caller pid= 23678

01-01 23:29:50.292  1487  3955 I ActivityManager: collectReceiverComponents for intent: Intent { act=com.huawei.appmarket.service.downloadservice.Receiver flg=0x10 }, receivers: null

01-01 23:29:50.294  1487  3048 D ActivityManager: cleanUpApplicationRecord -- 23046

01-01 23:29:50.294  1487  3048 I ActivityManager: cleanUpApplicationRecordLocked, reset pid: 23046, euid: 0

01-01 23:29:50.333  1487  3958 I ActivityManager: retrieveServiceLocked, callerApp: ProcessRecord{bed599a 23440:com.android.gallery3d/u0a16}, flags: 400

01-01 23:29:50.334  1487  3958 I ActivityManager: bindServiceLocked, r: ServiceRecord{236da7a u0 euid: 0 com.android.gallery3d/com.huawei.gallery.photoshare.receiver.GalleryPackageMonitor$AsyncService}, euid: 0

01-01 23:29:50.341  1487  3412 I ActivityManager: retrieveServiceLocked, callerApp: ProcessRecord{fa89d9f 23464:com.android.musicfx/u0a21}, flags: 400

01-01 23:29:50.342  1487  3412 I ActivityManager: bindServiceLocked, r: ServiceRecord{c48622b u0 euid: 0 com.android.musicfx/.Compatibility$Service}, euid: 0

01-01 23:29:50.348  1487  1505 I ActivityManager: retrieveServiceLocked, callerApp: ProcessRecord{42d83d6 3299:com.huawei.systemmanager:service/1000}, flags: 400

01-01 23:29:50.348  1487  1505 I ActivityManager: bindServiceLocked, r: ServiceRecord{fd1688 u0 euid: 0 com.huawei.systemmanager/.util.content.HsmIntentService_bg}, euid: 0

01-01 23:29:50.380  1487  3198 I ActivityManager: retrieveServiceLocked, callerApp: ProcessRecord{9483330 23396:com.huawei.appmarket/u0a11}, flags: 400

01-01 23:29:50.381  1487  3198 I ActivityManager: bindServiceLocked, r: ServiceRecord{dd03821 u0 euid: 0 com.huawei.appmarket/.service.deamon.download.DownloadService}, euid: 0

01-01 23:29:50.383  1487  3491 V HwNotificationManagerService: Notification db cfg changed

01-01 23:29:50.384  1487 23724 V HwNotificationManagerService: HwCfgLoadingRunnable: Starts 

01-01 23:29:50.404  1487 23724 V HwNotificationManagerService: HwCfgLoadingRunnable: get cfg size:69

01-01 23:29:50.405  1487 23724 V HwNotificationManagerService: HwCfgLoadingRunnable: Ends. 

01-01 23:29:50.411 23487 23487 W ContextImpl: Calling a method in the system process without a qualified user: android.app.ContextImpl.startService:1381 android.content.ContextWrapper.startService:581 android.content.ContextWrapper.startService:581 com.huawei.systemmanager.antivirus.utils.AntiVirusTools.checkVirusForNewInstalledApk:568 com.huawei.systemmanager.antivirus.AntiVirusReceiver.onReceive:35 

01-01 23:29:50.414  1487  3822 I ActivityManager: retrieveServiceLocked, callerApp: ProcessRecord{a8374bb 23487:com.huawei.systemmanager/1000}, flags: 400

01-01 23:29:50.454  1487  3822 I ActivityManager: collectReceiverComponents for intent: Intent { act=com.huawei.systemmanager.action.found_virusscan_app flg=0x10 pkg=com.huawei.systemmanager (has extras) }, receivers: null

01-01 23:29:50.465  1487  3822 I ActivityManager: new Process app=ProcessRecord{414eba3 0:com.android.shell/2000}, name: com.android.shell, euid: 0

01-01 23:29:50.489  1487  3822 I ActivityManager: Start proc 23731:com.android.shell/2000 for content provider com.android.shell/.BugreportStorageProvider

01-01 23:29:50.490  1487  3822 V ActivityManager_MU: Waiting to start provider ContentProviderRecord{fc62ea0 u0 euid:0 com.android.shell/.BugreportStorageProvider} launchingApp=ProcessRecord{414eba3 23731:com.android.shell/2000} caller pid= 23678

01-01 23:29:50.498  1487  3958 I ActivityManager: collectReceiverComponents for intent: Intent { act=PACKAGE_ADDED_OR_REMOVED flg=0x10 pkg=com.huawei.systemmanager (has extras) }, receivers: null

01-01 23:29:50.511 23487 23567 W ContextImpl: Calling a method in the system process without a qualified user: android.app.ContextImpl.startService:1381 android.content.ContextWrapper.startService:581 com.huawei.systemmanager.spacecleanner.receiver.SpaceCleanReceiver.checkRarelyUsedApp:129 com.huawei.systemmanager.spacecleanner.receiver.SpaceCleanReceiver.doInBackground:57 java.lang.reflect.Method.invoke:-2 

01-01 23:29:50.511 19581 19581 W ContextImpl: Calling a method in the system process without a qualified user: android.app.ContextImpl.startService:1381 android.content.ContextWrapper.startService:581 android.content.ContextWrapper.startService:581 com.android.settings.applications.BlackListReceiver.onReceive:35 android.app.ActivityThread.handleReceiver:2788 

01-01 23:29:50.512 23487 23569 W ContextImpl: Calling a method in the system process without a qualified user: android.app.ContextImpl.startService:1381 android.content.ContextWrapper.startService:581 com.huawei.systemmanager.rainbow.client.background.broadcast.SecurityBroadcastReceiver.doInBackground:130 java.lang.reflect.Method.invoke:-2 com.huawei.systemmanager.util.content.HsmIntentService$Work.reflectTargetReceiver:231 

01-01 23:29:50.513  1487  3198 I ActivityManager: retrieveServiceLocked, callerApp: ProcessRecord{a8374bb 23487:com.huawei.systemmanager/1000}, flags: 400

01-01 23:29:50.513  1487  3198 I ActivityManager: bindServiceLocked, r: ServiceRecord{c809eff u0 euid: 0 com.huawei.systemmanager/.rainbow.client.background.service.RainbowCommonService}, euid: 0

01-01 23:29:50.524  1487  3955 I ActivityManager: retrieveServiceLocked, callerApp: ProcessRecord{4c09b67 19581:com.android.settings/1000}, flags: 400

01-01 23:29:50.524  1487  3955 I ActivityManager: bindServiceLocked, r: ServiceRecord{b6f94cc u0 euid: 0 com.android.settings/.applications.BlackListService}, euid: 0

01-01 23:29:50.527 23731 23731 D ActivityThread: ActivityThread,attachApplication

01-01 23:29:50.527  1487  3198 D ActivityManager: ActivityManagerService,attachApplication,callingPid = 23731

01-01 23:29:50.543  1487  1504 I ActivityManager: Killing 23099:com.android.providers.calendar/u0a36 (adj 15): empty #16

01-01 23:29:50.573  1487  3198 D WifiService: getWifiServiceMessenger, pid:23396, uid:10011

01-01 23:29:50.581  1487  3941 I ActivityManager: collectReceiverComponents for intent: Intent { act=huawei.intent.action.HW_STOPPED_PACKAGE_ACTION flg=0x10 (has extras) }, receivers: null

01-01 23:29:50.615  1487  3491 I HwMtmBroadcastResourceManager: removeReceiver mtm Broadcast

01-01 23:29:50.618  1487  3822 V ActivityManager: Successfully start provider ContentProviderRecord{fc62ea0 u0 euid:0 com.android.shell/.BugreportStorageProvider} launchingApp=ProcessRecord{414eba3 23731:com.android.shell/2000} caller pid= 23678

01-01 23:29:50.620 23487 23747 W ActivityThread: ClassLoader.loadClass: The class loader returned by Thread.getContextClassLoader() may fail for processes that host multiple applications. You should explicitly specify a context class loader. For example: Thread.setContextClassLoader(getClass().getClassLoader());

01-01 23:29:50.652  1487  3955 I ActivityManager: new Process app=ProcessRecord{53ad62a 0:com.svox.pico/u0a70}, name: com.svox.pico, euid: 0

01-01 23:29:50.676  1487  3955 I ActivityManager: Start proc 23760:com.svox.pico/u0a70 for broadcast com.svox.pico/.VoiceDataInstallerReceiver

01-01 23:29:50.681  1487  3958 D ActivityManager: cleanUpApplicationRecord -- 23099

01-01 23:29:50.682  1487  3958 I ActivityManager: cleanUpApplicationRecordLocked, reset pid: 23099, euid: 0

01-01 23:29:50.701 23760 23760 D ActivityThread: ActivityThread,attachApplication

01-01 23:29:50.720  1487  3937 D ActivityManager: ActivityManagerService,attachApplication,callingPid = 23760

01-01 23:29:50.819  1487  3412 I ActivityManager: new Process app=ProcessRecord{86731b8 0:com.android.browser/u0a30}, name: com.android.browser, euid: 0

01-01 23:29:50.847  1487  3412 I ActivityManager: Start proc 23780:com.android.browser/u0a30 for broadcast com.android.browser/com.uc.base.system.receivers.SysReceiver

01-01 23:29:50.850  1487  3412 I ActivityManager: Killing 23080:com.android.calendar/u0a7 (adj 15): empty #16

01-01 23:29:50.881  1487  3941 I ActivityManager: collectReceiverComponents for intent: Intent { act=PACKAGE_ADDED_OR_REMOVED flg=0x10 pkg=com.huawei.systemmanager (has extras) }, receivers: null

01-01 23:29:50.891 23780 23780 D ActivityThread: ActivityThread,attachApplication

01-01 23:29:50.892  1487  3198 D ActivityManager: ActivityManagerService,attachApplication,callingPid = 23780

01-01 23:29:50.899  1487  3942 D ActivityManager: cleanUpApplicationRecord -- 23080

01-01 23:29:50.899  1487  3942 I ActivityManager: cleanUpApplicationRecordLocked, reset pid: 23080, euid: 0

01-01 23:29:51.006  1487  3001 D HwBatteryService: onUEvent fcp_values = 0

01-01 23:29:51.107  1487  3412 I ProcessStatsService: Added stats: 2018-01-02-02-45-50, over +31s367ms

01-01 23:29:51.113  1487  1504 I ActivityManager: Killing 23014:com.huawei.motionservice/u0a10 (adj 15): empty #16

01-01 23:29:51.113  1487  3412 I ProcessStatsService: Added stats: 2018-01-01-17-23-57, over +7h2m56s572ms

01-01 23:29:51.118  1487  3412 I ProcessStatsService: Added stats: 2018-01-01-11-38-28, over +5h45m28s570ms

01-01 23:29:51.124  1487  3412 I ProcessStatsService: Added stats: 2017-12-31-14-00-00, over +21h38m28s673ms

01-01 23:29:51.174  1487  1505 I HwActivityManagerService: PackageName for pid 23780 is com.android.browser

01-01 23:29:51.266  1487  3941 I ActivityManager: Killing 23649:com.android.keychain/1000 (adj 15): empty #16

01-01 23:29:51.290  1487  3942 D ActivityManager: cleanUpApplicationRecord -- 23014

01-01 23:29:51.290  1487  3942 I ActivityManager: cleanUpApplicationRecordLocked, reset pid: 23014, euid: 0

01-01 23:29:51.371  1487  3189 D ActivityManager: cleanUpApplicationRecord -- 23649

01-01 23:29:51.371  1487  3189 I ActivityManager: cleanUpApplicationRecordLocked, reset pid: 23649, euid: 0

01-01 23:29:51.382  1487  3948 I ActivityManager: collectReceiverComponents for intent: Intent { act=com.huawei.appmarket.service.downloadservice.Receiver flg=0x10 }, receivers: null

01-01 23:29:52.464  1487  3001 D HwBatteryService: onUEvent fcp_values = 0

01-01 23:29:55.715  1487  3198 I HwActivityManagerService: PackageName for pid 18899 is com.ss.android.article.news

01-01 23:29:55.888  1487  3491 I ActivityManager: resolve info: ResolveInfo{708913a io.appium.settings/.Settings m=0x0 euid=0}, euid: 0

01-01 23:29:55.889  1487  3491 I ActivityManager: ActivityRecord info: ActivityInfo{7c1b1eb io.appium.settings.Settings}, euid=0

01-01 23:29:55.897  1487  3491 V HwWindowManagerService: moveTaskToTop mTaskChanged:true

01-01 23:29:55.898  1487  3491 I ActivityManager: create new task record, multiLaunchId: 0, intent = Intent { act=android.intent.action.MAIN cat=[android.intent.category.LAUNCHER] flg=0x10a00000 cmp=io.appium.settings/.Settings }

01-01 23:29:55.898  1487  3491 V HwWindowManagerService: moveTaskToTop mTaskChanged:true

01-01 23:29:55.925  1487  3491 V HwWindowManagerService: moveTaskToTop mTaskChanged:true

01-01 23:29:55.926  1487  3491 V HwWindowManagerService: setFocusedApp update app ops, mTaskChanged set to:false

01-01 23:29:55.928  1487  3039 I HwWindowManagerService: this win:Window{f9d4461 u0 com.huawei.android.FloatTasks} hase children size:0

01-01 23:29:55.928  1487  3198 I ActivityManager: mService.startProcessLocked for activity: ActivityRecord{8708b48 u0 io.appium.settings/.Settings t4823}, appinfo euid: 0

01-01 23:29:55.928  1487  3198 I ActivityManager: new Process app=ProcessRecord{49fcd5 0:io.appium.settings/u0a433}, name: io.appium.settings, euid: 0

01-01 23:29:55.947  1487  3198 I ActivityManager: Start proc 23920:io.appium.settings/u0a433 for activity io.appium.settings/.Settings

01-01 23:29:55.967 23920 23920 D ActivityThread: ActivityThread,attachApplication

01-01 23:29:55.968  1487  3937 D ActivityManager: ActivityManagerService,attachApplication,callingPid = 23920

01-01 23:29:55.979  1487  3937 I ActivityManager: launch r: ActivityRecord{8708b48 u0 io.appium.settings/.Settings t4823}, uid = 10433, r.info.applicationInfo.euid  = 0

01-01 23:29:56.033 23920 23920 V ActivityThread: ActivityThread,callActivityOnCreate

01-01 23:29:56.099 23920 23920 D ActivityThread: add activity client record, r= ActivityRecord{54e50ff token=android.os.BinderProxy@2feb01e {io.appium.settings/io.appium.settings.Settings}} token= android.os.BinderProxy@2feb01e

01-01 23:29:57.099  1487  3822 V HwWindowManagerService: moveTaskToTop mTaskChanged:true

01-01 23:29:57.101  1487  3822 V HwWindowManagerService: setFocusedApp update app ops, mTaskChanged set to:false

01-01 23:29:57.101  1487  3039 I HwWindowManagerService: this win:Window{f9d4461 u0 com.huawei.android.FloatTasks} hase children size:0

01-01 23:29:57.139  1487  3198 V WindowManager: Skipping AppWindowToken{ea713f4 token=Token{15e8706 ActivityRecord{8708b48 u0 io.appium.settings/.Settings t4823}}} -- going to hide

01-01 23:29:57.155  1487  3822 V WindowManager: Skipping AppWindowToken{ea713f4 token=Token{15e8706 ActivityRecord{8708b48 u0 io.appium.settings/.Settings t4823}}} -- going to hide

01-01 23:29:57.172  1487  3415 V WindowManager: Skipping AppWindowToken{ea713f4 token=Token{15e8706 ActivityRecord{8708b48 u0 io.appium.settings/.Settings t4823}}} -- going to hide

01-01 23:29:57.190  1487  1504 D HwInputMethodManagerService: windowGainedFocus  isPasswordType(attribute) = true

01-01 23:29:57.191  1487  1504 W InputMethodManagerService: Window already focused, ignoring focus gain of: com.android.internal.view.IInputMethodClient$Stub$Proxy@e1276f9 attribute=android.view.inputmethod.EditorInfo@bb2b63e, token = android.os.BinderProxy@7c46c2

01-01 23:29:57.574  1487  1526 I ActivityManager: Killing 23678:com.android.documentsui/u0a43 (adj 15): empty #16

01-01 23:29:57.576 23920 23920 D ActivityThread: Remove activity client record, r= ActivityRecord{54e50ff token=android.os.BinderProxy@2feb01e {io.appium.settings/io.appium.settings.Settings}} token= android.os.BinderProxy@2feb01e

01-01 23:29:57.665  1487  3942 D ActivityManager: cleanUpApplicationRecord -- 23678

01-01 23:29:57.666  1487  3942 I ActivityManager: cleanUpApplicationRecordLocked, reset pid: 23678, euid: 0

